Archive member included to satisfy reference by file (symbol)

c:/libraries/gcc/11.2 2022.02/bin/../lib/gcc/arm-none-eabi/11.2.1/thumb/v7e-m+fp/hard\libc_nano.a(lib_a-exit.o)
                              c:/libraries/gcc/11.2 2022.02/bin/../lib/gcc/arm-none-eabi/11.2.1/thumb/v7e-m+fp/hard/crt0.o (exit)
c:/libraries/gcc/11.2 2022.02/bin/../lib/gcc/arm-none-eabi/11.2.1/thumb/v7e-m+fp/hard\libc_nano.a(lib_a-impure.o)
                              c:/libraries/gcc/11.2 2022.02/bin/../lib/gcc/arm-none-eabi/11.2.1/thumb/v7e-m+fp/hard\libc_nano.a(lib_a-exit.o) (_global_impure_ptr)
c:/libraries/gcc/11.2 2022.02/bin/../lib/gcc/arm-none-eabi/11.2.1/thumb/v7e-m+fp/hard\libc_nano.a(lib_a-init.o)
                              c:/libraries/gcc/11.2 2022.02/bin/../lib/gcc/arm-none-eabi/11.2.1/thumb/v7e-m+fp/hard/crt0.o (__libc_init_array)
c:/libraries/gcc/11.2 2022.02/bin/../lib/gcc/arm-none-eabi/11.2.1/thumb/v7e-m+fp/hard\libc_nano.a(lib_a-memcpy-stub.o)
                              build/ssd1306.o (memcpy)
c:/libraries/gcc/11.2 2022.02/bin/../lib/gcc/arm-none-eabi/11.2.1/thumb/v7e-m+fp/hard\libc_nano.a(lib_a-memset.o)
                              c:/libraries/gcc/11.2 2022.02/bin/../lib/gcc/arm-none-eabi/11.2.1/thumb/v7e-m+fp/hard/crt0.o (memset)
c:/libraries/gcc/11.2 2022.02/bin/../lib/gcc/arm-none-eabi/11.2.1/thumb/v7e-m+fp/hard\libc_nano.a(lib_a-sprintf.o)
                              build/main.o (sprintf)
c:/libraries/gcc/11.2 2022.02/bin/../lib/gcc/arm-none-eabi/11.2.1/thumb/v7e-m+fp/hard\libc_nano.a(lib_a-strstr.o)
                              build/koth_game.o (strstr)
c:/libraries/gcc/11.2 2022.02/bin/../lib/gcc/arm-none-eabi/11.2.1/thumb/v7e-m+fp/hard\libc_nano.a(lib_a-strtol.o)
                              build/koth_game.o (strtol)
c:/libraries/gcc/11.2 2022.02/bin/../lib/gcc/arm-none-eabi/11.2.1/thumb/v7e-m+fp/hard\libc_nano.a(lib_a-ctype_.o)
                              c:/libraries/gcc/11.2 2022.02/bin/../lib/gcc/arm-none-eabi/11.2.1/thumb/v7e-m+fp/hard\libc_nano.a(lib_a-strtol.o) (_ctype_)
c:/libraries/gcc/11.2 2022.02/bin/../lib/gcc/arm-none-eabi/11.2.1/thumb/v7e-m+fp/hard\libc_nano.a(lib_a-errno.o)
                              c:/libraries/gcc/11.2 2022.02/bin/../lib/gcc/arm-none-eabi/11.2.1/thumb/v7e-m+fp/hard\libc_nano.a(lib_a-strtol.o) (__errno)
c:/libraries/gcc/11.2 2022.02/bin/../lib/gcc/arm-none-eabi/11.2.1/thumb/v7e-m+fp/hard\libc_nano.a(lib_a-nano-svfprintf.o)
                              c:/libraries/gcc/11.2 2022.02/bin/../lib/gcc/arm-none-eabi/11.2.1/thumb/v7e-m+fp/hard\libc_nano.a(lib_a-sprintf.o) (_svfprintf_r)
c:/libraries/gcc/11.2 2022.02/bin/../lib/gcc/arm-none-eabi/11.2.1/thumb/v7e-m+fp/hard\libc_nano.a(lib_a-nano-vfprintf_i.o)
                              c:/libraries/gcc/11.2 2022.02/bin/../lib/gcc/arm-none-eabi/11.2.1/thumb/v7e-m+fp/hard\libc_nano.a(lib_a-nano-svfprintf.o) (_printf_i)
c:/libraries/gcc/11.2 2022.02/bin/../lib/gcc/arm-none-eabi/11.2.1/thumb/v7e-m+fp/hard\libc_nano.a(lib_a-memchr.o)
                              c:/libraries/gcc/11.2 2022.02/bin/../lib/gcc/arm-none-eabi/11.2.1/thumb/v7e-m+fp/hard\libc_nano.a(lib_a-nano-svfprintf.o) (memchr)
c:/libraries/gcc/11.2 2022.02/bin/../lib/gcc/arm-none-eabi/11.2.1/thumb/v7e-m+fp/hard\libc_nano.a(lib_a-memmove.o)
                              c:/libraries/gcc/11.2 2022.02/bin/../lib/gcc/arm-none-eabi/11.2.1/thumb/v7e-m+fp/hard\libc_nano.a(lib_a-nano-svfprintf.o) (memmove)
c:/libraries/gcc/11.2 2022.02/bin/../lib/gcc/arm-none-eabi/11.2.1/thumb/v7e-m+fp/hard\libc_nano.a(lib_a-nano-freer.o)
                              c:/libraries/gcc/11.2 2022.02/bin/../lib/gcc/arm-none-eabi/11.2.1/thumb/v7e-m+fp/hard\libc_nano.a(lib_a-nano-svfprintf.o) (_free_r)
c:/libraries/gcc/11.2 2022.02/bin/../lib/gcc/arm-none-eabi/11.2.1/thumb/v7e-m+fp/hard\libc_nano.a(lib_a-nano-mallocr.o)
                              c:/libraries/gcc/11.2 2022.02/bin/../lib/gcc/arm-none-eabi/11.2.1/thumb/v7e-m+fp/hard\libc_nano.a(lib_a-nano-svfprintf.o) (_malloc_r)
c:/libraries/gcc/11.2 2022.02/bin/../lib/gcc/arm-none-eabi/11.2.1/thumb/v7e-m+fp/hard\libc_nano.a(lib_a-nano-reallocr.o)
                              c:/libraries/gcc/11.2 2022.02/bin/../lib/gcc/arm-none-eabi/11.2.1/thumb/v7e-m+fp/hard\libc_nano.a(lib_a-nano-svfprintf.o) (_realloc_r)
c:/libraries/gcc/11.2 2022.02/bin/../lib/gcc/arm-none-eabi/11.2.1/thumb/v7e-m+fp/hard\libc_nano.a(lib_a-sbrkr.o)
                              c:/libraries/gcc/11.2 2022.02/bin/../lib/gcc/arm-none-eabi/11.2.1/thumb/v7e-m+fp/hard\libc_nano.a(lib_a-nano-mallocr.o) (_sbrk_r)
c:/libraries/gcc/11.2 2022.02/bin/../lib/gcc/arm-none-eabi/11.2.1/thumb/v7e-m+fp/hard\libc_nano.a(lib_a-mlock.o)
                              c:/libraries/gcc/11.2 2022.02/bin/../lib/gcc/arm-none-eabi/11.2.1/thumb/v7e-m+fp/hard\libc_nano.a(lib_a-nano-freer.o) (__malloc_lock)
c:/libraries/gcc/11.2 2022.02/bin/../lib/gcc/arm-none-eabi/11.2.1/thumb/v7e-m+fp/hard\libc_nano.a(lib_a-nano-msizer.o)
[...]
Memory Configuration

Name             Origin             Length             Attributes
RAM              0x20000000         0x00010000         xrw
FLASH            0x08000000         0x00040000         xr
*default*        0x00000000         0xffffffff

Linker script and memory map

LOAD c:/libraries/gcc/11.2 2022.02/bin/../lib/gcc/arm-none-eabi/11.2.1/thumb/v7e-m+fp/hard/crti.o
LOAD c:/libraries/gcc/11.2 2022.02/bin/../lib/gcc/arm-none-eabi/11.2.1/thumb/v7e-m+fp/hard/crtbegin.o
LOAD c:/libraries/gcc/11.2 2022.02/bin/../lib/gcc/arm-none-eabi/11.2.1/thumb/v7e-m+fp/hard/crt0.o
LOAD build/main.o
LOAD build/globals.o
LOAD build/ssd1306.o
LOAD build/ssd1306_fonts.o
LOAD build/i2c-lcd.o
LOAD build/lora.o
LOAD build/koth_game.o
LOAD build/freertos.o
LOAD build/stm32f4xx_it.o
LOAD build/stm32f4xx_hal_msp.o
LOAD build/stm32f4xx_hal_timebase_tim.o
LOAD build/stm32f4xx_hal_rcc.o
LOAD build/stm32f4xx_hal_rcc_ex.o
LOAD build/stm32f4xx_hal_flash.o
LOAD build/stm32f4xx_hal_flash_ex.o
LOAD build/stm32f4xx_hal_flash_ramfunc.o
LOAD build/stm32f4xx_hal_gpio.o
LOAD build/stm32f4xx_hal_dma_ex.o
LOAD build/stm32f4xx_hal_dma.o
LOAD build/stm32f4xx_hal_pwr.o
LOAD build/stm32f4xx_hal_pwr_ex.o
LOAD build/stm32f4xx_hal_cortex.o
LOAD build/stm32f4xx_hal.o
LOAD build/stm32f4xx_hal_exti.o
LOAD build/stm32f4xx_hal_i2c.o
LOAD build/stm32f4xx_hal_i2c_ex.o
LOAD build/stm32f4xx_hal_spi.o
LOAD build/stm32f4xx_hal_tim.o
LOAD build/stm32f4xx_hal_tim_ex.o
LOAD build/system_stm32f4xx.o
LOAD build/croutine.o
LOAD build/event_groups.o
LOAD build/list.o
LOAD build/queue.o
LOAD build/stream_buffer.o
LOAD build/tasks.o
LOAD build/timers.o
LOAD build/cmsis_os.o
LOAD build/heap_4.o
LOAD build/port.o
LOAD build/startup_stm32f401xc.o
LOAD c:/libraries/gcc/11.2 2022.02/bin/../lib/gcc/arm-none-eabi/11.2.1/thumb/v7e-m+fp/hard\libc_nano.a
LOAD c:/libraries/gcc/11.2 2022.02/bin/../lib/gcc/arm-none-eabi/11.2.1/thumb/v7e-m+fp/hard\libm.a
LOAD c:/libraries/gcc/11.2 2022.02/bin/../lib/gcc/arm-none-eabi/11.2.1/thumb/v7e-m+fp/hard\libnosys.a
START GROUP
LOAD c:/libraries/gcc/11.2 2022.02/bin/../lib/gcc/arm-none-eabi/11.2.1/thumb/v7e-m+fp/hard\libgcc.a
LOAD c:/libraries/gcc/11.2 2022.02/bin/../lib/gcc/arm-none-eabi/11.2.1/thumb/v7e-m+fp/hard\libc_nano.a
END GROUP
START GROUP
LOAD c:/libraries/gcc/11.2 2022.02/bin/../lib/gcc/arm-none-eabi/11.2.1/thumb/v7e-m+fp/hard\libgcc.a
LOAD c:/libraries/gcc/11.2 2022.02/bin/../lib/gcc/arm-none-eabi/11.2.1/thumb/v7e-m+fp/hard\libc_nano.a
END GROUP
LOAD c:/libraries/gcc/11.2 2022.02/bin/../lib/gcc/arm-none-eabi/11.2.1/thumb/v7e-m+fp/hard/crtend.o
LOAD c:/libraries/gcc/11.2 2022.02/bin/../lib/gcc/arm-none-eabi/11.2.1/thumb/v7e-m+fp/hard/crtn.o
                0x20010000                _estack = (ORIGIN (RAM) + LENGTH (RAM))
                0x00000200                _Min_Heap_Size = 0x200
                0x00000400                _Min_Stack_Size = 0x400

.isr_vector     0x08000000      0x194
                0x08000000                . = ALIGN (0x4)
 *(.isr_vector)
 .isr_vector    0x08000000      0x194 build/startup_stm32f401xc.o
                0x08000000                g_pfnVectors
                0x08000194                . = ALIGN (0x4)

.text           0x080001a0     0x7428
                0x080001a0                . = ALIGN (0x4)
 *(.text)
 .text          0x080001a0       0xa0 c:/libraries/gcc/11.2 2022.02/bin/../lib/gcc/arm-none-eabi/11.2.1/thumb/v7e-m+fp/hard\libc_nano.a(lib_a-memchr.o)
                0x080001a0                memchr
 .text          0x08000240       0x30 c:/libraries/gcc/11.2 2022.02/bin/../lib/gcc/arm-none-eabi/11.2.1/thumb/v7e-m+fp/hard\libgcc.a(_aeabi_uldivmod.o)
                0x08000240                __aeabi_uldivmod
 .text          0x08000270        0x4 c:/libraries/gcc/11.2 2022.02/bin/../lib/gcc/arm-none-eabi/11.2.1/thumb/v7e-m+fp/hard\libgcc.a(_dvmd_tls.o)
                0x08000270                __aeabi_idiv0
                0x08000270                __aeabi_ldiv0
 *(.text*)
 .text.deregister_tm_clones
                0x08000274       0x1c c:/libraries/gcc/11.2 2022.02/bin/../lib/gcc/arm-none-eabi/11.2.1/thumb/v7e-m+fp/hard/crtbegin.o
 .text.register_tm_clones
                0x08000290       0x24 c:/libraries/gcc/11.2 2022.02/bin/../lib/gcc/arm-none-eabi/11.2.1/thumb/v7e-m+fp/hard/crtbegin.o
 .text.__do_global_dtors_aux
                0x080002b4       0x28 c:/libraries/gcc/11.2 2022.02/bin/../lib/gcc/arm-none-eabi/11.2.1/thumb/v7e-m+fp/hard/crtbegin.o
 .text.frame_dummy
                0x080002dc       0x24 c:/libraries/gcc/11.2 2022.02/bin/../lib/gcc/arm-none-eabi/11.2.1/thumb/v7e-m+fp/hard/crtbegin.o
 .text.debounceCallback
                0x08000300        0xc build/main.o
                0x08000300                debounceCallback
 .text.blinkTimerCallback
                0x0800030c        0x2 build/main.o
                0x0800030c                blinkTimerCallback
 *fill*         0x0800030e        0x2 
 .text.msTickCallback
                0x08000310       0xcc build/main.o
                0x08000310                msTickCallback
 .text.MX_GPIO_Init
                0x080003dc      0x108 build/main.o
 .text.MX_DMA_Init
                0x080004e4       0x68 build/main.o
 .text.StartDisplayTask
                0x0800054c        0xa build/main.o
                0x0800054c                StartDisplayTask
 *fill*         0x08000556        0x2 
 .text.StartDefaultTask
                0x08000558      0x158 build/main.o
                0x08000558                StartDefaultTask
 .text.StartLoraTask
                0x080006b0      0x100 build/main.o
                0x080006b0                StartLoraTask
 .text.HAL_TIM_PeriodElapsedCallback
                0x080007b0       0x18 build/main.o
                0x080007b0                HAL_TIM_PeriodElapsedCallback
 .text.Error_Handler
                0x080007c8        0x4 build/main.o
                0x080007c8                Error_Handler
 .text.MX_SPI1_Init
                0x080007cc       0x40 build/main.o
 .text.MX_I2C1_Init
                0x0800080c       0x3c build/main.o
 .text.SystemClock_Config
                0x08000848       0xac build/main.o
                0x08000848                SystemClock_Config
 .text.main     0x080008f4       0xdc build/main.o
                0x080008f4                main
 .text.ssd1306_WriteCommand
                0x080009d0       0x2c build/ssd1306.o
                0x080009d0                ssd1306_WriteCommand
 .text.ssd1306_WriteData
                0x080009fc       0x28 build/ssd1306.o
                0x080009fc                ssd1306_WriteData
 .text.ssd1306_Fill
                0x08000a24       0x1c build/ssd1306.o
                0x08000a24                ssd1306_Fill
 .text.ssd1306_UpdateScreen
                0x08000a40       0x38 build/ssd1306.o
                0x08000a40                ssd1306_UpdateScreen
 .text.ssd1306_DrawPixel
                0x08000a78       0x44 build/ssd1306.o
                0x08000a78                ssd1306_DrawPixel
 .text.ssd1306_WriteChar
                0x08000abc       0xb0 build/ssd1306.o
                0x08000abc                ssd1306_WriteChar
 .text.ssd1306_WriteString
                0x08000b6c       0x2e build/ssd1306.o
                0x08000b6c                ssd1306_WriteString
 *fill*         0x08000b9a        0x2 
 .text.ssd1306_SetCursor
                0x08000b9c        0xc build/ssd1306.o
                0x08000b9c                ssd1306_SetCursor
 .text.ssd1306_SetContrast
                0x08000ba8       0x12 build/ssd1306.o
                0x08000ba8                ssd1306_SetContrast
 *fill*         0x08000bba        0x2 
 .text.ssd1306_SetDisplayOn
                0x08000bbc       0x20 build/ssd1306.o
                0x08000bbc                ssd1306_SetDisplayOn
 .text.ssd1306_Init
                0x08000bdc       0xc8 build/ssd1306.o
                0x08000bdc                ssd1306_Init
 .text.lcd_send_cmd
                0x08000ca4       0x48 build/i2c-lcd.o
                0x08000ca4                lcd_send_cmd
 .text.lcd_put_cur
                0x08000cec       0x1c build/i2c-lcd.o
                0x08000cec                lcd_put_cur
 .text.newLoRa  0x08000d08       0x28 build/lora.o
                0x08000d08                newLoRa
 .text.LoRa_readReg
                0x08000d30       0x52 build/lora.o
                0x08000d30                LoRa_readReg
 .text.LoRa_writeReg
                0x08000d82       0x52 build/lora.o
                0x08000d82                LoRa_writeReg
 .text.LoRa_read
                0x08000dd4       0x26 build/lora.o
                0x08000dd4                LoRa_read
 .text.LoRa_write
                0x08000dfa       0x26 build/lora.o
                0x08000dfa                LoRa_write
 .text.LoRa_gotoMode
                0x08000e20       0x90 build/lora.o
                0x08000e20                LoRa_gotoMode
 .text.LoRa_setFrequency
                0x08000eb0       0x3c build/lora.o
                0x08000eb0                LoRa_setFrequency
 .text.LoRa_setSpreadingFactor
                0x08000eec       0x40 build/lora.o
                0x08000eec                LoRa_setSpreadingFactor
 .text.LoRa_setPower
                0x08000f2c       0x12 build/lora.o
                0x08000f2c                LoRa_setPower
 *fill*         0x08000f3e        0x2 
 .text.LoRa_setOCP
                0x08000f40       0x54 build/lora.o
                0x08000f40                LoRa_setOCP
 .text.LoRa_setTOMsb_setCRCon
                0x08000f94       0x20 build/lora.o
                0x08000f94                LoRa_setTOMsb_setCRCon
 .text.LoRa_BurstWrite
                0x08000fb4       0x5c build/lora.o
                0x08000fb4                LoRa_BurstWrite
 .text.LoRa_isvalid
                0x08001010        0x4 build/lora.o
                0x08001010                LoRa_isvalid
 .text.LoRa_transmit
                0x08001014       0x88 build/lora.o
                0x08001014                LoRa_transmit
 .text.LoRa_startReceiving
                0x0800109c        0xa build/lora.o
                0x0800109c                LoRa_startReceiving
 .text.LoRa_receive
                0x080010a6       0x80 build/lora.o
                0x080010a6                LoRa_receive
 .text.LoRa_init
                0x08001126       0xf6 build/lora.o
                0x08001126                LoRa_init
 .text.resetGame
                0x0800121c       0x54 build/koth_game.o
                0x0800121c                resetGame
 .text.decodeKOTHPacket
                0x08001270       0x4c build/koth_game.o
                0x08001270                decodeKOTHPacket
 .text.btnPressed
                0x080012bc       0x74 build/koth_game.o
                0x080012bc                btnPressed
 .text.setOpcode
                0x08001330       0x34 build/koth_game.o
                0x08001330                setOpcode
 .text.doGameState
                0x08001364      0x338 build/koth_game.o
                0x08001364                doGameState
 .text.vApplicationGetIdleTaskMemory
                0x0800169c       0x18 build/freertos.o
                0x0800169c                vApplicationGetIdleTaskMemory
 .text.vApplicationGetTimerTaskMemory
                0x080016b4       0x18 build/freertos.o
                0x080016b4                vApplicationGetTimerTaskMemory
 .text.NMI_Handler
                0x080016cc        0x2 build/stm32f4xx_it.o
                0x080016cc                NMI_Handler
 .text.HardFault_Handler
                0x080016ce        0x2 build/stm32f4xx_it.o
                0x080016ce                HardFault_Handler
 .text.MemManage_Handler
                0x080016d0        0x2 build/stm32f4xx_it.o
                0x080016d0                MemManage_Handler
 .text.BusFault_Handler
                0x080016d2        0x2 build/stm32f4xx_it.o
                0x080016d2                BusFault_Handler
 .text.UsageFault_Handler
                0x080016d4        0x2 build/stm32f4xx_it.o
                0x080016d4                UsageFault_Handler
 .text.DebugMon_Handler
                0x080016d6        0x2 build/stm32f4xx_it.o
                0x080016d6                DebugMon_Handler
 .text.EXTI0_IRQHandler
                0x080016d8        0xa build/stm32f4xx_it.o
                0x080016d8                EXTI0_IRQHandler
 *fill*         0x080016e2        0x2 
 .text.DMA1_Stream6_IRQHandler
                0x080016e4       0x10 build/stm32f4xx_it.o
                0x080016e4                DMA1_Stream6_IRQHandler
 .text.TIM1_UP_TIM10_IRQHandler
                0x080016f4       0x10 build/stm32f4xx_it.o
                0x080016f4                TIM1_UP_TIM10_IRQHandler
 .text.I2C1_EV_IRQHandler
                0x08001704       0x10 build/stm32f4xx_it.o
                0x08001704                I2C1_EV_IRQHandler
 .text.SPI1_IRQHandler
                0x08001714       0x10 build/stm32f4xx_it.o
                0x08001714                SPI1_IRQHandler
 .text.DMA2_Stream0_IRQHandler
                0x08001724       0x10 build/stm32f4xx_it.o
                0x08001724                DMA2_Stream0_IRQHandler
 .text.DMA2_Stream3_IRQHandler
                0x08001734       0x10 build/stm32f4xx_it.o
                0x08001734                DMA2_Stream3_IRQHandler
 .text.HAL_GPIO_EXTI_Callback
                0x08001744       0x30 build/stm32f4xx_it.o
                0x08001744                HAL_GPIO_EXTI_Callback
 .text.HAL_MspInit
                0x08001774       0x44 build/stm32f4xx_hal_msp.o
                0x08001774                HAL_MspInit
 .text.HAL_I2C_MspInit
                0x080017b8       0xbc build/stm32f4xx_hal_msp.o
                0x080017b8                HAL_I2C_MspInit
 .text.HAL_SPI_MspInit
                0x08001874       0xf8 build/stm32f4xx_hal_msp.o
                0x08001874                HAL_SPI_MspInit
 .text.HAL_InitTick
                0x0800196c       0x94 build/stm32f4xx_hal_timebase_tim.o
                0x0800196c                HAL_InitTick
 .text.HAL_RCC_OscConfig
                0x08001a00      0x3f8 build/stm32f4xx_hal_rcc.o
                0x08001a00                HAL_RCC_OscConfig
 .text.HAL_RCC_GetSysClockFreq
                0x08001df8       0xa8 build/stm32f4xx_hal_rcc.o
                0x08001df8                HAL_RCC_GetSysClockFreq
 .text.HAL_RCC_ClockConfig
                0x08001ea0      0x160 build/stm32f4xx_hal_rcc.o
                0x08001ea0                HAL_RCC_ClockConfig
 .text.HAL_RCC_GetHCLKFreq
                0x08002000        0xc build/stm32f4xx_hal_rcc.o
                0x08002000                HAL_RCC_GetHCLKFreq
 .text.HAL_RCC_GetPCLK1Freq
                0x0800200c       0x20 build/stm32f4xx_hal_rcc.o
                0x0800200c                HAL_RCC_GetPCLK1Freq
 .text.HAL_RCC_GetPCLK2Freq
                0x0800202c       0x20 build/stm32f4xx_hal_rcc.o
                0x0800202c                HAL_RCC_GetPCLK2Freq
 .text.HAL_RCC_GetClockConfig
                0x0800204c       0x3c build/stm32f4xx_hal_rcc.o
                0x0800204c                HAL_RCC_GetClockConfig
 .text.HAL_GPIO_Init
                0x08002088      0x1c8 build/stm32f4xx_hal_gpio.o
                0x08002088                HAL_GPIO_Init
 .text.HAL_GPIO_ReadPin
                0x08002250        0xe build/stm32f4xx_hal_gpio.o
                0x08002250                HAL_GPIO_ReadPin
 .text.HAL_GPIO_WritePin
                0x0800225e        0xc build/stm32f4xx_hal_gpio.o
                0x0800225e                HAL_GPIO_WritePin
 *fill*         0x0800226a        0x2 
 .text.HAL_GPIO_EXTI_IRQHandler
                0x0800226c       0x1c build/stm32f4xx_hal_gpio.o
                0x0800226c                HAL_GPIO_EXTI_IRQHandler
 .text.DMA_CalcBaseAndBitshift
                0x08002288       0x44 build/stm32f4xx_hal_dma.o
 .text.DMA_CheckFifoParam
                0x080022cc       0x8e build/stm32f4xx_hal_dma.o
 *fill*         0x0800235a        0x2 
 .text.HAL_DMA_Init
                0x0800235c       0xcc build/stm32f4xx_hal_dma.o
                0x0800235c                HAL_DMA_Init
 .text.HAL_DMA_Abort_IT
                0x08002428       0x26 build/stm32f4xx_hal_dma.o
                0x08002428                HAL_DMA_Abort_IT
 *fill*         0x0800244e        0x2 
 .text.HAL_DMA_IRQHandler
                0x08002450      0x1dc build/stm32f4xx_hal_dma.o
                0x08002450                HAL_DMA_IRQHandler
 .text.HAL_DMA_GetState
                0x0800262c        0x6 build/stm32f4xx_hal_dma.o
                0x0800262c                HAL_DMA_GetState
 *fill*         0x08002632        0x2 
 .text.HAL_NVIC_SetPriorityGrouping
                0x08002634       0x24 build/stm32f4xx_hal_cortex.o
                0x08002634                HAL_NVIC_SetPriorityGrouping
 .text.HAL_NVIC_SetPriority
                0x08002658       0x70 build/stm32f4xx_hal_cortex.o
                0x08002658                HAL_NVIC_SetPriority
 .text.HAL_NVIC_EnableIRQ
                0x080026c8       0x1c build/stm32f4xx_hal_cortex.o
                0x080026c8                HAL_NVIC_EnableIRQ
 .text.HAL_Init
                0x080026e4       0x34 build/stm32f4xx_hal.o
                0x080026e4                HAL_Init
 .text.HAL_IncTick
                0x08002718       0x18 build/stm32f4xx_hal.o
                0x08002718                HAL_IncTick
 .text.HAL_GetTick
                0x08002730        0xc build/stm32f4xx_hal.o
                0x08002730                HAL_GetTick
 .text.HAL_Delay
                0x0800273c       0x28 build/stm32f4xx_hal.o
                0x0800273c                HAL_Delay
 .text.I2C_Master_SB
                0x08002764       0xa8 build/stm32f4xx_hal_i2c.o
 .text.I2C_Master_ADD10
                0x0800280c       0x2a build/stm32f4xx_hal_i2c.o
 *fill*         0x08002836        0x2 
 .text.I2C_Master_ADDR
                0x08002838      0x234 build/stm32f4xx_hal_i2c.o
 .text.I2C_SlaveTransmit_BTF
                0x08002a6c       0x20 build/stm32f4xx_hal_i2c.o
 .text.I2C_SlaveReceive_BTF
                0x08002a8c       0x20 build/stm32f4xx_hal_i2c.o
 .text.I2C_WaitOnSTOPRequestThroughIT
                0x08002aac       0x48 build/stm32f4xx_hal_i2c.o
 .text.I2C_IsAcknowledgeFailed
                0x08002af4       0x32 build/stm32f4xx_hal_i2c.o
 .text.I2C_ConvertOtherXferOptions
                0x08002b26       0x1e build/stm32f4xx_hal_i2c.o
 .text.I2C_WaitOnFlagUntilTimeout
                0x08002b44       0x7c build/stm32f4xx_hal_i2c.o
 .text.I2C_WaitOnMasterAddressFlagUntilTimeout
                0x08002bc0       0xaa build/stm32f4xx_hal_i2c.o
 *fill*         0x08002c6a        0x2 
 .text.I2C_MasterRequestWrite
                0x08002c6c       0xb4 build/stm32f4xx_hal_i2c.o
 .text.I2C_WaitOnTXEFlagUntilTimeout
                0x08002d20       0x54 build/stm32f4xx_hal_i2c.o
 .text.I2C_RequestMemoryWrite
                0x08002d74       0xd8 build/stm32f4xx_hal_i2c.o
 .text.I2C_WaitOnBTFFlagUntilTimeout
                0x08002e4c       0x54 build/stm32f4xx_hal_i2c.o
 .text.HAL_I2C_Init
                0x08002ea0      0x1bc build/stm32f4xx_hal_i2c.o
                0x08002ea0                HAL_I2C_Init
 .text.HAL_I2C_Master_Transmit
                0x0800305c      0x178 build/stm32f4xx_hal_i2c.o
                0x0800305c                HAL_I2C_Master_Transmit
 .text.HAL_I2C_Mem_Write
                0x080031d4      0x164 build/stm32f4xx_hal_i2c.o
                0x080031d4                HAL_I2C_Mem_Write
 .text.HAL_I2C_MasterTxCpltCallback
                0x08003338        0x2 build/stm32f4xx_hal_i2c.o
                0x08003338                HAL_I2C_MasterTxCpltCallback
 .text.HAL_I2C_MasterRxCpltCallback
                0x0800333a        0x2 build/stm32f4xx_hal_i2c.o
                0x0800333a                HAL_I2C_MasterRxCpltCallback
 .text.HAL_I2C_SlaveTxCpltCallback
                0x0800333c        0x2 build/stm32f4xx_hal_i2c.o
                0x0800333c                HAL_I2C_SlaveTxCpltCallback
 .text.I2C_SlaveTransmit_TXE
                0x0800333e       0x4c build/stm32f4xx_hal_i2c.o
 .text.HAL_I2C_SlaveRxCpltCallback
                0x0800338a        0x2 build/stm32f4xx_hal_i2c.o
                0x0800338a                HAL_I2C_SlaveRxCpltCallback
 .text.I2C_SlaveReceive_RXNE
                0x0800338c       0x4c build/stm32f4xx_hal_i2c.o
 .text.HAL_I2C_AddrCallback
                0x080033d8        0x2 build/stm32f4xx_hal_i2c.o
                0x080033d8                HAL_I2C_AddrCallback
 .text.I2C_Slave_ADDR
                0x080033da       0x5a build/stm32f4xx_hal_i2c.o
 .text.HAL_I2C_ListenCpltCallback
                0x08003434        0x2 build/stm32f4xx_hal_i2c.o
                0x08003434                HAL_I2C_ListenCpltCallback
 .text.HAL_I2C_MemTxCpltCallback
                0x08003436        0x2 build/stm32f4xx_hal_i2c.o
                0x08003436                HAL_I2C_MemTxCpltCallback
 .text.I2C_MasterTransmit_BTF
                0x08003438       0x9e build/stm32f4xx_hal_i2c.o
 .text.I2C_MemoryTransmit_TXE_BTF
                0x080034d6       0xbe build/stm32f4xx_hal_i2c.o
 .text.I2C_MasterTransmit_TXE
                0x08003594       0xd0 build/stm32f4xx_hal_i2c.o
 .text.HAL_I2C_MemRxCpltCallback
                0x08003664        0x2 build/stm32f4xx_hal_i2c.o
                0x08003664                HAL_I2C_MemRxCpltCallback
 .text.I2C_MasterReceive_BTF
                0x08003666      0x132 build/stm32f4xx_hal_i2c.o
 .text.HAL_I2C_ErrorCallback
                0x08003798        0x2 build/stm32f4xx_hal_i2c.o
                0x08003798                HAL_I2C_ErrorCallback
 .text.I2C_MasterReceive_RXNE
                0x0800379a       0xf6 build/stm32f4xx_hal_i2c.o
 .text.HAL_I2C_AbortCpltCallback
                0x08003890        0x2 build/stm32f4xx_hal_i2c.o
                0x08003890                HAL_I2C_AbortCpltCallback
 *fill*         0x08003892        0x2 
 .text.I2C_DMAAbort
                0x08003894       0xe4 build/stm32f4xx_hal_i2c.o
 .text.I2C_ITError
                0x08003978      0x178 build/stm32f4xx_hal_i2c.o
 .text.I2C_Slave_STOPF
                0x08003af0      0x18c build/stm32f4xx_hal_i2c.o
 .text.HAL_I2C_EV_IRQHandler
                0x08003c7c      0x1a0 build/stm32f4xx_hal_i2c.o
                0x08003c7c                HAL_I2C_EV_IRQHandler
 .text.SPI_WaitFlagStateUntilTimeout
                0x08003e1c       0xd0 build/stm32f4xx_hal_spi.o
 .text.SPI_EndRxTxTransaction
                0x08003eec       0x68 build/stm32f4xx_hal_spi.o
 .text.SPI_EndRxTransaction
                0x08003f54       0x8c build/stm32f4xx_hal_spi.o
 .text.HAL_SPI_Init
                0x08003fe0       0xbe build/stm32f4xx_hal_spi.o
                0x08003fe0                HAL_SPI_Init
 .text.HAL_SPI_Transmit
                0x0800409e      0x1b8 build/stm32f4xx_hal_spi.o
                0x0800409e                HAL_SPI_Transmit
 .text.HAL_SPI_TransmitReceive
                0x08004256      0x238 build/stm32f4xx_hal_spi.o
                0x08004256                HAL_SPI_TransmitReceive
 .text.HAL_SPI_Receive
                0x0800448e      0x180 build/stm32f4xx_hal_spi.o
                0x0800448e                HAL_SPI_Receive
 .text.HAL_SPI_ErrorCallback
                0x0800460e        0x2 build/stm32f4xx_hal_spi.o
                0x0800460e                HAL_SPI_ErrorCallback
 .text.HAL_SPI_IRQHandler
                0x08004610      0x118 build/stm32f4xx_hal_spi.o
                0x08004610                HAL_SPI_IRQHandler
 .text.SPI_DMAAbortOnError
                0x08004728       0x10 build/stm32f4xx_hal_spi.o
 .text.HAL_SPI_GetState
                0x08004738        0x6 build/stm32f4xx_hal_spi.o
                0x08004738                HAL_SPI_GetState
 .text.HAL_TIM_Base_MspInit
                0x0800473e        0x2 build/stm32f4xx_hal_tim.o
                0x0800473e                HAL_TIM_Base_MspInit
 .text.HAL_TIM_Base_Start_IT
                0x08004740       0x78 build/stm32f4xx_hal_tim.o
                0x08004740                HAL_TIM_Base_Start_IT
 .text.HAL_TIM_OC_DelayElapsedCallback
                0x080047b8        0x2 build/stm32f4xx_hal_tim.o
                0x080047b8                HAL_TIM_OC_DelayElapsedCallback
 .text.HAL_TIM_IC_CaptureCallback
                0x080047ba        0x2 build/stm32f4xx_hal_tim.o
                0x080047ba                HAL_TIM_IC_CaptureCallback
 .text.HAL_TIM_PWM_PulseFinishedCallback
                0x080047bc        0x2 build/stm32f4xx_hal_tim.o
                0x080047bc                HAL_TIM_PWM_PulseFinishedCallback
 .text.HAL_TIM_TriggerCallback
                0x080047be        0x2 build/stm32f4xx_hal_tim.o
                0x080047be                HAL_TIM_TriggerCallback
 .text.HAL_TIM_IRQHandler
                0x080047c0      0x17a build/stm32f4xx_hal_tim.o
                0x080047c0                HAL_TIM_IRQHandler
 *fill*         0x0800493a        0x2 
 .text.TIM_Base_SetConfig
                0x0800493c       0x9c build/stm32f4xx_hal_tim.o
                0x0800493c                TIM_Base_SetConfig
 .text.HAL_TIM_Base_Init
                0x080049d8       0x58 build/stm32f4xx_hal_tim.o
                0x080049d8                HAL_TIM_Base_Init
 .text.HAL_TIMEx_CommutCallback
                0x08004a30        0x2 build/stm32f4xx_hal_tim_ex.o
                0x08004a30                HAL_TIMEx_CommutCallback
 .text.HAL_TIMEx_BreakCallback
                0x08004a32        0x2 build/stm32f4xx_hal_tim_ex.o
                0x08004a32                HAL_TIMEx_BreakCallback
 .text.SystemInit
                0x08004a34       0x14 build/system_stm32f4xx.o
                0x08004a34                SystemInit
 .text.vListInitialise
                0x08004a48       0x16 build/list.o
                0x08004a48                vListInitialise
 .text.vListInitialiseItem
                0x08004a5e        0x6 build/list.o
                0x08004a5e                vListInitialiseItem
 .text.vListInsertEnd
                0x08004a64       0x16 build/list.o
                0x08004a64                vListInsertEnd
 .text.vListInsert
                0x08004a7a       0x32 build/list.o
                0x08004a7a                vListInsert
 .text.uxListRemove
                0x08004aac       0x26 build/list.o
                0x08004aac                uxListRemove
 .text.prvIsQueueFull
                0x08004ad2       0x1e build/queue.o
 .text.prvIsQueueEmpty
                0x08004af0       0x1a build/queue.o
 .text.prvCopyDataToQueue
                0x08004b0a       0x76 build/queue.o
 .text.prvCopyDataFromQueue
                0x08004b80       0x24 build/queue.o
 .text.prvUnlockQueue
                0x08004ba4       0x6e build/queue.o
 .text.xQueueGenericReset
                0x08004c12       0x84 build/queue.o
                0x08004c12                xQueueGenericReset
 .text.prvInitialiseNewQueue
                0x08004c96       0x1c build/queue.o
 .text.xQueueGenericCreateStatic
                0x08004cb2       0x94 build/queue.o
                0x08004cb2                xQueueGenericCreateStatic
 .text.xQueueGenericCreate
                0x08004d46       0x48 build/queue.o
                0x08004d46                xQueueGenericCreate
 .text.xQueueGenericSend
                0x08004d8e      0x188 build/queue.o
                0x08004d8e                xQueueGenericSend
 .text.prvInitialiseMutex
                0x08004f16       0x18 build/queue.o
 .text.xQueueCreateMutex
                0x08004f2e       0x16 build/queue.o
                0x08004f2e                xQueueCreateMutex
 .text.xQueueGenericSendFromISR
                0x08004f44       0xce build/queue.o
                0x08004f44                xQueueGenericSendFromISR
 .text.xQueueReceive
                0x08005012      0x15e build/queue.o
                0x08005012                xQueueReceive
 .text.vQueueAddToRegistry
                0x08005170       0x28 build/queue.o
                0x08005170                vQueueAddToRegistry
 .text.vQueueWaitForMessageRestricted
                0x08005198       0x52 build/queue.o
                0x08005198                vQueueWaitForMessageRestricted
 *fill*         0x080051ea        0x2 
 .text.prvResetNextTaskUnblockTime
                0x080051ec       0x2c build/tasks.o
 .text.prvInitialiseNewTask
                0x08005218       0x9c build/tasks.o
 .text.prvInitialiseTaskLists
                0x080052b4       0x68 build/tasks.o
 .text.prvAddNewTaskToReadyList
                0x0800531c       0xa8 build/tasks.o
 .text.prvDeleteTCB
                0x080053c4       0x38 build/tasks.o
 .text.prvCheckTasksWaitingTermination
                0x080053fc       0x4c build/tasks.o
 .text.prvIdleTask
                0x08005448       0x28 build/tasks.o
 .text.prvAddCurrentTaskToDelayedList
                0x08005470       0x98 build/tasks.o
 .text.xTaskCreateStatic
                0x08005508       0x76 build/tasks.o
                0x08005508                xTaskCreateStatic
 .text.xTaskCreate
                0x0800557e       0x68 build/tasks.o
                0x0800557e                xTaskCreate
 *fill*         0x080055e6        0x2 
 .text.vTaskStartScheduler
                0x080055e8       0x9c build/tasks.o
                0x080055e8                vTaskStartScheduler
 .text.vTaskSuspendAll
                0x08005684       0x10 build/tasks.o
                0x08005684                vTaskSuspendAll
 .text.xTaskGetTickCount
                0x08005694        0xc build/tasks.o
                0x08005694                xTaskGetTickCount
 .text.xTaskIncrementTick
                0x080056a0      0x118 build/tasks.o
                0x080056a0                xTaskIncrementTick
 .text.xTaskResumeAll
                0x080057b8       0xf8 build/tasks.o
                0x080057b8                xTaskResumeAll
 .text.vTaskDelay
                0x080058b0       0x4c build/tasks.o
                0x080058b0                vTaskDelay
 .text.vTaskSwitchContext
                0x080058fc       0x98 build/tasks.o
                0x080058fc                vTaskSwitchContext
 .text.vTaskPlaceOnEventList
                0x08005994       0x30 build/tasks.o
                0x08005994                vTaskPlaceOnEventList
 .text.vTaskPlaceOnEventListRestricted
                0x080059c4       0x38 build/tasks.o
                0x080059c4                vTaskPlaceOnEventListRestricted
 .text.xTaskRemoveFromEventList
                0x080059fc       0x8c build/tasks.o
                0x080059fc                xTaskRemoveFromEventList
 .text.vTaskInternalSetTimeOutState
                0x08005a88       0x18 build/tasks.o
                0x08005a88                vTaskInternalSetTimeOutState
 .text.xTaskCheckForTimeOut
                0x08005aa0       0x84 build/tasks.o
                0x08005aa0                xTaskCheckForTimeOut
 .text.vTaskMissedYield
                0x08005b24        0xc build/tasks.o
                0x08005b24                vTaskMissedYield
 .text.xTaskGetSchedulerState
                0x08005b30       0x20 build/tasks.o
                0x08005b30                xTaskGetSchedulerState
 .text.xTaskPriorityDisinherit
                0x08005b50       0xb0 build/tasks.o
                0x08005b50                xTaskPriorityDisinherit
 .text.prvGetNextExpireTime
                0x08005c00       0x20 build/timers.o
 .text.prvInsertTimerInActiveList
                0x08005c20       0x48 build/timers.o
 .text.prvCheckForValidListAndQueue
                0x08005c68       0x70 build/timers.o
 .text.prvInitialiseNewTimer
                0x08005cd8       0x4c build/timers.o
 .text.xTimerCreateTimerTask
                0x08005d24       0x64 build/timers.o
                0x08005d24                xTimerCreateTimerTask
 .text.xTimerCreate
                0x08005d88       0x38 build/timers.o
                0x08005d88                xTimerCreate
 .text.xTimerCreateStatic
                0x08005dc0       0x54 build/timers.o
                0x08005dc0                xTimerCreateStatic
 .text.xTimerGenericCommand
                0x08005e14       0x6c build/timers.o
                0x08005e14                xTimerGenericCommand
 .text.prvSwitchTimerLists
                0x08005e80       0x7c build/timers.o
 .text.prvSampleTimeNow
                0x08005efc       0x2c build/timers.o
 .text.prvProcessExpiredTimer
                0x08005f28       0x6c build/timers.o
 .text.prvProcessTimerOrBlockTask
                0x08005f94       0x74 build/timers.o
 .text.prvProcessReceivedCommands
                0x08006008       0xfc build/timers.o
 .text.prvTimerTask
                0x08006104       0x16 build/timers.o
 .text.makeFreeRtosPriority
                0x0800611a        0xc build/cmsis_os.o
 .text.inHandlerMode
                0x08006126        0xc build/cmsis_os.o
 .text.osKernelStart
                0x08006132        0xa build/cmsis_os.o
                0x08006132                osKernelStart
 .text.osThreadCreate
                0x0800613c       0x66 build/cmsis_os.o
                0x0800613c                osThreadCreate
 .text.osDelay  0x080061a2        0xe build/cmsis_os.o
                0x080061a2                osDelay
 .text.osTimerCreate
                0x080061b0       0x44 build/cmsis_os.o
                0x080061b0                osTimerCreate
 .text.osTimerStart
                0x080061f4       0x6a build/cmsis_os.o
                0x080061f4                osTimerStart
 *fill*         0x0800625e        0x2 
 .text.prvHeapInit
                0x08006260       0x64 build/heap_4.o
 .text.prvInsertBlockIntoFreeList
                0x080062c4       0x64 build/heap_4.o
 .text.pvPortMalloc
                0x08006328       0xfc build/heap_4.o
                0x08006328                pvPortMalloc
 .text.vPortFree
                0x08006424       0x7c build/heap_4.o
                0x08006424                vPortFree
 .text.prvTaskExitError
                0x080064a0       0x40 build/port.o
 .text.prvPortStartFirstTask
                0x080064e0       0x28 build/port.o
 .text.vPortEnableVFP
                0x08006508       0x14 build/port.o
 .text.pxPortInitialiseStack
                0x0800651c       0x2c build/port.o
                0x0800651c                pxPortInitialiseStack
 *fill*         0x08006548        0x8 
 .text.SVC_Handler
                0x08006550       0x24 build/port.o
                0x08006550                SVC_Handler
 .text.vPortEnterCritical
                0x08006574       0x44 build/port.o
                0x08006574                vPortEnterCritical
 .text.vPortExitCritical
                0x080065b8       0x2c build/port.o
                0x080065b8                vPortExitCritical
 *fill*         0x080065e4        0xc 
 .text.PendSV_Handler
                0x080065f0       0x64 build/port.o
                0x080065f0                PendSV_Handler
 .text.SysTick_Handler
                0x08006654       0x2c build/port.o
                0x08006654                SysTick_Handler
 .text.vPortSetupTimerInterrupt
                0x08006680       0x28 build/port.o
                0x08006680                vPortSetupTimerInterrupt
 .text.xPortStartScheduler
                0x080066a8      0x118 build/port.o
                0x080066a8                xPortStartScheduler
 .text.vPortValidateInterruptPriority
                0x080067c0       0x5c build/port.o
                0x080067c0                vPortValidateInterruptPriority
 .text.Reset_Handler
                0x0800681c       0x50 build/startup_stm32f401xc.o
                0x0800681c                Reset_Handler
 .text.Default_Handler
                0x0800686c        0x2 build/startup_stm32f401xc.o
                0x0800686c                RTC_Alarm_IRQHandler
                0x0800686c                EXTI2_IRQHandler
                0x0800686c                SPI4_IRQHandler
                0x0800686c                TIM1_CC_IRQHandler
                0x0800686c                DMA2_Stream5_IRQHandler
                0x0800686c                DMA1_Stream5_IRQHandler
                0x0800686c                PVD_IRQHandler
                0x0800686c                SDIO_IRQHandler
                0x0800686c                TAMP_STAMP_IRQHandler
                0x0800686c                EXTI3_IRQHandler
                0x0800686c                I2C3_ER_IRQHandler
                0x0800686c                I2C2_EV_IRQHandler
                0x0800686c                DMA1_Stream2_IRQHandler
                0x0800686c                FPU_IRQHandler
                0x0800686c                DMA2_Stream2_IRQHandler
                0x0800686c                TIM1_BRK_TIM9_IRQHandler
                0x0800686c                USART6_IRQHandler
                0x0800686c                TIM4_IRQHandler
                0x0800686c                DMA1_Stream1_IRQHandler
                0x0800686c                TIM3_IRQHandler
                0x0800686c                RCC_IRQHandler
                0x0800686c                Default_Handler
                0x0800686c                EXTI15_10_IRQHandler
                0x0800686c                ADC_IRQHandler
                0x0800686c                DMA1_Stream7_IRQHandler
                0x0800686c                TIM5_IRQHandler
                0x0800686c                DMA2_Stream7_IRQHandler
                0x0800686c                I2C3_EV_IRQHandler
                0x0800686c                EXTI9_5_IRQHandler
                0x0800686c                RTC_WKUP_IRQHandler
                0x0800686c                SPI2_IRQHandler
                0x0800686c                DMA1_Stream0_IRQHandler
                0x0800686c                EXTI4_IRQHandler
                0x0800686c                WWDG_IRQHandler
                0x0800686c                TIM2_IRQHandler
                0x0800686c                OTG_FS_WKUP_IRQHandler
                0x0800686c                TIM1_TRG_COM_TIM11_IRQHandler
                0x0800686c                EXTI1_IRQHandler
                0x0800686c                USART2_IRQHandler
                0x0800686c                I2C2_ER_IRQHandler
                0x0800686c                DMA2_Stream1_IRQHandler
                0x0800686c                FLASH_IRQHandler
                0x0800686c                DMA2_Stream4_IRQHandler
                0x0800686c                USART1_IRQHandler
                0x0800686c                OTG_FS_IRQHandler
                0x0800686c                SPI3_IRQHandler
                0x0800686c                DMA1_Stream4_IRQHandler
                0x0800686c                I2C1_ER_IRQHandler
                0x0800686c                DMA2_Stream6_IRQHandler
                0x0800686c                DMA1_Stream3_IRQHandler
 *fill*         0x0800686e        0x2 
 .text.__libc_init_array
                0x08006870       0x48 c:/libraries/gcc/11.2 2022.02/bin/../lib/gcc/arm-none-eabi/11.2.1/thumb/v7e-m+fp/hard\libc_nano.a(lib_a-init.o)
                0x08006870                __libc_init_array
 .text.memcpy   0x080068b8       0x1c c:/libraries/gcc/11.2 2022.02/bin/../lib/gcc/arm-none-eabi/11.2.1/thumb/v7e-m+fp/hard\libc_nano.a(lib_a-memcpy-stub.o)
                0x080068b8                memcpy
 .text.memset   0x080068d4       0x10 c:/libraries/gcc/11.2 2022.02/bin/../lib/gcc/arm-none-eabi/11.2.1/thumb/v7e-m+fp/hard\libc_nano.a(lib_a-memset.o)
                0x080068d4                memset
 .text.sprintf  0x080068e4       0x40 c:/libraries/gcc/11.2 2022.02/bin/../lib/gcc/arm-none-eabi/11.2.1/thumb/v7e-m+fp/hard\libc_nano.a(lib_a-sprintf.o)
                0x080068e4                siprintf
                0x080068e4                sprintf
 .text.strstr   0x08006924       0x2c c:/libraries/gcc/11.2 2022.02/bin/../lib/gcc/arm-none-eabi/11.2.1/thumb/v7e-m+fp/hard\libc_nano.a(lib_a-strstr.o)
                0x08006924                strstr
 .text._strtol_l.constprop.0
                0x08006950      0x104 c:/libraries/gcc/11.2 2022.02/bin/../lib/gcc/arm-none-eabi/11.2.1/thumb/v7e-m+fp/hard\libc_nano.a(lib_a-strtol.o)
 .text.strtol   0x08006a54       0x14 c:/libraries/gcc/11.2 2022.02/bin/../lib/gcc/arm-none-eabi/11.2.1/thumb/v7e-m+fp/hard\libc_nano.a(lib_a-strtol.o)
                0x08006a54                strtol
 .text.__errno  0x08006a68        0xc c:/libraries/gcc/11.2 2022.02/bin/../lib/gcc/arm-none-eabi/11.2.1/thumb/v7e-m+fp/hard\libc_nano.a(lib_a-errno.o)
                0x08006a68                __errno
 .text.__ssputs_r
                0x08006a74       0xb4 c:/libraries/gcc/11.2 2022.02/bin/../lib/gcc/arm-none-eabi/11.2.1/thumb/v7e-m+fp/hard\libc_nano.a(lib_a-nano-svfprintf.o)
                0x08006a74                __ssputs_r
 .text._svfprintf_r
                0x08006b28      0x1fc c:/libraries/gcc/11.2 2022.02/bin/../lib/gcc/arm-none-eabi/11.2.1/thumb/v7e-m+fp/hard\libc_nano.a(lib_a-nano-svfprintf.o)
                0x08006b28                _svfiprintf_r
                0x08006b28                _svfprintf_r
 .text._printf_common
                0x08006d24       0xda c:/libraries/gcc/11.2 2022.02/bin/../lib/gcc/arm-none-eabi/11.2.1/thumb/v7e-m+fp/hard\libc_nano.a(lib_a-nano-vfprintf_i.o)
                0x08006d24                _printf_common
 *fill*         0x08006dfe        0x2 
 .text._printf_i
                0x08006e00      0x244 c:/libraries/gcc/11.2 2022.02/bin/../lib/gcc/arm-none-eabi/11.2.1/thumb/v7e-m+fp/hard\libc_nano.a(lib_a-nano-vfprintf_i.o)
                0x08006e00                _printf_i
 .text.memmove  0x08007044       0x34 c:/libraries/gcc/11.2 2022.02/bin/../lib/gcc/arm-none-eabi/11.2.1/thumb/v7e-m+fp/hard\libc_nano.a(lib_a-memmove.o)
                0x08007044                memmove
 .text._free_r  0x08007078       0x98 c:/libraries/gcc/11.2 2022.02/bin/../lib/gcc/arm-none-eabi/11.2.1/thumb/v7e-m+fp/hard\libc_nano.a(lib_a-nano-freer.o)
                0x08007078                _free_r
 .text.sbrk_aligned
                0x08007110       0x40 c:/libraries/gcc/11.2 2022.02/bin/../lib/gcc/arm-none-eabi/11.2.1/thumb/v7e-m+fp/hard\libc_nano.a(lib_a-nano-mallocr.o)
 .text._malloc_r
                0x08007150       0xe8 c:/libraries/gcc/11.2 2022.02/bin/../lib/gcc/arm-none-eabi/11.2.1/thumb/v7e-m+fp/hard\libc_nano.a(lib_a-nano-mallocr.o)
                0x08007150                _malloc_r
 .text._realloc_r
                0x08007238       0x5e c:/libraries/gcc/11.2 2022.02/bin/../lib/gcc/arm-none-eabi/11.2.1/thumb/v7e-m+fp/hard\libc_nano.a(lib_a-nano-reallocr.o)
                0x08007238                _realloc_r
 *fill*         0x08007296        0x2 
 .text._sbrk_r  0x08007298       0x20 c:/libraries/gcc/11.2 2022.02/bin/../lib/gcc/arm-none-eabi/11.2.1/thumb/v7e-m+fp/hard\libc_nano.a(lib_a-sbrkr.o)
                0x08007298                _sbrk_r
 .text.__malloc_lock
                0x080072b8        0x2 c:/libraries/gcc/11.2 2022.02/bin/../lib/gcc/arm-none-eabi/11.2.1/thumb/v7e-m+fp/hard\libc_nano.a(lib_a-mlock.o)
                0x080072b8                __malloc_lock
 .text.__malloc_unlock
                0x080072ba        0x2 c:/libraries/gcc/11.2 2022.02/bin/../lib/gcc/arm-none-eabi/11.2.1/thumb/v7e-m+fp/hard\libc_nano.a(lib_a-mlock.o)
                0x080072ba                __malloc_unlock
 .text._malloc_usable_size_r
                0x080072bc       0x10 c:/libraries/gcc/11.2 2022.02/bin/../lib/gcc/arm-none-eabi/11.2.1/thumb/v7e-m+fp/hard\libc_nano.a(lib_a-nano-msizer.o)
                0x080072bc                _malloc_usable_size_r
 .text._sbrk    0x080072cc       0x1c c:/libraries/gcc/11.2 2022.02/bin/../lib/gcc/arm-none-eabi/11.2.1/thumb/v7e-m+fp/hard\libnosys.a(sbrk.o)
                0x080072cc                _sbrk
 .text.__udivmoddi4
                0x080072e8      0x2c8 c:/libraries/gcc/11.2 2022.02/bin/../lib/gcc/arm-none-eabi/11.2.1/thumb/v7e-m+fp/hard\libgcc.a(_udivmoddi4.o)
                0x080072e8                __udivmoddi4
 *(.glue_7)
 .glue_7        0x080075b0        0x0 linker stubs
 *(.glue_7t)
 .glue_7t       0x080075b0        0x0 linker stubs
 *(.eh_frame)
 .eh_frame      0x080075b0        0x0 c:/libraries/gcc/11.2 2022.02/bin/../lib/gcc/arm-none-eabi/11.2.1/thumb/v7e-m+fp/hard/crtbegin.o
 *(.init)
 .init          0x080075b0        0x4 c:/libraries/gcc/11.2 2022.02/bin/../lib/gcc/arm-none-eabi/11.2.1/thumb/v7e-m+fp/hard/crti.o
                0x080075b0                _init
 .init          0x080075b4        0x8 c:/libraries/gcc/11.2 2022.02/bin/../lib/gcc/arm-none-eabi/11.2.1/thumb/v7e-m+fp/hard/crtn.o
 *(.fini)
 .fini          0x080075bc        0x4 c:/libraries/gcc/11.2 2022.02/bin/../lib/gcc/arm-none-eabi/11.2.1/thumb/v7e-m+fp/hard/crti.o
                0x080075bc                _fini
 .fini          0x080075c0        0x8 c:/libraries/gcc/11.2 2022.02/bin/../lib/gcc/arm-none-eabi/11.2.1/thumb/v7e-m+fp/hard/crtn.o
                0x080075c8                . = ALIGN (0x4)
                0x080075c8                _etext = .

.vfp11_veneer   0x080075c8        0x0
 .vfp11_veneer  0x080075c8        0x0 linker stubs

.v4_bx          0x080075c8        0x0
 .v4_bx         0x080075c8        0x0 linker stubs

.iplt           0x080075c8        0x0
 .iplt          0x080075c8        0x0 c:/libraries/gcc/11.2 2022.02/bin/../lib/gcc/arm-none-eabi/11.2.1/thumb/v7e-m+fp/hard/crtbegin.o

.rodata         0x080075c8     0x2988
                0x080075c8                . = ALIGN (0x4)
 *(.rodata)
 .rodata        0x080075c8       0x54 build/main.o
 *(.rodata*)
 .rodata.StartDefaultTask.str1.4
                0x0800761c       0x15 build/main.o
 *fill*         0x08007631        0x3 
 .rodata.StartLoraTask.str1.4
                0x08007634        0xa build/main.o
 *fill*         0x0800763e        0x2 
 .rodata.str1.4
                0x08007640       0x24 build/main.o
 .rodata.str1.4
                0x08007664       0x50 build/globals.o
 .rodata.gameStateNames
                0x080076b4       0x28 build/globals.o
                0x080076b4                gameStateNames
 .rodata.Font11x18
                0x080076dc      0xd5c build/ssd1306_fonts.o
 .rodata.Font16x24
                0x08008438     0x11d0 build/ssd1306_fonts.o
 .rodata.Font7x10
                0x08009608      0x76c build/ssd1306_fonts.o
 .rodata.decodeKOTHPacket.str1.4
                0x08009d74        0x5 build/koth_game.o
 *fill*         0x08009d79        0x3 
 .rodata.setOpcode.str1.4
                0x08009d7c        0x7 build/koth_game.o
 *fill*         0x08009d83        0x1 
 .rodata.doGameState.str1.4
                0x08009d84       0x5f build/koth_game.o
                                 0x6b (size before relaxing)
 *fill*         0x08009de3        0x1 
 .rodata.flagBitshiftOffset.0
                0x08009de4        0x8 build/stm32f4xx_hal_dma.o
 .rodata.AHBPrescTable
                0x08009dec       0x10 build/system_stm32f4xx.o
                0x08009dec                AHBPrescTable
 .rodata.APBPrescTable
                0x08009dfc        0x8 build/system_stm32f4xx.o
                0x08009dfc                APBPrescTable
 .rodata.vTaskStartScheduler.str1.4
                0x08009e04        0x5 build/tasks.o
 *fill*         0x08009e09        0x3 
 .rodata.prvCheckForValidListAndQueue.str1.4
                0x08009e0c        0x5 build/timers.o
 *fill*         0x08009e11        0x3 
 .rodata.xTimerCreateTimerTask.str1.4
                0x08009e14        0x8 build/timers.o
 .rodata.osTimerCreate.str1.4
                0x08009e1c        0x8 build/cmsis_os.o
                                  0x1 (size before relaxing)
 .rodata._ctype_
                0x08009e1c      0x101 c:/libraries/gcc/11.2 2022.02/bin/../lib/gcc/arm-none-eabi/11.2.1/thumb/v7e-m+fp/hard\libc_nano.a(lib_a-ctype_.o)
                0x08009e1c                _ctype_
 .rodata._svfprintf_r.str1.1
                0x08009f1d       0x11 c:/libraries/gcc/11.2 2022.02/bin/../lib/gcc/arm-none-eabi/11.2.1/thumb/v7e-m+fp/hard\libc_nano.a(lib_a-nano-svfprintf.o)
 .rodata._printf_i.str1.1
                0x08009f2e       0x22 c:/libraries/gcc/11.2 2022.02/bin/../lib/gcc/arm-none-eabi/11.2.1/thumb/v7e-m+fp/hard\libc_nano.a(lib_a-nano-vfprintf_i.o)
                0x08009f50                . = ALIGN (0x4)

.ARM.extab
 *(.ARM.extab* .gnu.linkonce.armextab.*)

.ARM            0x08009f50        0x8
                0x08009f50                __exidx_start = .
 *(.ARM.exidx*)
 .ARM.exidx.text.__udivmoddi4
                0x08009f50        0x8 c:/libraries/gcc/11.2 2022.02/bin/../lib/gcc/arm-none-eabi/11.2.1/thumb/v7e-m+fp/hard\libgcc.a(_udivmoddi4.o)
                0x08009f58                __exidx_end = .

.rel.dyn        0x08009f58        0x0
 .rel.iplt      0x08009f58        0x0 c:/libraries/gcc/11.2 2022.02/bin/../lib/gcc/arm-none-eabi/11.2.1/thumb/v7e-m+fp/hard/crtbegin.o

.preinit_array  0x08009f58        0x0
                0x08009f58                PROVIDE (__preinit_array_start = .)
 *(.preinit_array*)
                0x08009f58                PROVIDE (__preinit_array_end = .)

.init_array     0x08009f58        0x4
                0x08009f58                PROVIDE (__init_array_start = .)
 *(SORT_BY_NAME(.init_array.*))
 *(.init_array*)
 .init_array    0x08009f58        0x4 c:/libraries/gcc/11.2 2022.02/bin/../lib/gcc/arm-none-eabi/11.2.1/thumb/v7e-m+fp/hard/crtbegin.o
                0x08009f5c                PROVIDE (__init_array_end = .)

.fini_array     0x08009f5c        0x4
                [!provide]                PROVIDE (__fini_array_start = .)
 *(SORT_BY_NAME(.fini_array.*))
 *(.fini_array*)
 .fini_array    0x08009f5c        0x4 c:/libraries/gcc/11.2 2022.02/bin/../lib/gcc/arm-none-eabi/11.2.1/thumb/v7e-m+fp/hard/crtbegin.o
                [!provide]                PROVIDE (__fini_array_end = .)
                0x08009f60                _sidata = LOADADDR (.data)

.data           0x20000000       0x8c load address 0x08009f60
                0x20000000                . = ALIGN (0x4)
                0x20000000                _sdata = .
 *(.data)
 *(.data*)
 .data.Font_11x18
                0x20000000        0x8 build/ssd1306_fonts.o
                0x20000000                Font_11x18
 .data.Font_16x24
                0x20000008        0x8 build/ssd1306_fonts.o
                0x20000008                Font_16x24
 .data.Font_7x10
                0x20000010        0x8 build/ssd1306_fonts.o
                0x20000010                Font_7x10
 .data.uwTickFreq
                0x20000018        0x1 build/stm32f4xx_hal.o
                0x20000018                uwTickFreq
 *fill*         0x20000019        0x3 
 .data.uwTickPrio
                0x2000001c        0x4 build/stm32f4xx_hal.o
                0x2000001c                uwTickPrio
 .data.SystemCoreClock
                0x20000020        0x4 build/system_stm32f4xx.o
                0x20000020                SystemCoreClock
 .data.uxCriticalNesting
                0x20000024        0x4 build/port.o
 .data._impure_ptr
                0x20000028        0x4 c:/libraries/gcc/11.2 2022.02/bin/../lib/gcc/arm-none-eabi/11.2.1/thumb/v7e-m+fp/hard\libc_nano.a(lib_a-impure.o)
                0x20000028                _impure_ptr
 .data.impure_data
                0x2000002c       0x60 c:/libraries/gcc/11.2 2022.02/bin/../lib/gcc/arm-none-eabi/11.2.1/thumb/v7e-m+fp/hard\libc_nano.a(lib_a-impure.o)
                0x2000008c                . = ALIGN (0x4)
                0x2000008c                _edata = .

.tm_clone_table
                0x2000008c        0x0 load address 0x08009fec
 .tm_clone_table
                0x2000008c        0x0 c:/libraries/gcc/11.2 2022.02/bin/../lib/gcc/arm-none-eabi/11.2.1/thumb/v7e-m+fp/hard/crtbegin.o
 .tm_clone_table
                0x2000008c        0x0 c:/libraries/gcc/11.2 2022.02/bin/../lib/gcc/arm-none-eabi/11.2.1/thumb/v7e-m+fp/hard/crtend.o

.igot.plt       0x2000008c        0x0 load address 0x08009fec
 .igot.plt      0x2000008c        0x0 c:/libraries/gcc/11.2 2022.02/bin/../lib/gcc/arm-none-eabi/11.2.1/thumb/v7e-m+fp/hard/crtbegin.o
                0x2000008c                . = ALIGN (0x4)

.bss            0x2000008c     0x4a20 load address 0x08009fec
                0x2000008c                _sbss = .
                0x2000008c                __bss_start__ = _sbss
 *(.bss)
 *(.bss*)
 .bss.completed.1
                0x2000008c        0x1 c:/libraries/gcc/11.2 2022.02/bin/../lib/gcc/arm-none-eabi/11.2.1/thumb/v7e-m+fp/hard/crtbegin.o
 *fill*         0x2000008d        0x3 
 .bss.object.0  0x20000090       0x18 c:/libraries/gcc/11.2 2022.02/bin/../lib/gcc/arm-none-eabi/11.2.1/thumb/v7e-m+fp/hard/crtbegin.o
 .bss.blinkTimerHandle
                0x200000a8        0x4 build/main.o
                0x200000a8                blinkTimerHandle
 .bss.debounceTimerHandle
                0x200000ac        0x4 build/main.o
                0x200000ac                debounceTimerHandle
 .bss.defaultTaskHandle
                0x200000b0        0x4 build/main.o
                0x200000b0                defaultTaskHandle
 .bss.displayTaskHandle
                0x200000b4        0x4 build/main.o
                0x200000b4                displayTaskHandle
 .bss.hdma_i2c1_tx
                0x200000b8       0x60 build/main.o
                0x200000b8                hdma_i2c1_tx
 .bss.hdma_spi1_rx
                0x20000118       0x60 build/main.o
                0x20000118                hdma_spi1_rx
 .bss.hdma_spi1_tx
                0x20000178       0x60 build/main.o
                0x20000178                hdma_spi1_tx
 .bss.hi2c1     0x200001d8       0x54 build/main.o
                0x200001d8                hi2c1
 .bss.hspi1     0x2000022c       0x58 build/main.o
                0x2000022c                hspi1
 .bss.loraTaskHandle
                0x20000284        0x4 build/main.o
                0x20000284                loraTaskHandle
 .bss.msTickHandle
                0x20000288        0x4 build/main.o
                0x20000288                msTickHandle
 .bss.myLoRa    0x2000028c       0x2c build/main.o
                0x2000028c                myLoRa
 .bss.xloraMutex
                0x200002b8        0x4 build/main.o
                0x200002b8                xloraMutex
 .bss.OTHER_PLAYER
                0x200002bc        0x1 build/globals.o
                0x200002bc                OTHER_PLAYER
 .bss.THIS_PLAYER
                0x200002bd        0x1 build/globals.o
                0x200002bd                THIS_PLAYER
 .bss.blueLED_flag
                0x200002be        0x1 build/globals.o
                0x200002be                blueLED_flag
 .bss.blueLED_timer
                0x200002bf        0x1 build/globals.o
                0x200002bf                blueLED_timer
 .bss.blue_counter
                0x200002c0        0x4 build/globals.o
                0x200002c0                blue_counter
 .bss.blue_flag
                0x200002c4        0x1 build/globals.o
                0x200002c4                blue_flag
 .bss.debouncing_Flag
                0x200002c5        0x1 build/globals.o
                0x200002c5                debouncing_Flag
 .bss.gameState
                0x200002c6        0x1 build/globals.o
                0x200002c6                gameState
 *fill*         0x200002c7        0x1 
 .bss.loraRXbuf
                0x200002c8        0xa build/globals.o
                0x200002c8                loraRXbuf
 .bss.loraRXopcode
                0x200002d2        0x1 build/globals.o
                0x200002d2                loraRXopcode
 .bss.newRX_flag
                0x200002d3        0x1 build/globals.o
                0x200002d3                newRX_flag
 .bss.newTX_flag
                0x200002d4        0x1 build/globals.o
                0x200002d4                newTX_flag
 *fill*         0x200002d5        0x3 
 .bss.opcodeString
                0x200002d8        0xa build/globals.o
                0x200002d8                opcodeString
 .bss.packet_size
                0x200002e2        0x1 build/globals.o
                0x200002e2                packet_size
 *fill*         0x200002e3        0x1 
 .bss.receivedPacket
                0x200002e4        0xa build/globals.o
                0x200002e4                receivedPacket
 .bss.redLED_flag
                0x200002ee        0x1 build/globals.o
                0x200002ee                redLED_flag
 .bss.redLED_timer
                0x200002ef        0x1 build/globals.o
                0x200002ef                redLED_timer
 .bss.red_counter
                0x200002f0        0x4 build/globals.o
                0x200002f0                red_counter
 .bss.red_flag  0x200002f4        0x1 build/globals.o
                0x200002f4                red_flag
 *fill*         0x200002f5        0x1 
 .bss.rxCount   0x200002f6        0x2 build/globals.o
                0x200002f6                rxCount
 .bss.stateChange_flag
                0x200002f8        0x1 build/globals.o
                0x200002f8                stateChange_flag
 *fill*         0x200002f9        0x1 
 .bss.txCount   0x200002fa        0x2 build/globals.o
                0x200002fa                txCount
 .bss.txReadable
                0x200002fc       0x14 build/globals.o
                0x200002fc                txReadable
 .bss.SSD1306   0x20000310        0x6 build/ssd1306.o
 *fill*         0x20000316        0x2 
 .bss.SSD1306_Buffer
                0x20000318      0x200 build/ssd1306.o
 .bss.xIdleStack
                0x20000518      0x200 build/freertos.o
 .bss.xIdleTaskTCBBuffer
                0x20000718       0x54 build/freertos.o
 .bss.xTimerStack
                0x2000076c      0x400 build/freertos.o
 .bss.xTimerTaskTCBBuffer
                0x20000b6c       0x54 build/freertos.o
 .bss.htim1     0x20000bc0       0x48 build/stm32f4xx_hal_timebase_tim.o
                0x20000bc0                htim1
 .bss.uwTick    0x20000c08        0x4 build/stm32f4xx_hal.o
                0x20000c08                uwTick
 .bss.xQueueRegistry
                0x20000c0c       0x40 build/queue.o
                0x20000c0c                xQueueRegistry
 .bss.pxCurrentTCB
                0x20000c4c        0x4 build/tasks.o
                0x20000c4c                pxCurrentTCB
 .bss.pxDelayedTaskList
                0x20000c50        0x4 build/tasks.o
 .bss.pxOverflowDelayedTaskList
                0x20000c54        0x4 build/tasks.o
 .bss.pxReadyTasksLists
                0x20000c58       0x8c build/tasks.o
 .bss.uxCurrentNumberOfTasks
                0x20000ce4        0x4 build/tasks.o
 .bss.uxDeletedTasksWaitingCleanUp
                0x20000ce8        0x4 build/tasks.o
 .bss.uxSchedulerSuspended
                0x20000cec        0x4 build/tasks.o
 .bss.uxTaskNumber
                0x20000cf0        0x4 build/tasks.o
 .bss.uxTopReadyPriority
                0x20000cf4        0x4 build/tasks.o
 .bss.xDelayedTaskList1
                0x20000cf8       0x14 build/tasks.o
 .bss.xDelayedTaskList2
                0x20000d0c       0x14 build/tasks.o
 .bss.xIdleTaskHandle
                0x20000d20        0x4 build/tasks.o
 .bss.xNextTaskUnblockTime
                0x20000d24        0x4 build/tasks.o
 .bss.xNumOfOverflows
                0x20000d28        0x4 build/tasks.o
 .bss.xPendedTicks
                0x20000d2c        0x4 build/tasks.o
 .bss.xPendingReadyList
                0x20000d30       0x14 build/tasks.o
 .bss.xSchedulerRunning
                0x20000d44        0x4 build/tasks.o
 .bss.xSuspendedTaskList
                0x20000d48       0x14 build/tasks.o
 .bss.xTasksWaitingTermination
                0x20000d5c       0x14 build/tasks.o
 .bss.xTickCount
                0x20000d70        0x4 build/tasks.o
 .bss.xYieldPending
                0x20000d74        0x4 build/tasks.o
 .bss.pxCurrentTimerList
                0x20000d78        0x4 build/timers.o
 .bss.pxOverflowTimerList
                0x20000d7c        0x4 build/timers.o
 .bss.ucStaticTimerQueueStorage.1
                0x20000d80       0x78 build/timers.o
 .bss.xActiveTimerList1
                0x20000df8       0x14 build/timers.o
 .bss.xActiveTimerList2
                0x20000e0c       0x14 build/timers.o
 .bss.xLastTime.2
                0x20000e20        0x4 build/timers.o
 .bss.xStaticTimerQueue.0
                0x20000e24       0x48 build/timers.o
 .bss.xTimerQueue
                0x20000e6c        0x4 build/timers.o
 .bss.xTimerTaskHandle
                0x20000e70        0x4 build/timers.o
 .bss.pxEnd     0x20000e74        0x4 build/heap_4.o
 .bss.ucHeap    0x20000e78     0x3c00 build/heap_4.o
 .bss.xBlockAllocatedBit
                0x20004a78        0x4 build/heap_4.o
 .bss.xFreeBytesRemaining
                0x20004a7c        0x4 build/heap_4.o
 .bss.xMinimumEverFreeBytesRemaining
                0x20004a80        0x4 build/heap_4.o
 .bss.xNumberOfSuccessfulAllocations
                0x20004a84        0x4 build/heap_4.o
 .bss.xNumberOfSuccessfulFrees
                0x20004a88        0x4 build/heap_4.o
 .bss.xStart    0x20004a8c        0x8 build/heap_4.o
 .bss.ucMaxSysCallPriority
                0x20004a94        0x1 build/port.o
 *fill*         0x20004a95        0x3 
 .bss.ulMaxPRIGROUPValue
                0x20004a98        0x4 build/port.o
 .bss.__malloc_free_list
                0x20004a9c        0x4 c:/libraries/gcc/11.2 2022.02/bin/../lib/gcc/arm-none-eabi/11.2.1/thumb/v7e-m+fp/hard\libc_nano.a(lib_a-nano-mallocr.o)
                0x20004a9c                __malloc_free_list
 .bss.__malloc_sbrk_start
                0x20004aa0        0x4 c:/libraries/gcc/11.2 2022.02/bin/../lib/gcc/arm-none-eabi/11.2.1/thumb/v7e-m+fp/hard\libc_nano.a(lib_a-nano-mallocr.o)
                0x20004aa0                __malloc_sbrk_start
 .bss.errno     0x20004aa4        0x4 c:/libraries/gcc/11.2 2022.02/bin/../lib/gcc/arm-none-eabi/11.2.1/thumb/v7e-m+fp/hard\libc_nano.a(lib_a-reent.o)
                0x20004aa4                errno
 .bss.heap_end.0
                0x20004aa8        0x4 c:/libraries/gcc/11.2 2022.02/bin/../lib/gcc/arm-none-eabi/11.2.1/thumb/v7e-m+fp/hard\libnosys.a(sbrk.o)
 *(COMMON)
                0x20004aac                . = ALIGN (0x4)
                0x20004aac                _ebss = .
                0x20004aac                __bss_end__ = _ebss

._user_heap_stack
                0x20004aac      0x604 load address 0x08009fec
                0x20004ab0                . = ALIGN (0x8)
 *fill*         0x20004aac        0x4 
                0x20004ab0                PROVIDE (end = .)
                [!provide]                PROVIDE (_end = .)
                0x20004cb0                . = (. + _Min_Heap_Size)
 *fill*         0x20004ab0      0x200 
                0x200050b0                . = (. + _Min_Stack_Size)
 *fill*         0x20004cb0      0x400 
                0x200050b0                . = ALIGN (0x8)

/DISCARD/
 libc.a(*)
 libm.a(*)
 libgcc.a(*)

.ARM.attributes
                0x00000000       0x30
 *(.ARM.attributes)
 .ARM.attributes
                0x00000000       0x1e c:/libraries/gcc/11.2 2022.02/bin/../lib/gcc/arm-none-eabi/11.2.1/thumb/v7e-m+fp/hard/crti.o
 .ARM.attributes
                0x0000001e       0x34 c:/libraries/gcc/11.2 2022.02/bin/../lib/gcc/arm-none-eabi/11.2.1/thumb/v7e-m+fp/hard/crtbegin.o
 .ARM.attributes
                0x00000052       0x34 build/main.o
 .ARM.attributes
                0x00000086       0x34 build/globals.o
 .ARM.attributes
                0x000000ba       0x34 build/ssd1306.o
 .ARM.attributes
                0x000000ee       0x34 build/ssd1306_fonts.o
 .ARM.attributes
                0x00000122       0x34 build/i2c-lcd.o
 .ARM.attributes
                0x00000156       0x34 build/lora.o
 .ARM.attributes
                0x0000018a       0x34 build/koth_game.o
 .ARM.attributes
                0x000001be       0x34 build/freertos.o
 .ARM.attributes
                0x000001f2       0x34 build/stm32f4xx_it.o
 .ARM.attributes
                0x00000226       0x34 build/stm32f4xx_hal_msp.o
 .ARM.attributes
                0x0000025a       0x34 build/stm32f4xx_hal_timebase_tim.o
 .ARM.attributes
                0x0000028e       0x34 build/stm32f4xx_hal_rcc.o
 .ARM.attributes
                0x000002c2       0x34 build/stm32f4xx_hal_gpio.o
 .ARM.attributes
                0x000002f6       0x34 build/stm32f4xx_hal_dma.o
 .ARM.attributes
                0x0000032a       0x34 build/stm32f4xx_hal_cortex.o
 .ARM.attributes
                0x0000035e       0x34 build/stm32f4xx_hal.o
 .ARM.attributes
                0x00000392       0x34 build/stm32f4xx_hal_i2c.o
 .ARM.attributes
                0x000003c6       0x34 build/stm32f4xx_hal_spi.o
 .ARM.attributes
                0x000003fa       0x34 build/stm32f4xx_hal_tim.o
 .ARM.attributes
                0x0000042e       0x34 build/stm32f4xx_hal_tim_ex.o
 .ARM.attributes
                0x00000462       0x34 build/system_stm32f4xx.o
 .ARM.attributes
                0x00000496       0x34 build/list.o
 .ARM.attributes
                0x000004ca       0x34 build/queue.o
 .ARM.attributes
                0x000004fe       0x34 build/tasks.o
 .ARM.attributes
                0x00000532       0x34 build/timers.o
 .ARM.attributes
                0x00000566       0x34 build/cmsis_os.o
 .ARM.attributes
                0x0000059a       0x34 build/heap_4.o
 .ARM.attributes
                0x000005ce       0x34 build/port.o
 .ARM.attributes
                0x00000602       0x21 build/startup_stm32f401xc.o
 .ARM.attributes
                0x00000623       0x34 c:/libraries/gcc/11.2 2022.02/bin/../lib/gcc/arm-none-eabi/11.2.1/thumb/v7e-m+fp/hard\libc_nano.a(lib_a-impure.o)
 .ARM.attributes
                0x00000657       0x34 c:/libraries/gcc/11.2 2022.02/bin/../lib/gcc/arm-none-eabi/11.2.1/thumb/v7e-m+fp/hard\libc_nano.a(lib_a-init.o)
 .ARM.attributes
                0x0000068b       0x34 c:/libraries/gcc/11.2 2022.02/bin/../lib/gcc/arm-none-eabi/11.2.1/thumb/v7e-m+fp/hard\libc_nano.a(lib_a-memcpy-stub.o)
 .ARM.attributes
                0x000006bf       0x34 c:/libraries/gcc/11.2 2022.02/bin/../lib/gcc/arm-none-eabi/11.2.1/thumb/v7e-m+fp/hard\libc_nano.a(lib_a-memset.o)
 .ARM.attributes
                0x000006f3       0x34 c:/libraries/gcc/11.2 2022.02/bin/../lib/gcc/arm-none-eabi/11.2.1/thumb/v7e-m+fp/hard\libc_nano.a(lib_a-sprintf.o)
 .ARM.attributes
                0x00000727       0x34 c:/libraries/gcc/11.2 2022.02/bin/../lib/gcc/arm-none-eabi/11.2.1/thumb/v7e-m+fp/hard\libc_nano.a(lib_a-strstr.o)
 .ARM.attributes
                0x0000075b       0x34 c:/libraries/gcc/11.2 2022.02/bin/../lib/gcc/arm-none-eabi/11.2.1/thumb/v7e-m+fp/hard\libc_nano.a(lib_a-strtol.o)
 .ARM.attributes
                0x0000078f       0x34 c:/libraries/gcc/11.2 2022.02/bin/../lib/gcc/arm-none-eabi/11.2.1/thumb/v7e-m+fp/hard\libc_nano.a(lib_a-ctype_.o)
 .ARM.attributes
                0x000007c3       0x34 c:/libraries/gcc/11.2 2022.02/bin/../lib/gcc/arm-none-eabi/11.2.1/thumb/v7e-m+fp/hard\libc_nano.a(lib_a-errno.o)
 .ARM.attributes
                0x000007f7       0x34 c:/libraries/gcc/11.2 2022.02/bin/../lib/gcc/arm-none-eabi/11.2.1/thumb/v7e-m+fp/hard\libc_nano.a(lib_a-nano-svfprintf.o)
 .ARM.attributes
                0x0000082b       0x34 c:/libraries/gcc/11.2 2022.02/bin/../lib/gcc/arm-none-eabi/11.2.1/thumb/v7e-m+fp/hard\libc_nano.a(lib_a-nano-vfprintf_i.o)
 .ARM.attributes
                0x0000085f       0x1c c:/libraries/gcc/11.2 2022.02/bin/../lib/gcc/arm-none-eabi/11.2.1/thumb/v7e-m+fp/hard\libc_nano.a(lib_a-memchr.o)
 .ARM.attributes
                0x0000087b       0x34 c:/libraries/gcc/11.2 2022.02/bin/../lib/gcc/arm-none-eabi/11.2.1/thumb/v7e-m+fp/hard\libc_nano.a(lib_a-memmove.o)
 .ARM.attributes
                0x000008af       0x34 c:/libraries/gcc/11.2 2022.02/bin/../lib/gcc/arm-none-eabi/11.2.1/thumb/v7e-m+fp/hard\libc_nano.a(lib_a-nano-freer.o)
 .ARM.attributes
                0x000008e3       0x34 c:/libraries/gcc/11.2 2022.02/bin/../lib/gcc/arm-none-eabi/11.2.1/thumb/v7e-m+fp/hard\libc_nano.a(lib_a-nano-mallocr.o)
 .ARM.attributes
                0x00000917       0x34 c:/libraries/gcc/11.2 2022.02/bin/../lib/gcc/arm-none-eabi/11.2.1/thumb/v7e-m+fp/hard\libc_nano.a(lib_a-nano-reallocr.o)
 .ARM.attributes
                0x0000094b       0x34 c:/libraries/gcc/11.2 2022.02/bin/../lib/gcc/arm-none-eabi/11.2.1/thumb/v7e-m+fp/hard\libc_nano.a(lib_a-sbrkr.o)
 .ARM.attributes
                0x0000097f       0x34 c:/libraries/gcc/11.2 2022.02/bin/../lib/gcc/arm-none-eabi/11.2.1/thumb/v7e-m+fp/hard\libc_nano.a(lib_a-mlock.o)
 .ARM.attributes
                0x000009b3       0x34 c:/libraries/gcc/11.2 2022.02/bin/../lib/gcc/arm-none-eabi/11.2.1/thumb/v7e-m+fp/hard\libc_nano.a(lib_a-nano-msizer.o)
 .ARM.attributes
                0x000009e7       0x34 c:/libraries/gcc/11.2 2022.02/bin/../lib/gcc/arm-none-eabi/11.2.1/thumb/v7e-m+fp/hard\libc_nano.a(lib_a-reent.o)
 .ARM.attributes
                0x00000a1b       0x34 c:/libraries/gcc/11.2 2022.02/bin/../lib/gcc/arm-none-eabi/11.2.1/thumb/v7e-m+fp/hard\libnosys.a(sbrk.o)
 .ARM.attributes
                0x00000a4f       0x1e c:/libraries/gcc/11.2 2022.02/bin/../lib/gcc/arm-none-eabi/11.2.1/thumb/v7e-m+fp/hard\libgcc.a(_aeabi_uldivmod.o)
 .ARM.attributes
                0x00000a6d       0x34 c:/libraries/gcc/11.2 2022.02/bin/../lib/gcc/arm-none-eabi/11.2.1/thumb/v7e-m+fp/hard\libgcc.a(_udivmoddi4.o)
 .ARM.attributes
                0x00000aa1       0x1e c:/libraries/gcc/11.2 2022.02/bin/../lib/gcc/arm-none-eabi/11.2.1/thumb/v7e-m+fp/hard\libgcc.a(_dvmd_tls.o)
 .ARM.attributes
                0x00000abf       0x34 c:/libraries/gcc/11.2 2022.02/bin/../lib/gcc/arm-none-eabi/11.2.1/thumb/v7e-m+fp/hard/crtend.o
 .ARM.attributes
                0x00000af3       0x1e c:/libraries/gcc/11.2 2022.02/bin/../lib/gcc/arm-none-eabi/11.2.1/thumb/v7e-m+fp/hard/crtn.o
OUTPUT(build/LoRa.elf elf32-littlearm)
LOAD linker stubs
LOAD c:/libraries/gcc/11.2 2022.02/bin/../lib/gcc/arm-none-eabi/11.2.1/thumb/v7e-m+fp/hard\libc.a
LOAD c:/libraries/gcc/11.2 2022.02/bin/../lib/gcc/arm-none-eabi/11.2.1/thumb/v7e-m+fp/hard\libm.a
LOAD c:/libraries/gcc/11.2 2022.02/bin/../lib/gcc/arm-none-eabi/11.2.1/thumb/v7e-m+fp/hard\libgcc.a

.comment        0x00000000       0x57
 .comment       0x00000000       0x57 c:/libraries/gcc/11.2 2022.02/bin/../lib/gcc/arm-none-eabi/11.2.1/thumb/v7e-m+fp/hard/crtbegin.o
                                 0x58 (size before relaxing)
 .comment       0x00000057       0x58 build/main.o
 .comment       0x00000057       0x58 build/globals.o
 .comment       0x00000057       0x58 build/ssd1306.o
 .comment       0x00000057       0x58 build/ssd1306_fonts.o
 .comment       0x00000057       0x58 build/i2c-lcd.o
 .comment       0x00000057       0x58 build/lora.o
 .comment       0x00000057       0x58 build/koth_game.o
 .comment       0x00000057       0x58 build/freertos.o
 .comment       0x00000057       0x58 build/stm32f4xx_it.o
 .comment       0x00000057       0x58 build/stm32f4xx_hal_msp.o
 .comment       0x00000057       0x58 build/stm32f4xx_hal_timebase_tim.o
 .comment       0x00000057       0x58 build/stm32f4xx_hal_rcc.o
 .comment       0x00000057       0x58 build/stm32f4xx_hal_gpio.o
 .comment       0x00000057       0x58 build/stm32f4xx_hal_dma.o
 .comment       0x00000057       0x58 build/stm32f4xx_hal_cortex.o
 .comment       0x00000057       0x58 build/stm32f4xx_hal.o
 .comment       0x00000057       0x58 build/stm32f4xx_hal_i2c.o
 .comment       0x00000057       0x58 build/stm32f4xx_hal_spi.o
 .comment       0x00000057       0x58 build/stm32f4xx_hal_tim.o
 .comment       0x00000057       0x58 build/stm32f4xx_hal_tim_ex.o
 .comment       0x00000057       0x58 build/system_stm32f4xx.o
 .comment       0x00000057       0x58 build/list.o
 .comment       0x00000057       0x58 build/queue.o
 .comment       0x00000057       0x58 build/tasks.o
 .comment       0x00000057       0x58 build/timers.o
 .comment       0x00000057       0x58 build/cmsis_os.o
 .comment       0x00000057       0x58 build/heap_4.o
 .comment       0x00000057       0x58 build/port.o
 .comment       0x00000057       0x58 c:/libraries/gcc/11.2 2022.02/bin/../lib/gcc/arm-none-eabi/11.2.1/thumb/v7e-m+fp/hard\libc_nano.a(lib_a-impure.o)
 .comment       0x00000057       0x58 c:/libraries/gcc/11.2 2022.02/bin/../lib/gcc/arm-none-eabi/11.2.1/thumb/v7e-m+fp/hard\libc_nano.a(lib_a-init.o)
 .comment       0x00000057       0x58 c:/libraries/gcc/11.2 2022.02/bin/../lib/gcc/arm-none-eabi/11.2.1/thumb/v7e-m+fp/hard\libc_nano.a(lib_a-memcpy-stub.o)
 .comment       0x00000057       0x58 c:/libraries/gcc/11.2 2022.02/bin/../lib/gcc/arm-none-eabi/11.2.1/thumb/v7e-m+fp/hard\libc_nano.a(lib_a-memset.o)
 .comment       0x00000057       0x58 c:/libraries/gcc/11.2 2022.02/bin/../lib/gcc/arm-none-eabi/11.2.1/thumb/v7e-m+fp/hard\libc_nano.a(lib_a-sprintf.o)
 .comment       0x00000057       0x58 c:/libraries/gcc/11.2 2022.02/bin/../lib/gcc/arm-none-eabi/11.2.1/thumb/v7e-m+fp/hard\libc_nano.a(lib_a-strstr.o)
 .comment       0x00000057       0x58 c:/libraries/gcc/11.2 2022.02/bin/../lib/gcc/arm-none-eabi/11.2.1/thumb/v7e-m+fp/hard\libc_nano.a(lib_a-strtol.o)
 .comment       0x00000057       0x58 c:/libraries/gcc/11.2 2022.02/bin/../lib/gcc/arm-none-eabi/11.2.1/thumb/v7e-m+fp/hard\libc_nano.a(lib_a-ctype_.o)
 .comment       0x00000057       0x58 c:/libraries/gcc/11.2 2022.02/bin/../lib/gcc/arm-none-eabi/11.2.1/thumb/v7e-m+fp/hard\libc_nano.a(lib_a-errno.o)
 .comment       0x00000057       0x58 c:/libraries/gcc/11.2 2022.02/bin/../lib/gcc/arm-none-eabi/11.2.1/thumb/v7e-m+fp/hard\libc_nano.a(lib_a-nano-svfprintf.o)
 .comment       0x00000057       0x58 c:/libraries/gcc/11.2 2022.02/bin/../lib/gcc/arm-none-eabi/11.2.1/thumb/v7e-m+fp/hard\libc_nano.a(lib_a-nano-vfprintf_i.o)
 .comment       0x00000057       0x58 c:/libraries/gcc/11.2 2022.02/bin/../lib/gcc/arm-none-eabi/11.2.1/thumb/v7e-m+fp/hard\libc_nano.a(lib_a-memmove.o)
 .comment       0x00000057       0x58 c:/libraries/gcc/11.2 2022.02/bin/../lib/gcc/arm-none-eabi/11.2.1/thumb/v7e-m+fp/hard\libc_nano.a(lib_a-nano-freer.o)
 .comment       0x00000057       0x58 c:/libraries/gcc/11.2 2022.02/bin/../lib/gcc/arm-none-eabi/11.2.1/thumb/v7e-m+fp/hard\libc_nano.a(lib_a-nano-mallocr.o)
 .comment       0x00000057       0x58 c:/libraries/gcc/11.2 2022.02/bin/../lib/gcc/arm-none-eabi/11.2.1/thumb/v7e-m+fp/hard\libc_nano.a(lib_a-nano-reallocr.o)
 .comment       0x00000057       0x58 c:/libraries/gcc/11.2 2022.02/bin/../lib/gcc/arm-none-eabi/11.2.1/thumb/v7e-m+fp/hard\libc_nano.a(lib_a-sbrkr.o)
 .comment       0x00000057       0x58 c:/libraries/gcc/11.2 2022.02/bin/../lib/gcc/arm-none-eabi/11.2.1/thumb/v7e-m+fp/hard\libc_nano.a(lib_a-mlock.o)
 .comment       0x00000057       0x58 c:/libraries/gcc/11.2 2022.02/bin/../lib/gcc/arm-none-eabi/11.2.1/thumb/v7e-m+fp/hard\libc_nano.a(lib_a-nano-msizer.o)
 .comment       0x00000057       0x58 c:/libraries/gcc/11.2 2022.02/bin/../lib/gcc/arm-none-eabi/11.2.1/thumb/v7e-m+fp/hard\libc_nano.a(lib_a-reent.o)
 .comment       0x00000057       0x58 c:/libraries/gcc/11.2 2022.02/bin/../lib/gcc/arm-none-eabi/11.2.1/thumb/v7e-m+fp/hard\libnosys.a(sbrk.o)
 .comment       0x00000057       0x58 c:/libraries/gcc/11.2 2022.02/bin/../lib/gcc/arm-none-eabi/11.2.1/thumb/v7e-m+fp/hard\libgcc.a(_udivmoddi4.o)
 .comment       0x00000057       0x58 c:/libraries/gcc/11.2 2022.02/bin/../lib/gcc/arm-none-eabi/11.2.1/thumb/v7e-m+fp/hard/crtend.o

.debug_info     0x00000000    0x2e51a
 .debug_info    0x00000000     0x29e7 build/main.o
 .debug_info    0x000029e7      0x36b build/globals.o
 .debug_info    0x00002d52     0x1f87 build/ssd1306.o
 .debug_info    0x00004cd9      0x242 build/ssd1306_fonts.o
 .debug_info    0x00004f1b      0xab0 build/i2c-lcd.o
 .debug_info    0x000059cb     0x18da build/lora.o
 .debug_info    0x000072a5     0x10c7 build/koth_game.o
 .debug_info    0x0000836c      0x320 build/freertos.o
 .debug_info    0x0000868c     0x10d1 build/stm32f4xx_it.o
 .debug_info    0x0000975d     0x1290 build/stm32f4xx_hal_msp.o
 .debug_info    0x0000a9ed      0xd59 build/stm32f4xx_hal_timebase_tim.o
 .debug_info    0x0000b746      0xc36 build/stm32f4xx_hal_rcc.o
 .debug_info    0x0000c37c      0x872 build/stm32f4xx_hal_gpio.o
 .debug_info    0x0000cbee      0xbc6 build/stm32f4xx_hal_dma.o
 .debug_info    0x0000d7b4     0x10e4 build/stm32f4xx_hal_cortex.o
 .debug_info    0x0000e898      0xa8a build/stm32f4xx_hal.o
 .debug_info    0x0000f322     0x3b7a build/stm32f4xx_hal_i2c.o
 .debug_info    0x00012e9c     0x203a build/stm32f4xx_hal_spi.o
 .debug_info    0x00014ed6     0x40ba build/stm32f4xx_hal_tim.o
 .debug_info    0x00018f90     0x1d4a build/stm32f4xx_hal_tim_ex.o
 .debug_info    0x0001acda      0x5e5 build/system_stm32f4xx.o
 .debug_info    0x0001b2bf      0x30f build/list.o
 .debug_info    0x0001b5ce     0x2575 build/queue.o
 .debug_info    0x0001db43     0x2bf8 build/tasks.o
 .debug_info    0x0002073b     0x1a0e build/timers.o
 .debug_info    0x00022149     0x28f2 build/cmsis_os.o
 .debug_info    0x00024a3b      0x61a build/heap_4.o
 .debug_info    0x00025055      0x5c2 build/port.o
 .debug_info    0x00025617       0x22 build/startup_stm32f401xc.o
 .debug_info    0x00025639      0x7fc c:/libraries/gcc/11.2 2022.02/bin/../lib/gcc/arm-none-eabi/11.2.1/thumb/v7e-m+fp/hard\libc_nano.a(lib_a-impure.o)
 .debug_info    0x00025e35      0x10b c:/libraries/gcc/11.2 2022.02/bin/../lib/gcc/arm-none-eabi/11.2.1/thumb/v7e-m+fp/hard\libc_nano.a(lib_a-init.o)
 .debug_info    0x00025f40      0x121 c:/libraries/gcc/11.2 2022.02/bin/../lib/gcc/arm-none-eabi/11.2.1/thumb/v7e-m+fp/hard\libc_nano.a(lib_a-memcpy-stub.o)
 .debug_info    0x00026061       0xe0 c:/libraries/gcc/11.2 2022.02/bin/../lib/gcc/arm-none-eabi/11.2.1/thumb/v7e-m+fp/hard\libc_nano.a(lib_a-memset.o)
 .debug_info    0x00026141      0x8d5 c:/libraries/gcc/11.2 2022.02/bin/../lib/gcc/arm-none-eabi/11.2.1/thumb/v7e-m+fp/hard\libc_nano.a(lib_a-sprintf.o)
 .debug_info    0x00026a16       0xe9 c:/libraries/gcc/11.2 2022.02/bin/../lib/gcc/arm-none-eabi/11.2.1/thumb/v7e-m+fp/hard\libc_nano.a(lib_a-strstr.o)
 .debug_info    0x00026aff      0xd93 c:/libraries/gcc/11.2 2022.02/bin/../lib/gcc/arm-none-eabi/11.2.1/thumb/v7e-m+fp/hard\libc_nano.a(lib_a-strtol.o)
 .debug_info    0x00027892       0xb9 c:/libraries/gcc/11.2 2022.02/bin/../lib/gcc/arm-none-eabi/11.2.1/thumb/v7e-m+fp/hard\libc_nano.a(lib_a-ctype_.o)
 .debug_info    0x0002794b      0x751 c:/libraries/gcc/11.2 2022.02/bin/../lib/gcc/arm-none-eabi/11.2.1/thumb/v7e-m+fp/hard\libc_nano.a(lib_a-errno.o)
 .debug_info    0x0002809c     0x111a c:/libraries/gcc/11.2 2022.02/bin/../lib/gcc/arm-none-eabi/11.2.1/thumb/v7e-m+fp/hard\libc_nano.a(lib_a-nano-svfprintf.o)
 .debug_info    0x000291b6      0xe38 c:/libraries/gcc/11.2 2022.02/bin/../lib/gcc/arm-none-eabi/11.2.1/thumb/v7e-m+fp/hard\libc_nano.a(lib_a-nano-vfprintf_i.o)
 .debug_info    0x00029fee       0x25 c:/libraries/gcc/11.2 2022.02/bin/../lib/gcc/arm-none-eabi/11.2.1/thumb/v7e-m+fp/hard\libc_nano.a(lib_a-memchr.o)
 .debug_info    0x0002a013      0x10f c:/libraries/gcc/11.2 2022.02/bin/../lib/gcc/arm-none-eabi/11.2.1/thumb/v7e-m+fp/hard\libc_nano.a(lib_a-memmove.o)
 .debug_info    0x0002a122      0x89c c:/libraries/gcc/11.2 2022.02/bin/../lib/gcc/arm-none-eabi/11.2.1/thumb/v7e-m+fp/hard\libc_nano.a(lib_a-nano-freer.o)
 .debug_info    0x0002a9be      0xa12 c:/libraries/gcc/11.2 2022.02/bin/../lib/gcc/arm-none-eabi/11.2.1/thumb/v7e-m+fp/hard\libc_nano.a(lib_a-nano-mallocr.o)
 .debug_info    0x0002b3d0      0x91d c:/libraries/gcc/11.2 2022.02/bin/../lib/gcc/arm-none-eabi/11.2.1/thumb/v7e-m+fp/hard\libc_nano.a(lib_a-nano-reallocr.o)
 .debug_info    0x0002bced      0x7d2 c:/libraries/gcc/11.2 2022.02/bin/../lib/gcc/arm-none-eabi/11.2.1/thumb/v7e-m+fp/hard\libc_nano.a(lib_a-sbrkr.o)
 .debug_info    0x0002c4bf      0x77c c:/libraries/gcc/11.2 2022.02/bin/../lib/gcc/arm-none-eabi/11.2.1/thumb/v7e-m+fp/hard\libc_nano.a(lib_a-mlock.o)
 .debug_info    0x0002cc3b      0x7ea c:/libraries/gcc/11.2 2022.02/bin/../lib/gcc/arm-none-eabi/11.2.1/thumb/v7e-m+fp/hard\libc_nano.a(lib_a-nano-msizer.o)
 .debug_info    0x0002d425      0x92c c:/libraries/gcc/11.2 2022.02/bin/../lib/gcc/arm-none-eabi/11.2.1/thumb/v7e-m+fp/hard\libc_nano.a(lib_a-reent.o)
 .debug_info    0x0002dd51       0x9e c:/libraries/gcc/11.2 2022.02/bin/../lib/gcc/arm-none-eabi/11.2.1/thumb/v7e-m+fp/hard\libnosys.a(sbrk.o)
 .debug_info    0x0002ddef       0x24 c:/libraries/gcc/11.2 2022.02/bin/../lib/gcc/arm-none-eabi/11.2.1/thumb/v7e-m+fp/hard\libgcc.a(_aeabi_uldivmod.o)
 .debug_info    0x0002de13      0x6e3 c:/libraries/gcc/11.2 2022.02/bin/../lib/gcc/arm-none-eabi/11.2.1/thumb/v7e-m+fp/hard\libgcc.a(_udivmoddi4.o)
 .debug_info    0x0002e4f6       0x24 c:/libraries/gcc/11.2 2022.02/bin/../lib/gcc/arm-none-eabi/11.2.1/thumb/v7e-m+fp/hard\libgcc.a(_dvmd_tls.o)

.debug_abbrev   0x00000000     0x6a42
 .debug_abbrev  0x00000000      0x3d1 build/main.o
 .debug_abbrev  0x000003d1       0x91 build/globals.o
 .debug_abbrev  0x00000462      0x3f4 build/ssd1306.o
 .debug_abbrev  0x00000856       0xbb build/ssd1306_fonts.o
 .debug_abbrev  0x00000911      0x227 build/i2c-lcd.o
 .debug_abbrev  0x00000b38      0x2c7 build/lora.o
 .debug_abbrev  0x00000dff      0x2c8 build/koth_game.o
 .debug_abbrev  0x000010c7       0xe6 build/freertos.o
 .debug_abbrev  0x000011ad      0x258 build/stm32f4xx_it.o
 .debug_abbrev  0x00001405      0x247 build/stm32f4xx_hal_msp.o
 .debug_abbrev  0x0000164c      0x23e build/stm32f4xx_hal_timebase_tim.o
 .debug_abbrev  0x0000188a      0x2de build/stm32f4xx_hal_rcc.o
 .debug_abbrev  0x00001b68      0x22b build/stm32f4xx_hal_gpio.o
 .debug_abbrev  0x00001d93      0x2be build/stm32f4xx_hal_dma.o
 .debug_abbrev  0x00002051      0x371 build/stm32f4xx_hal_cortex.o
 .debug_abbrev  0x000023c2      0x275 build/stm32f4xx_hal.o
 .debug_abbrev  0x00002637      0x339 build/stm32f4xx_hal_i2c.o
 .debug_abbrev  0x00002970      0x2c6 build/stm32f4xx_hal_spi.o
 .debug_abbrev  0x00002c36      0x2c7 build/stm32f4xx_hal_tim.o
 .debug_abbrev  0x00002efd      0x2c1 build/stm32f4xx_hal_tim_ex.o
 .debug_abbrev  0x000031be      0x11b build/system_stm32f4xx.o
 .debug_abbrev  0x000032d9      0x124 build/list.o
 .debug_abbrev  0x000033fd      0x431 build/queue.o
 .debug_abbrev  0x0000382e      0x3f2 build/tasks.o
 .debug_abbrev  0x00003c20      0x39e build/timers.o
 .debug_abbrev  0x00003fbe      0x3fb build/cmsis_os.o
 .debug_abbrev  0x000043b9      0x27a build/heap_4.o
 .debug_abbrev  0x00004633      0x2af build/port.o
 .debug_abbrev  0x000048e2       0x12 build/startup_stm32f401xc.o
 .debug_abbrev  0x000048f4      0x15a c:/libraries/gcc/11.2 2022.02/bin/../lib/gcc/arm-none-eabi/11.2.1/thumb/v7e-m+fp/hard\libc_nano.a(lib_a-impure.o)
 .debug_abbrev  0x00004a4e       0xc9 c:/libraries/gcc/11.2 2022.02/bin/../lib/gcc/arm-none-eabi/11.2.1/thumb/v7e-m+fp/hard\libc_nano.a(lib_a-init.o)
 .debug_abbrev  0x00004b17       0xc1 c:/libraries/gcc/11.2 2022.02/bin/../lib/gcc/arm-none-eabi/11.2.1/thumb/v7e-m+fp/hard\libc_nano.a(lib_a-memcpy-stub.o)
 .debug_abbrev  0x00004bd8       0x9e c:/libraries/gcc/11.2 2022.02/bin/../lib/gcc/arm-none-eabi/11.2.1/thumb/v7e-m+fp/hard\libc_nano.a(lib_a-memset.o)
 .debug_abbrev  0x00004c76      0x21c c:/libraries/gcc/11.2 2022.02/bin/../lib/gcc/arm-none-eabi/11.2.1/thumb/v7e-m+fp/hard\libc_nano.a(lib_a-sprintf.o)
 .debug_abbrev  0x00004e92       0xad c:/libraries/gcc/11.2 2022.02/bin/../lib/gcc/arm-none-eabi/11.2.1/thumb/v7e-m+fp/hard\libc_nano.a(lib_a-strstr.o)
 .debug_abbrev  0x00004f3f      0x2e5 c:/libraries/gcc/11.2 2022.02/bin/../lib/gcc/arm-none-eabi/11.2.1/thumb/v7e-m+fp/hard\libc_nano.a(lib_a-strtol.o)
 .debug_abbrev  0x00005224       0x62 c:/libraries/gcc/11.2 2022.02/bin/../lib/gcc/arm-none-eabi/11.2.1/thumb/v7e-m+fp/hard\libc_nano.a(lib_a-ctype_.o)
 .debug_abbrev  0x00005286      0x15e c:/libraries/gcc/11.2 2022.02/bin/../lib/gcc/arm-none-eabi/11.2.1/thumb/v7e-m+fp/hard\libc_nano.a(lib_a-errno.o)
 .debug_abbrev  0x000053e4      0x315 c:/libraries/gcc/11.2 2022.02/bin/../lib/gcc/arm-none-eabi/11.2.1/thumb/v7e-m+fp/hard\libc_nano.a(lib_a-nano-svfprintf.o)
 .debug_abbrev  0x000056f9      0x285 c:/libraries/gcc/11.2 2022.02/bin/../lib/gcc/arm-none-eabi/11.2.1/thumb/v7e-m+fp/hard\libc_nano.a(lib_a-nano-vfprintf_i.o)
 .debug_abbrev  0x0000597e       0x14 c:/libraries/gcc/11.2 2022.02/bin/../lib/gcc/arm-none-eabi/11.2.1/thumb/v7e-m+fp/hard\libc_nano.a(lib_a-memchr.o)
 .debug_abbrev  0x00005992       0xac c:/libraries/gcc/11.2 2022.02/bin/../lib/gcc/arm-none-eabi/11.2.1/thumb/v7e-m+fp/hard\libc_nano.a(lib_a-memmove.o)
 .debug_abbrev  0x00005a3e      0x23b c:/libraries/gcc/11.2 2022.02/bin/../lib/gcc/arm-none-eabi/11.2.1/thumb/v7e-m+fp/hard\libc_nano.a(lib_a-nano-freer.o)
 .debug_abbrev  0x00005c79      0x24a c:/libraries/gcc/11.2 2022.02/bin/../lib/gcc/arm-none-eabi/11.2.1/thumb/v7e-m+fp/hard\libc_nano.a(lib_a-nano-mallocr.o)
 .debug_abbrev  0x00005ec3      0x217 c:/libraries/gcc/11.2 2022.02/bin/../lib/gcc/arm-none-eabi/11.2.1/thumb/v7e-m+fp/hard\libc_nano.a(lib_a-nano-reallocr.o)
 .debug_abbrev  0x000060da      0x1da c:/libraries/gcc/11.2 2022.02/bin/../lib/gcc/arm-none-eabi/11.2.1/thumb/v7e-m+fp/hard\libc_nano.a(lib_a-sbrkr.o)
 .debug_abbrev  0x000062b4      0x192 c:/libraries/gcc/11.2 2022.02/bin/../lib/gcc/arm-none-eabi/11.2.1/thumb/v7e-m+fp/hard\libc_nano.a(lib_a-mlock.o)
 .debug_abbrev  0x00006446      0x196 c:/libraries/gcc/11.2 2022.02/bin/../lib/gcc/arm-none-eabi/11.2.1/thumb/v7e-m+fp/hard\libc_nano.a(lib_a-nano-msizer.o)
 .debug_abbrev  0x000065dc      0x233 c:/libraries/gcc/11.2 2022.02/bin/../lib/gcc/arm-none-eabi/11.2.1/thumb/v7e-m+fp/hard\libc_nano.a(lib_a-reent.o)
 .debug_abbrev  0x0000680f       0xa1 c:/libraries/gcc/11.2 2022.02/bin/../lib/gcc/arm-none-eabi/11.2.1/thumb/v7e-m+fp/hard\libnosys.a(sbrk.o)
 .debug_abbrev  0x000068b0       0x14 c:/libraries/gcc/11.2 2022.02/bin/../lib/gcc/arm-none-eabi/11.2.1/thumb/v7e-m+fp/hard\libgcc.a(_aeabi_uldivmod.o)
 .debug_abbrev  0x000068c4      0x16a c:/libraries/gcc/11.2 2022.02/bin/../lib/gcc/arm-none-eabi/11.2.1/thumb/v7e-m+fp/hard\libgcc.a(_udivmoddi4.o)
 .debug_abbrev  0x00006a2e       0x14 c:/libraries/gcc/11.2 2022.02/bin/../lib/gcc/arm-none-eabi/11.2.1/thumb/v7e-m+fp/hard\libgcc.a(_dvmd_tls.o)

.debug_loc      0x00000000    0x1ba5e
 .debug_loc     0x00000000      0x2e4 build/main.o
 .debug_loc     0x000002e4     0x16b2 build/ssd1306.o
 .debug_loc     0x00001996      0x227 build/i2c-lcd.o
 .debug_loc     0x00001bbd      0xc8b build/lora.o
 .debug_loc     0x00002848      0x18e build/koth_game.o
 .debug_loc     0x000029d6      0x142 build/stm32f4xx_it.o
 .debug_loc     0x00002b18      0x1ef build/stm32f4xx_hal_msp.o
 .debug_loc     0x00002d07       0xe8 build/stm32f4xx_hal_timebase_tim.o
 .debug_loc     0x00002def      0x6e4 build/stm32f4xx_hal_rcc.o
 .debug_loc     0x000034d3      0x5db build/stm32f4xx_hal_gpio.o
 .debug_loc     0x00003aae      0xd6d build/stm32f4xx_hal_dma.o
 .debug_loc     0x0000481b      0x831 build/stm32f4xx_hal_cortex.o
 .debug_loc     0x0000504c      0x1e1 build/stm32f4xx_hal.o
 .debug_loc     0x0000522d     0x4dd4 build/stm32f4xx_hal_i2c.o
 .debug_loc     0x0000a001     0x2501 build/stm32f4xx_hal_spi.o
 .debug_loc     0x0000c502     0x5c85 build/stm32f4xx_hal_tim.o
 .debug_loc     0x00012187     0x2161 build/stm32f4xx_hal_tim_ex.o
 .debug_loc     0x000142e8      0x158 build/system_stm32f4xx.o
 .debug_loc     0x00014440       0xe5 build/list.o
 .debug_loc     0x00014525     0x1ad5 build/queue.o
 .debug_loc     0x00015ffa     0x2447 build/tasks.o
 .debug_loc     0x00018441     0x12ec build/timers.o
 .debug_loc     0x0001972d     0x1c8d build/cmsis_os.o
 .debug_loc     0x0001b3ba      0x4e4 build/heap_4.o
 .debug_loc     0x0001b89e      0x1c0 build/port.o

.debug_aranges  0x00000000     0x1ae0
 .debug_aranges
                0x00000000       0x88 build/main.o
 .debug_aranges
                0x00000088       0x18 build/globals.o
 .debug_aranges
                0x000000a0       0xe0 build/ssd1306.o
 .debug_aranges
                0x00000180       0x18 build/ssd1306_fonts.o
 .debug_aranges
                0x00000198       0x48 build/i2c-lcd.o
 .debug_aranges
                0x000001e0       0xb8 build/lora.o
 .debug_aranges
                0x00000298       0x50 build/koth_game.o
 .debug_aranges
                0x000002e8       0x28 build/freertos.o
 .debug_aranges
                0x00000310       0x98 build/stm32f4xx_it.o
 .debug_aranges
                0x000003a8       0x40 build/stm32f4xx_hal_msp.o
 .debug_aranges
                0x000003e8       0x30 build/stm32f4xx_hal_timebase_tim.o
 .debug_aranges
                0x00000418       0x88 build/stm32f4xx_hal_rcc.o
 .debug_aranges
                0x000004a0       0x58 build/stm32f4xx_hal_gpio.o
 .debug_aranges
                0x000004f8       0x90 build/stm32f4xx_hal_dma.o
 .debug_aranges
                0x00000588       0xa8 build/stm32f4xx_hal_cortex.o
 .debug_aranges
                0x00000630       0xf0 build/stm32f4xx_hal.o
 .debug_aranges
                0x00000720      0x2a0 build/stm32f4xx_hal_i2c.o
 .debug_aranges
                0x000009c0      0x1d0 build/stm32f4xx_hal_spi.o
 .debug_aranges
                0x00000b90      0x3d0 build/stm32f4xx_hal_tim.o
 .debug_aranges
                0x00000f60      0x168 build/stm32f4xx_hal_tim_ex.o
 .debug_aranges
                0x000010c8       0x28 build/system_stm32f4xx.o
 .debug_aranges
                0x000010f0       0x40 build/list.o
 .debug_aranges
                0x00001130      0x110 build/queue.o
 .debug_aranges
                0x00001240      0x1c0 build/tasks.o
 .debug_aranges
                0x00001400       0xd0 build/timers.o
 .debug_aranges
                0x000014d0      0x1d8 build/cmsis_os.o
 .debug_aranges
                0x000016a8       0x58 build/heap_4.o
 .debug_aranges
                0x00001700       0x80 build/port.o
 .debug_aranges
                0x00001780       0x28 build/startup_stm32f401xc.o
 .debug_aranges
                0x000017a8       0x18 c:/libraries/gcc/11.2 2022.02/bin/../lib/gcc/arm-none-eabi/11.2.1/thumb/v7e-m+fp/hard\libc_nano.a(lib_a-impure.o)
 .debug_aranges
                0x000017c0       0x20 c:/libraries/gcc/11.2 2022.02/bin/../lib/gcc/arm-none-eabi/11.2.1/thumb/v7e-m+fp/hard\libc_nano.a(lib_a-init.o)
 .debug_aranges
                0x000017e0       0x20 c:/libraries/gcc/11.2 2022.02/bin/../lib/gcc/arm-none-eabi/11.2.1/thumb/v7e-m+fp/hard\libc_nano.a(lib_a-memcpy-stub.o)
 .debug_aranges
                0x00001800       0x20 c:/libraries/gcc/11.2 2022.02/bin/../lib/gcc/arm-none-eabi/11.2.1/thumb/v7e-m+fp/hard\libc_nano.a(lib_a-memset.o)
 .debug_aranges
                0x00001820       0x28 c:/libraries/gcc/11.2 2022.02/bin/../lib/gcc/arm-none-eabi/11.2.1/thumb/v7e-m+fp/hard\libc_nano.a(lib_a-sprintf.o)
 .debug_aranges
                0x00001848       0x20 c:/libraries/gcc/11.2 2022.02/bin/../lib/gcc/arm-none-eabi/11.2.1/thumb/v7e-m+fp/hard\libc_nano.a(lib_a-strstr.o)
 .debug_aranges
                0x00001868       0x38 c:/libraries/gcc/11.2 2022.02/bin/../lib/gcc/arm-none-eabi/11.2.1/thumb/v7e-m+fp/hard\libc_nano.a(lib_a-strtol.o)
 .debug_aranges
                0x000018a0       0x18 c:/libraries/gcc/11.2 2022.02/bin/../lib/gcc/arm-none-eabi/11.2.1/thumb/v7e-m+fp/hard\libc_nano.a(lib_a-ctype_.o)
 .debug_aranges
                0x000018b8       0x20 c:/libraries/gcc/11.2 2022.02/bin/../lib/gcc/arm-none-eabi/11.2.1/thumb/v7e-m+fp/hard\libc_nano.a(lib_a-errno.o)
 .debug_aranges
                0x000018d8       0x30 c:/libraries/gcc/11.2 2022.02/bin/../lib/gcc/arm-none-eabi/11.2.1/thumb/v7e-m+fp/hard\libc_nano.a(lib_a-nano-svfprintf.o)
 .debug_aranges
                0x00001908       0x28 c:/libraries/gcc/11.2 2022.02/bin/../lib/gcc/arm-none-eabi/11.2.1/thumb/v7e-m+fp/hard\libc_nano.a(lib_a-nano-vfprintf_i.o)
 .debug_aranges
                0x00001930       0x20 c:/libraries/gcc/11.2 2022.02/bin/../lib/gcc/arm-none-eabi/11.2.1/thumb/v7e-m+fp/hard\libc_nano.a(lib_a-memchr.o)
 .debug_aranges
                0x00001950       0x20 c:/libraries/gcc/11.2 2022.02/bin/../lib/gcc/arm-none-eabi/11.2.1/thumb/v7e-m+fp/hard\libc_nano.a(lib_a-memmove.o)
 .debug_aranges
                0x00001970       0x20 c:/libraries/gcc/11.2 2022.02/bin/../lib/gcc/arm-none-eabi/11.2.1/thumb/v7e-m+fp/hard\libc_nano.a(lib_a-nano-freer.o)
 .debug_aranges
                0x00001990       0x28 c:/libraries/gcc/11.2 2022.02/bin/../lib/gcc/arm-none-eabi/11.2.1/thumb/v7e-m+fp/hard\libc_nano.a(lib_a-nano-mallocr.o)
 .debug_aranges
                0x000019b8       0x20 c:/libraries/gcc/11.2 2022.02/bin/../lib/gcc/arm-none-eabi/11.2.1/thumb/v7e-m+fp/hard\libc_nano.a(lib_a-nano-reallocr.o)
 .debug_aranges
                0x000019d8       0x20 c:/libraries/gcc/11.2 2022.02/bin/../lib/gcc/arm-none-eabi/11.2.1/thumb/v7e-m+fp/hard\libc_nano.a(lib_a-sbrkr.o)
 .debug_aranges
                0x000019f8       0x20 c:/libraries/gcc/11.2 2022.02/bin/../lib/gcc/arm-none-eabi/11.2.1/thumb/v7e-m+fp/hard\libc_nano.a(lib_a-mlock.o)
 .debug_aranges
                0x00001a18       0x20 c:/libraries/gcc/11.2 2022.02/bin/../lib/gcc/arm-none-eabi/11.2.1/thumb/v7e-m+fp/hard\libc_nano.a(lib_a-nano-msizer.o)
 .debug_aranges
                0x00001a38       0x28 c:/libraries/gcc/11.2 2022.02/bin/../lib/gcc/arm-none-eabi/11.2.1/thumb/v7e-m+fp/hard\libc_nano.a(lib_a-reent.o)
 .debug_aranges
                0x00001a60       0x20 c:/libraries/gcc/11.2 2022.02/bin/../lib/gcc/arm-none-eabi/11.2.1/thumb/v7e-m+fp/hard\libnosys.a(sbrk.o)
 .debug_aranges
                0x00001a80       0x20 c:/libraries/gcc/11.2 2022.02/bin/../lib/gcc/arm-none-eabi/11.2.1/thumb/v7e-m+fp/hard\libgcc.a(_aeabi_uldivmod.o)
 .debug_aranges
                0x00001aa0       0x20 c:/libraries/gcc/11.2 2022.02/bin/../lib/gcc/arm-none-eabi/11.2.1/thumb/v7e-m+fp/hard\libgcc.a(_udivmoddi4.o)
 .debug_aranges
                0x00001ac0       0x20 c:/libraries/gcc/11.2 2022.02/bin/../lib/gcc/arm-none-eabi/11.2.1/thumb/v7e-m+fp/hard\libgcc.a(_dvmd_tls.o)

.debug_ranges   0x00000000     0x18b8
 .debug_ranges  0x00000000       0x78 build/main.o
 .debug_ranges  0x00000078      0x148 build/ssd1306.o
 .debug_ranges  0x000001c0       0x38 build/i2c-lcd.o
 .debug_ranges  0x000001f8       0xa8 build/lora.o
 .debug_ranges  0x000002a0       0x40 build/koth_game.o
 .debug_ranges  0x000002e0       0x18 build/freertos.o
 .debug_ranges  0x000002f8       0x88 build/stm32f4xx_it.o
 .debug_ranges  0x00000380       0x30 build/stm32f4xx_hal_msp.o
 .debug_ranges  0x000003b0       0x20 build/stm32f4xx_hal_timebase_tim.o
 .debug_ranges  0x000003d0       0x90 build/stm32f4xx_hal_rcc.o
 .debug_ranges  0x00000460       0x48 build/stm32f4xx_hal_gpio.o
 .debug_ranges  0x000004a8       0x80 build/stm32f4xx_hal_dma.o
 .debug_ranges  0x00000528       0xf8 build/stm32f4xx_hal_cortex.o
 .debug_ranges  0x00000620       0xe0 build/stm32f4xx_hal.o
 .debug_ranges  0x00000700      0x2a8 build/stm32f4xx_hal_i2c.o