Archive member included to satisfy reference by file (symbol)

c:/libraries/gcc/11.2 2022.02/bin/../lib/gcc/arm-none-eabi/11.2.1/thumb/v7e-m+fp/hard\libc_nano.a(lib_a-exit.o)
                              c:/libraries/gcc/11.2 2022.02/bin/../lib/gcc/arm-none-eabi/11.2.1/thumb/v7e-m+fp/hard/crt0.o (exit)
c:/libraries/gcc/11.2 2022.02/bin/../lib/gcc/arm-none-eabi/11.2.1/thumb/v7e-m+fp/hard\libc_nano.a(lib_a-impure.o)
                              c:/libraries/gcc/11.2 2022.02/bin/../lib/gcc/arm-none-eabi/11.2.1/thumb/v7e-m+fp/hard\libc_nano.a(lib_a-exit.o) (_global_impure_ptr)
c:/libraries/gcc/11.2 2022.02/bin/../lib/gcc/arm-none-eabi/11.2.1/thumb/v7e-m+fp/hard\libc_nano.a(lib_a-init.o)
                              c:/libraries/gcc/11.2 2022.02/bin/../lib/gcc/arm-none-eabi/11.2.1/thumb/v7e-m+fp/hard/crt0.o (__libc_init_array)
c:/libraries/gcc/11.2 2022.02/bin/../lib/gcc/arm-none-eabi/11.2.1/thumb/v7e-m+fp/hard\libc_nano.a(lib_a-memcpy-stub.o)
                              build/queue.o (memcpy)
c:/libraries/gcc/11.2 2022.02/bin/../lib/gcc/arm-none-eabi/11.2.1/thumb/v7e-m+fp/hard\libc_nano.a(lib_a-memset.o)
                              c:/libraries/gcc/11.2 2022.02/bin/../lib/gcc/arm-none-eabi/11.2.1/thumb/v7e-m+fp/hard/crt0.o (memset)
c:/libraries/gcc/11.2 2022.02/bin/../lib/gcc/arm-none-eabi/11.2.1/thumb/v7e-m+fp/hard\libc_nano.a(lib_a-sprintf.o)
                              build/main.o (sprintf)
c:/libraries/gcc/11.2 2022.02/bin/../lib/gcc/arm-none-eabi/11.2.1/thumb/v7e-m+fp/hard\libc_nano.a(lib_a-strstr.o)
                              build/koth_game.o (strstr)
c:/libraries/gcc/11.2 2022.02/bin/../lib/gcc/arm-none-eabi/11.2.1/thumb/v7e-m+fp/hard\libc_nano.a(lib_a-strtol.o)
                              build/koth_game.o (strtol)
c:/libraries/gcc/11.2 2022.02/bin/../lib/gcc/arm-none-eabi/11.2.1/thumb/v7e-m+fp/hard\libc_nano.a(lib_a-ctype_.o)
                              c:/libraries/gcc/11.2 2022.02/bin/../lib/gcc/arm-none-eabi/11.2.1/thumb/v7e-m+fp/hard\libc_nano.a(lib_a-strtol.o) (_ctype_)
c:/libraries/gcc/11.2 2022.02/bin/../lib/gcc/arm-none-eabi/11.2.1/thumb/v7e-m+fp/hard\libc_nano.a(lib_a-errno.o)
                              c:/libraries/gcc/11.2 2022.02/bin/../lib/gcc/arm-none-eabi/11.2.1/thumb/v7e-m+fp/hard\libc_nano.a(lib_a-strtol.o) (__errno)
c:/libraries/gcc/11.2 2022.02/bin/../lib/gcc/arm-none-eabi/11.2.1/thumb/v7e-m+fp/hard\libc_nano.a(lib_a-nano-svfprintf.o)
                              c:/libraries/gcc/11.2 2022.02/bin/../lib/gcc/arm-none-eabi/11.2.1/thumb/v7e-m+fp/hard\libc_nano.a(lib_a-sprintf.o) (_svfprintf_r)
c:/libraries/gcc/11.2 2022.02/bin/../lib/gcc/arm-none-eabi/11.2.1/thumb/v7e-m+fp/hard\libc_nano.a(lib_a-nano-vfprintf_i.o)
                              c:/libraries/gcc/11.2 2022.02/bin/../lib/gcc/arm-none-eabi/11.2.1/thumb/v7e-m+fp/hard\libc_nano.a(lib_a-nano-svfprintf.o) (_printf_i)
c:/libraries/gcc/11.2 2022.02/bin/../lib/gcc/arm-none-eabi/11.2.1/thumb/v7e-m+fp/hard\libc_nano.a(lib_a-memchr.o)
                              c:/libraries/gcc/11.2 2022.02/bin/../lib/gcc/arm-none-eabi/11.2.1/thumb/v7e-m+fp/hard\libc_nano.a(lib_a-nano-svfprintf.o) (memchr)
c:/libraries/gcc/11.2 2022.02/bin/../lib/gcc/arm-none-eabi/11.2.1/thumb/v7e-m+fp/hard\libc_nano.a(lib_a-memmove.o)
                              c:/libraries/gcc/11.2 2022.02/bin/../lib/gcc/arm-none-eabi/11.2.1/thumb/v7e-m+fp/hard\libc_nano.a(lib_a-nano-svfprintf.o) (memmove)
c:/libraries/gcc/11.2 2022.02/bin/../lib/gcc/arm-none-eabi/11.2.1/thumb/v7e-m+fp/hard\libc_nano.a(lib_a-nano-freer.o)
                              c:/libraries/gcc/11.2 2022.02/bin/../lib/gcc/arm-none-eabi/11.2.1/thumb/v7e-m+fp/hard\libc_nano.a(lib_a-nano-svfprintf.o) (_free_r)
c:/libraries/gcc/11.2 2022.02/bin/../lib/gcc/arm-none-eabi/11.2.1/thumb/v7e-m+fp/hard\libc_nano.a(lib_a-nano-mallocr.o)
                              c:/libraries/gcc/11.2 2022.02/bin/../lib/gcc/arm-none-eabi/11.2.1/thumb/v7e-m+fp/hard\libc_nano.a(lib_a-nano-svfprintf.o) (_malloc_r)
c:/libraries/gcc/11.2 2022.02/bin/../lib/gcc/arm-none-eabi/11.2.1/thumb/v7e-m+fp/hard\libc_nano.a(lib_a-nano-reallocr.o)
                              c:/libraries/gcc/11.2 2022.02/bin/../lib/gcc/arm-none-eabi/11.2.1/thumb/v7e-m+fp/hard\libc_nano.a(lib_a-nano-svfprintf.o) (_realloc_r)
c:/libraries/gcc/11.2 2022.02/bin/../lib/gcc/arm-none-eabi/11.2.1/thumb/v7e-m+fp/hard\libc_nano.a(lib_a-sbrkr.o)
                              c:/libraries/gcc/11.2 2022.02/bin/../lib/gcc/arm-none-eabi/11.2.1/thumb/v7e-m+fp/hard\libc_nano.a(lib_a-nano-mallocr.o) (_sbrk_r)
c:/libraries/gcc/11.2 2022.02/bin/../lib/gcc/arm-none-eabi/11.2.1/thumb/v7e-m+fp/hard\libc_nano.a(lib_a-mlock.o)
                              c:/libraries/gcc/11.2 2022.02/bin/../lib/gcc/arm-none-eabi/11.2.1/thumb/v7e-m+fp/hard\libc_nano.a(lib_a-nano-freer.o) (__malloc_lock)
c:/libraries/gcc/11.2 2022.02/bin/../lib/gcc/arm-none-eabi/11.2.1/thumb/v7e-m+fp/hard\libc_nano.a(lib_a-nano-msizer.o)
[...]
Memory Configuration

Name             Origin             Length             Attributes
RAM              0x20000000         0x00010000         xrw
FLASH            0x08000000         0x00040000         xr
*default*        0x00000000         0xffffffff

Linker script and memory map

LOAD c:/libraries/gcc/11.2 2022.02/bin/../lib/gcc/arm-none-eabi/11.2.1/thumb/v7e-m+fp/hard/crti.o
LOAD c:/libraries/gcc/11.2 2022.02/bin/../lib/gcc/arm-none-eabi/11.2.1/thumb/v7e-m+fp/hard/crtbegin.o
LOAD c:/libraries/gcc/11.2 2022.02/bin/../lib/gcc/arm-none-eabi/11.2.1/thumb/v7e-m+fp/hard/crt0.o
LOAD build/globals.o
LOAD build/main.o
LOAD build/i2c-lcd.o
LOAD build/lora_sx1276.o
LOAD build/koth_game.o
LOAD build/freertos.o
LOAD build/stm32f4xx_it.o
LOAD build/stm32f4xx_hal_msp.o
LOAD build/stm32f4xx_hal_timebase_tim.o
LOAD build/stm32f4xx_hal_rcc.o
LOAD build/stm32f4xx_hal_rcc_ex.o
LOAD build/stm32f4xx_hal_flash.o
LOAD build/stm32f4xx_hal_flash_ex.o
LOAD build/stm32f4xx_hal_flash_ramfunc.o
LOAD build/stm32f4xx_hal_gpio.o
LOAD build/stm32f4xx_hal_dma_ex.o
LOAD build/stm32f4xx_hal_dma.o
LOAD build/stm32f4xx_hal_pwr.o
LOAD build/stm32f4xx_hal_pwr_ex.o
LOAD build/stm32f4xx_hal_cortex.o
LOAD build/stm32f4xx_hal.o
LOAD build/stm32f4xx_hal_exti.o
LOAD build/stm32f4xx_hal_i2c.o
LOAD build/stm32f4xx_hal_i2c_ex.o
LOAD build/stm32f4xx_hal_spi.o
LOAD build/stm32f4xx_hal_tim.o
LOAD build/stm32f4xx_hal_tim_ex.o
LOAD build/system_stm32f4xx.o
LOAD build/croutine.o
LOAD build/event_groups.o
LOAD build/list.o
LOAD build/queue.o
LOAD build/stream_buffer.o
LOAD build/tasks.o
LOAD build/timers.o
LOAD build/cmsis_os.o
LOAD build/heap_4.o
LOAD build/port.o
LOAD build/startup_stm32f401xc.o
LOAD c:/libraries/gcc/11.2 2022.02/bin/../lib/gcc/arm-none-eabi/11.2.1/thumb/v7e-m+fp/hard\libc_nano.a
LOAD c:/libraries/gcc/11.2 2022.02/bin/../lib/gcc/arm-none-eabi/11.2.1/thumb/v7e-m+fp/hard\libm.a
LOAD c:/libraries/gcc/11.2 2022.02/bin/../lib/gcc/arm-none-eabi/11.2.1/thumb/v7e-m+fp/hard\libnosys.a
START GROUP
LOAD c:/libraries/gcc/11.2 2022.02/bin/../lib/gcc/arm-none-eabi/11.2.1/thumb/v7e-m+fp/hard\libgcc.a
LOAD c:/libraries/gcc/11.2 2022.02/bin/../lib/gcc/arm-none-eabi/11.2.1/thumb/v7e-m+fp/hard\libc_nano.a
END GROUP
START GROUP
LOAD c:/libraries/gcc/11.2 2022.02/bin/../lib/gcc/arm-none-eabi/11.2.1/thumb/v7e-m+fp/hard\libgcc.a
LOAD c:/libraries/gcc/11.2 2022.02/bin/../lib/gcc/arm-none-eabi/11.2.1/thumb/v7e-m+fp/hard\libc_nano.a
END GROUP
LOAD c:/libraries/gcc/11.2 2022.02/bin/../lib/gcc/arm-none-eabi/11.2.1/thumb/v7e-m+fp/hard/crtend.o
LOAD c:/libraries/gcc/11.2 2022.02/bin/../lib/gcc/arm-none-eabi/11.2.1/thumb/v7e-m+fp/hard/crtn.o
                0x20010000                _estack = (ORIGIN (RAM) + LENGTH (RAM))
                0x00000200                _Min_Heap_Size = 0x200
                0x00000400                _Min_Stack_Size = 0x400

.isr_vector     0x08000000      0x194
                0x08000000                . = ALIGN (0x4)
 *(.isr_vector)
 .isr_vector    0x08000000      0x194 build/startup_stm32f401xc.o
                0x08000000                g_pfnVectors
                0x08000194                . = ALIGN (0x4)

.text           0x080001a0     0x7558
                0x080001a0                . = ALIGN (0x4)
 *(.text)
 .text          0x080001a0       0xa0 c:/libraries/gcc/11.2 2022.02/bin/../lib/gcc/arm-none-eabi/11.2.1/thumb/v7e-m+fp/hard\libc_nano.a(lib_a-memchr.o)
                0x080001a0                memchr
 .text          0x08000240       0x30 c:/libraries/gcc/11.2 2022.02/bin/../lib/gcc/arm-none-eabi/11.2.1/thumb/v7e-m+fp/hard\libgcc.a(_aeabi_uldivmod.o)
                0x08000240                __aeabi_uldivmod
 .text          0x08000270        0x4 c:/libraries/gcc/11.2 2022.02/bin/../lib/gcc/arm-none-eabi/11.2.1/thumb/v7e-m+fp/hard\libgcc.a(_dvmd_tls.o)
                0x08000270                __aeabi_idiv0
                0x08000270                __aeabi_ldiv0
 *(.text*)
 .text.deregister_tm_clones
                0x08000274       0x1c c:/libraries/gcc/11.2 2022.02/bin/../lib/gcc/arm-none-eabi/11.2.1/thumb/v7e-m+fp/hard/crtbegin.o
 .text.register_tm_clones
                0x08000290       0x24 c:/libraries/gcc/11.2 2022.02/bin/../lib/gcc/arm-none-eabi/11.2.1/thumb/v7e-m+fp/hard/crtbegin.o
 .text.__do_global_dtors_aux
                0x080002b4       0x28 c:/libraries/gcc/11.2 2022.02/bin/../lib/gcc/arm-none-eabi/11.2.1/thumb/v7e-m+fp/hard/crtbegin.o
 .text.frame_dummy
                0x080002dc       0x24 c:/libraries/gcc/11.2 2022.02/bin/../lib/gcc/arm-none-eabi/11.2.1/thumb/v7e-m+fp/hard/crtbegin.o
 .text.msTickCallback
                0x08000300       0x64 build/main.o
                0x08000300                msTickCallback
 .text.debounceCallback
                0x08000364        0xc build/main.o
                0x08000364                debounceCallback
 .text.MX_GPIO_Init
                0x08000370       0xc8 build/main.o
 .text.MX_DMA_Init
                0x08000438       0x34 build/main.o
 .text.StartDisplayTask
                0x0800046c        0xa build/main.o
                0x0800046c                StartDisplayTask
 *fill*         0x08000476        0x2 
 .text.StartDefaultTask
                0x08000478      0x1e4 build/main.o
                0x08000478                StartDefaultTask
 .text.StartLoraRXTask
                0x0800065c       0x38 build/main.o
                0x0800065c                StartLoraRXTask
 .text.HAL_GPIO_EXTI_Callback
                0x08000694       0x2c build/main.o
                0x08000694                HAL_GPIO_EXTI_Callback
 .text.HAL_TIM_PeriodElapsedCallback
                0x080006c0       0x18 build/main.o
                0x080006c0                HAL_TIM_PeriodElapsedCallback
 .text.Error_Handler
                0x080006d8        0x4 build/main.o
                0x080006d8                Error_Handler
 .text.MX_SPI1_Init
                0x080006dc       0x40 build/main.o
 .text.MX_I2C1_Init
                0x0800071c       0x3c build/main.o
 .text.SystemClock_Config
                0x08000758       0xac build/main.o
                0x08000758                SystemClock_Config
 *fill*         0x08000804        0x4 
 .text.main     0x08000808      0x118 build/main.o
                0x08000808                main
 .text.lcd_send_cmd
                0x08000920       0x48 build/i2c-lcd.o
                0x08000920                lcd_send_cmd
 .text.lcd_send_data
                0x08000968       0x48 build/i2c-lcd.o
                0x08000968                lcd_send_data
 .text.lcd_clear
                0x080009b0       0x1a build/i2c-lcd.o
                0x080009b0                lcd_clear
 .text.lcd_put_cur
                0x080009ca       0x1c build/i2c-lcd.o
                0x080009ca                lcd_put_cur
 .text.lcd_init
                0x080009e6       0x76 build/i2c-lcd.o
                0x080009e6                lcd_init
 .text.lcd_send_string
                0x08000a5c       0x14 build/i2c-lcd.o
                0x08000a5c                lcd_send_string
 .text.write_register
                0x08000a70       0x38 build/lora_sx1276.o
 .text.set_mode
                0x08000aa8        0xe build/lora_sx1276.o
 *fill*         0x08000ab6        0x2 
 .text.set_OCP  0x08000ab8       0x44 build/lora_sx1276.o
 .text.read_register
                0x08000afc       0x50 build/lora_sx1276.o
 .text.set_low_data_rate_optimization
                0x08000b4c       0x36 build/lora_sx1276.o
 .text.write_fifo
                0x08000b82       0x54 build/lora_sx1276.o
 .text.read_fifo
                0x08000bd6       0x52 build/lora_sx1276.o
 .text.lora_mode_sleep
                0x08000c28        0xa build/lora_sx1276.o
                0x08000c28                lora_mode_sleep
 .text.lora_mode_standby
                0x08000c32        0xa build/lora_sx1276.o
                0x08000c32                lora_mode_standby
 .text.lora_set_explicit_header_mode
                0x08000c3c       0x18 build/lora_sx1276.o
                0x08000c3c                lora_set_explicit_header_mode
 .text.lora_set_tx_power
                0x08000c54       0x6c build/lora_sx1276.o
                0x08000c54                lora_set_tx_power
 .text.lora_set_frequency
                0x08000cc0       0x40 build/lora_sx1276.o
                0x08000cc0                lora_set_frequency
 .text.lora_set_spreading_factor
                0x08000d00       0x64 build/lora_sx1276.o
                0x08000d00                lora_set_spreading_factor
 .text.lora_set_preamble_length
                0x08000d64       0x1c build/lora_sx1276.o
                0x08000d64                lora_set_preamble_length
 .text.lora_version
                0x08000d80        0xa build/lora_sx1276.o
                0x08000d80                lora_version
 .text.lora_is_transmitting
                0x08000d8a       0x18 build/lora_sx1276.o
                0x08000d8a                lora_is_transmitting
 .text.lora_is_packet_available
                0x08000da2        0xe build/lora_sx1276.o
                0x08000da2                lora_is_packet_available
 .text.lora_pending_packet_length
                0x08000db0       0x24 build/lora_sx1276.o
                0x08000db0                lora_pending_packet_length
 .text.lora_receive_packet_base
                0x08000dd4       0x7e build/lora_sx1276.o
 .text.lora_receive_packet
                0x08000e52       0x10 build/lora_sx1276.o
                0x08000e52                lora_receive_packet
 .text.lora_clear_interrupt_tx_done
                0x08000e62        0xc build/lora_sx1276.o
                0x08000e62                lora_clear_interrupt_tx_done
 .text.lora_send_packet_base
                0x08000e6e       0x64 build/lora_sx1276.o
 .text.lora_send_packet
                0x08000ed2        0xa build/lora_sx1276.o
                0x08000ed2                lora_send_packet
 .text.lora_init
                0x08000edc       0x8a build/lora_sx1276.o
                0x08000edc                lora_init
 *fill*         0x08000f66        0x2 
 .text.resetGame
                0x08000f68       0x24 build/koth_game.o
                0x08000f68                resetGame
 .text.sendOpcode
                0x08000f8c       0x3c build/koth_game.o
                0x08000f8c                sendOpcode
 .text.getKOTHPacket
                0x08000fc8       0xc0 build/koth_game.o
                0x08000fc8                getKOTHPacket
 .text.btnPressed
                0x08001088       0x50 build/koth_game.o
                0x08001088                btnPressed
 .text.vApplicationGetIdleTaskMemory
                0x080010d8       0x18 build/freertos.o
                0x080010d8                vApplicationGetIdleTaskMemory
 .text.vApplicationGetTimerTaskMemory
                0x080010f0       0x18 build/freertos.o
                0x080010f0                vApplicationGetTimerTaskMemory
 .text.NMI_Handler
                0x08001108        0x2 build/stm32f4xx_it.o
                0x08001108                NMI_Handler
 .text.HardFault_Handler
                0x0800110a        0x2 build/stm32f4xx_it.o
                0x0800110a                HardFault_Handler
 .text.MemManage_Handler
                0x0800110c        0x2 build/stm32f4xx_it.o
                0x0800110c                MemManage_Handler
 .text.BusFault_Handler
                0x0800110e        0x2 build/stm32f4xx_it.o
                0x0800110e                BusFault_Handler
 .text.UsageFault_Handler
                0x08001110        0x2 build/stm32f4xx_it.o
                0x08001110                UsageFault_Handler
 .text.DebugMon_Handler
                0x08001112        0x2 build/stm32f4xx_it.o
                0x08001112                DebugMon_Handler
 .text.EXTI0_IRQHandler
                0x08001114        0xa build/stm32f4xx_it.o
                0x08001114                EXTI0_IRQHandler
 *fill*         0x0800111e        0x2 
 .text.DMA1_Stream6_IRQHandler
                0x08001120       0x10 build/stm32f4xx_it.o
                0x08001120                DMA1_Stream6_IRQHandler
 .text.TIM1_UP_TIM10_IRQHandler
                0x08001130       0x10 build/stm32f4xx_it.o
                0x08001130                TIM1_UP_TIM10_IRQHandler
 .text.I2C1_EV_IRQHandler
                0x08001140       0x10 build/stm32f4xx_it.o
                0x08001140                I2C1_EV_IRQHandler
 .text.HAL_MspInit
                0x08001150       0x44 build/stm32f4xx_hal_msp.o
                0x08001150                HAL_MspInit
 .text.HAL_I2C_MspInit
                0x08001194       0xbc build/stm32f4xx_hal_msp.o
                0x08001194                HAL_I2C_MspInit
 .text.HAL_SPI_MspInit
                0x08001250       0x70 build/stm32f4xx_hal_msp.o
                0x08001250                HAL_SPI_MspInit
 .text.HAL_InitTick
                0x080012c0       0x94 build/stm32f4xx_hal_timebase_tim.o
                0x080012c0                HAL_InitTick
 .text.HAL_RCC_OscConfig
                0x08001354      0x3f8 build/stm32f4xx_hal_rcc.o
                0x08001354                HAL_RCC_OscConfig
 .text.HAL_RCC_GetSysClockFreq
                0x0800174c       0xa8 build/stm32f4xx_hal_rcc.o
                0x0800174c                HAL_RCC_GetSysClockFreq
 .text.HAL_RCC_ClockConfig
                0x080017f4      0x160 build/stm32f4xx_hal_rcc.o
                0x080017f4                HAL_RCC_ClockConfig
 .text.HAL_RCC_GetHCLKFreq
                0x08001954        0xc build/stm32f4xx_hal_rcc.o
                0x08001954                HAL_RCC_GetHCLKFreq
 .text.HAL_RCC_GetPCLK1Freq
                0x08001960       0x20 build/stm32f4xx_hal_rcc.o
                0x08001960                HAL_RCC_GetPCLK1Freq
 .text.HAL_RCC_GetPCLK2Freq
                0x08001980       0x20 build/stm32f4xx_hal_rcc.o
                0x08001980                HAL_RCC_GetPCLK2Freq
 .text.HAL_RCC_GetClockConfig
                0x080019a0       0x3c build/stm32f4xx_hal_rcc.o
                0x080019a0                HAL_RCC_GetClockConfig
 .text.HAL_GPIO_Init
                0x080019dc      0x1c8 build/stm32f4xx_hal_gpio.o
                0x080019dc                HAL_GPIO_Init
 .text.HAL_GPIO_WritePin
                0x08001ba4        0xc build/stm32f4xx_hal_gpio.o
                0x08001ba4                HAL_GPIO_WritePin
 .text.HAL_GPIO_EXTI_IRQHandler
                0x08001bb0       0x1c build/stm32f4xx_hal_gpio.o
                0x08001bb0                HAL_GPIO_EXTI_IRQHandler
 .text.DMA_SetConfig
                0x08001bcc       0x2c build/stm32f4xx_hal_dma.o
 .text.DMA_CalcBaseAndBitshift
                0x08001bf8       0x44 build/stm32f4xx_hal_dma.o
 .text.DMA_CheckFifoParam
                0x08001c3c       0x8e build/stm32f4xx_hal_dma.o
 *fill*         0x08001cca        0x2 
 .text.HAL_DMA_Init
                0x08001ccc       0xcc build/stm32f4xx_hal_dma.o
                0x08001ccc                HAL_DMA_Init
 .text.HAL_DMA_Start_IT
                0x08001d98       0x6a build/stm32f4xx_hal_dma.o
                0x08001d98                HAL_DMA_Start_IT
 .text.HAL_DMA_Abort_IT
                0x08001e02       0x26 build/stm32f4xx_hal_dma.o
                0x08001e02                HAL_DMA_Abort_IT
 .text.HAL_DMA_IRQHandler
                0x08001e28      0x1dc build/stm32f4xx_hal_dma.o
                0x08001e28                HAL_DMA_IRQHandler
 .text.HAL_DMA_GetState
                0x08002004        0x6 build/stm32f4xx_hal_dma.o
                0x08002004                HAL_DMA_GetState
 *fill*         0x0800200a        0x2 
 .text.HAL_NVIC_SetPriorityGrouping
                0x0800200c       0x24 build/stm32f4xx_hal_cortex.o
                0x0800200c                HAL_NVIC_SetPriorityGrouping
 .text.HAL_NVIC_SetPriority
                0x08002030       0x70 build/stm32f4xx_hal_cortex.o
                0x08002030                HAL_NVIC_SetPriority
 .text.HAL_NVIC_EnableIRQ
                0x080020a0       0x1c build/stm32f4xx_hal_cortex.o
                0x080020a0                HAL_NVIC_EnableIRQ
 .text.HAL_Init
                0x080020bc       0x34 build/stm32f4xx_hal.o
                0x080020bc                HAL_Init
 .text.HAL_IncTick
                0x080020f0       0x18 build/stm32f4xx_hal.o
                0x080020f0                HAL_IncTick
 .text.HAL_GetTick
                0x08002108        0xc build/stm32f4xx_hal.o
                0x08002108                HAL_GetTick
 .text.I2C_Master_SB
                0x08002114       0xa8 build/stm32f4xx_hal_i2c.o
 .text.I2C_Master_ADD10
                0x080021bc       0x2a build/stm32f4xx_hal_i2c.o
 *fill*         0x080021e6        0x2 
 .text.I2C_Master_ADDR
                0x080021e8      0x234 build/stm32f4xx_hal_i2c.o
 .text.I2C_SlaveTransmit_BTF
                0x0800241c       0x20 build/stm32f4xx_hal_i2c.o
 .text.I2C_SlaveReceive_BTF
                0x0800243c       0x20 build/stm32f4xx_hal_i2c.o
 .text.I2C_WaitOnSTOPRequestThroughIT
                0x0800245c       0x48 build/stm32f4xx_hal_i2c.o
 .text.I2C_IsAcknowledgeFailed
                0x080024a4       0x32 build/stm32f4xx_hal_i2c.o
 .text.I2C_ConvertOtherXferOptions
                0x080024d6       0x1e build/stm32f4xx_hal_i2c.o
 .text.I2C_WaitOnFlagUntilTimeout
                0x080024f4       0x7c build/stm32f4xx_hal_i2c.o
 .text.I2C_WaitOnMasterAddressFlagUntilTimeout
                0x08002570       0xaa build/stm32f4xx_hal_i2c.o
 *fill*         0x0800261a        0x2 
 .text.I2C_MasterRequestWrite
                0x0800261c       0xb4 build/stm32f4xx_hal_i2c.o
 .text.I2C_WaitOnTXEFlagUntilTimeout
                0x080026d0       0x54 build/stm32f4xx_hal_i2c.o
 .text.I2C_WaitOnBTFFlagUntilTimeout
                0x08002724       0x54 build/stm32f4xx_hal_i2c.o
 .text.HAL_I2C_Init
                0x08002778      0x1bc build/stm32f4xx_hal_i2c.o
                0x08002778                HAL_I2C_Init
 .text.HAL_I2C_Master_Transmit
                0x08002934      0x178 build/stm32f4xx_hal_i2c.o
                0x08002934                HAL_I2C_Master_Transmit
 .text.HAL_I2C_MasterTxCpltCallback
                0x08002aac        0x2 build/stm32f4xx_hal_i2c.o
                0x08002aac                HAL_I2C_MasterTxCpltCallback
 .text.HAL_I2C_MasterRxCpltCallback
                0x08002aae        0x2 build/stm32f4xx_hal_i2c.o
                0x08002aae                HAL_I2C_MasterRxCpltCallback
 .text.HAL_I2C_SlaveTxCpltCallback
                0x08002ab0        0x2 build/stm32f4xx_hal_i2c.o
                0x08002ab0                HAL_I2C_SlaveTxCpltCallback
 .text.I2C_SlaveTransmit_TXE
                0x08002ab2       0x4c build/stm32f4xx_hal_i2c.o
 .text.HAL_I2C_SlaveRxCpltCallback
                0x08002afe        0x2 build/stm32f4xx_hal_i2c.o
                0x08002afe                HAL_I2C_SlaveRxCpltCallback
 .text.I2C_SlaveReceive_RXNE
                0x08002b00       0x4c build/stm32f4xx_hal_i2c.o
 .text.HAL_I2C_AddrCallback
                0x08002b4c        0x2 build/stm32f4xx_hal_i2c.o
                0x08002b4c                HAL_I2C_AddrCallback
 .text.I2C_Slave_ADDR
                0x08002b4e       0x5a build/stm32f4xx_hal_i2c.o
 .text.HAL_I2C_ListenCpltCallback
                0x08002ba8        0x2 build/stm32f4xx_hal_i2c.o
                0x08002ba8                HAL_I2C_ListenCpltCallback
 .text.HAL_I2C_MemTxCpltCallback
                0x08002baa        0x2 build/stm32f4xx_hal_i2c.o
                0x08002baa                HAL_I2C_MemTxCpltCallback
 .text.I2C_MasterTransmit_BTF
                0x08002bac       0x9e build/stm32f4xx_hal_i2c.o
 .text.I2C_MemoryTransmit_TXE_BTF
                0x08002c4a       0xbe build/stm32f4xx_hal_i2c.o
 .text.I2C_MasterTransmit_TXE
                0x08002d08       0xd0 build/stm32f4xx_hal_i2c.o
 .text.HAL_I2C_MemRxCpltCallback
                0x08002dd8        0x2 build/stm32f4xx_hal_i2c.o
                0x08002dd8                HAL_I2C_MemRxCpltCallback
 .text.I2C_MasterReceive_BTF
                0x08002dda      0x132 build/stm32f4xx_hal_i2c.o
 .text.HAL_I2C_ErrorCallback
                0x08002f0c        0x2 build/stm32f4xx_hal_i2c.o
                0x08002f0c                HAL_I2C_ErrorCallback
 .text.I2C_MasterReceive_RXNE
                0x08002f0e       0xf6 build/stm32f4xx_hal_i2c.o
 .text.HAL_I2C_AbortCpltCallback
                0x08003004        0x2 build/stm32f4xx_hal_i2c.o
                0x08003004                HAL_I2C_AbortCpltCallback
 *fill*         0x08003006        0x2 
 .text.I2C_DMAAbort
                0x08003008       0xe4 build/stm32f4xx_hal_i2c.o
 .text.I2C_ITError
                0x080030ec      0x178 build/stm32f4xx_hal_i2c.o
 .text.I2C_Slave_STOPF
                0x08003264      0x18c build/stm32f4xx_hal_i2c.o
 .text.HAL_I2C_EV_IRQHandler
                0x080033f0      0x1a0 build/stm32f4xx_hal_i2c.o
                0x080033f0                HAL_I2C_EV_IRQHandler
 .text.SPI_WaitFlagStateUntilTimeout
                0x08003590       0xd0 build/stm32f4xx_hal_spi.o
 .text.SPI_EndRxTxTransaction
                0x08003660       0x68 build/stm32f4xx_hal_spi.o
 .text.SPI_EndRxTransaction
                0x080036c8       0x8c build/stm32f4xx_hal_spi.o
 .text.HAL_SPI_Init
                0x08003754       0xbe build/stm32f4xx_hal_spi.o
                0x08003754                HAL_SPI_Init
 .text.HAL_SPI_Transmit
                0x08003812      0x1b8 build/stm32f4xx_hal_spi.o
                0x08003812                HAL_SPI_Transmit
 .text.HAL_SPI_TransmitReceive
                0x080039ca      0x238 build/stm32f4xx_hal_spi.o
                0x080039ca                HAL_SPI_TransmitReceive
 .text.HAL_SPI_Receive
                0x08003c02      0x180 build/stm32f4xx_hal_spi.o
                0x08003c02                HAL_SPI_Receive
 *fill*         0x08003d82        0x2 
 .text.HAL_SPI_Transmit_DMA
                0x08003d84       0xe0 build/stm32f4xx_hal_spi.o
                0x08003d84                HAL_SPI_Transmit_DMA
 .text.HAL_SPI_TransmitReceive_DMA
                0x08003e64      0x150 build/stm32f4xx_hal_spi.o
                0x08003e64                HAL_SPI_TransmitReceive_DMA
 .text.HAL_SPI_Receive_DMA
                0x08003fb4       0xfc build/stm32f4xx_hal_spi.o
                0x08003fb4                HAL_SPI_Receive_DMA
 .text.HAL_SPI_TxCpltCallback
                0x080040b0        0x2 build/stm32f4xx_hal_spi.o
                0x080040b0                HAL_SPI_TxCpltCallback
 .text.HAL_SPI_RxCpltCallback
                0x080040b2        0x2 build/stm32f4xx_hal_spi.o
                0x080040b2                HAL_SPI_RxCpltCallback
 .text.HAL_SPI_TxRxCpltCallback
                0x080040b4        0x2 build/stm32f4xx_hal_spi.o
                0x080040b4                HAL_SPI_TxRxCpltCallback
 .text.HAL_SPI_TxHalfCpltCallback
                0x080040b6        0x2 build/stm32f4xx_hal_spi.o
                0x080040b6                HAL_SPI_TxHalfCpltCallback
 .text.SPI_DMAHalfTransmitCplt
                0x080040b8        0xa build/stm32f4xx_hal_spi.o
 .text.HAL_SPI_RxHalfCpltCallback
                0x080040c2        0x2 build/stm32f4xx_hal_spi.o
                0x080040c2                HAL_SPI_RxHalfCpltCallback
 .text.SPI_DMAHalfReceiveCplt
                0x080040c4        0xa build/stm32f4xx_hal_spi.o
 .text.HAL_SPI_TxRxHalfCpltCallback
                0x080040ce        0x2 build/stm32f4xx_hal_spi.o
                0x080040ce                HAL_SPI_TxRxHalfCpltCallback
 .text.SPI_DMAHalfTransmitReceiveCplt
                0x080040d0        0xa build/stm32f4xx_hal_spi.o
 .text.HAL_SPI_ErrorCallback
                0x080040da        0x2 build/stm32f4xx_hal_spi.o
                0x080040da                HAL_SPI_ErrorCallback
 .text.SPI_DMAError
                0x080040dc       0x22 build/stm32f4xx_hal_spi.o
 .text.SPI_DMATransmitCplt
                0x080040fe       0x70 build/stm32f4xx_hal_spi.o
 .text.SPI_DMAReceiveCplt
                0x0800416e       0x6e build/stm32f4xx_hal_spi.o
 .text.SPI_DMATransmitReceiveCplt
                0x080041dc       0x5c build/stm32f4xx_hal_spi.o
 .text.HAL_TIM_Base_MspInit
                0x08004238        0x2 build/stm32f4xx_hal_tim.o
                0x08004238                HAL_TIM_Base_MspInit
 *fill*         0x0800423a        0x2 
 .text.HAL_TIM_Base_Start_IT
                0x0800423c       0x78 build/stm32f4xx_hal_tim.o
                0x0800423c                HAL_TIM_Base_Start_IT
 .text.HAL_TIM_OC_DelayElapsedCallback
                0x080042b4        0x2 build/stm32f4xx_hal_tim.o
                0x080042b4                HAL_TIM_OC_DelayElapsedCallback
 .text.HAL_TIM_IC_CaptureCallback
                0x080042b6        0x2 build/stm32f4xx_hal_tim.o
                0x080042b6                HAL_TIM_IC_CaptureCallback
 .text.HAL_TIM_PWM_PulseFinishedCallback
                0x080042b8        0x2 build/stm32f4xx_hal_tim.o
                0x080042b8                HAL_TIM_PWM_PulseFinishedCallback
 .text.HAL_TIM_TriggerCallback
                0x080042ba        0x2 build/stm32f4xx_hal_tim.o
                0x080042ba                HAL_TIM_TriggerCallback
 .text.HAL_TIM_IRQHandler
                0x080042bc      0x17a build/stm32f4xx_hal_tim.o
                0x080042bc                HAL_TIM_IRQHandler
 *fill*         0x08004436        0x2 
 .text.TIM_Base_SetConfig
                0x08004438       0x9c build/stm32f4xx_hal_tim.o
                0x08004438                TIM_Base_SetConfig
 .text.HAL_TIM_Base_Init
                0x080044d4       0x58 build/stm32f4xx_hal_tim.o
                0x080044d4                HAL_TIM_Base_Init
 .text.HAL_TIMEx_CommutCallback
                0x0800452c        0x2 build/stm32f4xx_hal_tim_ex.o
                0x0800452c                HAL_TIMEx_CommutCallback
 .text.HAL_TIMEx_BreakCallback
                0x0800452e        0x2 build/stm32f4xx_hal_tim_ex.o
                0x0800452e                HAL_TIMEx_BreakCallback
 .text.SystemInit
                0x08004530       0x14 build/system_stm32f4xx.o
                0x08004530                SystemInit
 .text.vListInitialise
                0x08004544       0x16 build/list.o
                0x08004544                vListInitialise
 .text.vListInitialiseItem
                0x0800455a        0x6 build/list.o
                0x0800455a                vListInitialiseItem
 .text.vListInsertEnd
                0x08004560       0x16 build/list.o
                0x08004560                vListInsertEnd
 .text.vListInsert
                0x08004576       0x32 build/list.o
                0x08004576                vListInsert
 .text.uxListRemove
                0x080045a8       0x26 build/list.o
                0x080045a8                uxListRemove
 .text.prvGetDisinheritPriorityAfterTimeout
                0x080045ce       0x10 build/queue.o
 .text.prvIsQueueFull
                0x080045de       0x1e build/queue.o
 .text.prvIsQueueEmpty
                0x080045fc       0x1a build/queue.o
 .text.prvCopyDataToQueue
                0x08004616       0x76 build/queue.o
 .text.prvCopyDataFromQueue
                0x0800468c       0x24 build/queue.o
 .text.prvUnlockQueue
                0x080046b0       0x6e build/queue.o
 .text.xQueueGenericReset
                0x0800471e       0x84 build/queue.o
                0x0800471e                xQueueGenericReset
 .text.prvInitialiseNewQueue
                0x080047a2       0x1c build/queue.o
 .text.xQueueGenericCreateStatic
                0x080047be       0x94 build/queue.o
                0x080047be                xQueueGenericCreateStatic
 .text.xQueueGenericCreate
                0x08004852       0x48 build/queue.o
                0x08004852                xQueueGenericCreate
 .text.xQueueGenericSend
                0x0800489a      0x188 build/queue.o
                0x0800489a                xQueueGenericSend
 .text.prvInitialiseMutex
                0x08004a22       0x18 build/queue.o
 .text.xQueueCreateMutex
                0x08004a3a       0x16 build/queue.o
                0x08004a3a                xQueueCreateMutex
 .text.xQueueCreateMutexStatic
                0x08004a50       0x1e build/queue.o
                0x08004a50                xQueueCreateMutexStatic
 .text.xQueueGenericSendFromISR
                0x08004a6e       0xce build/queue.o
                0x08004a6e                xQueueGenericSendFromISR
 .text.xQueueGiveFromISR
                0x08004b3c       0xb2 build/queue.o
                0x08004b3c                xQueueGiveFromISR
 .text.xQueueReceive
                0x08004bee      0x15e build/queue.o
                0x08004bee                xQueueReceive
 .text.xQueueSemaphoreTake
                0x08004d4c      0x1a6 build/queue.o
                0x08004d4c                xQueueSemaphoreTake
 .text.xQueueReceiveFromISR
                0x08004ef2       0xae build/queue.o
                0x08004ef2                xQueueReceiveFromISR
 .text.vQueueAddToRegistry
                0x08004fa0       0x28 build/queue.o
                0x08004fa0                vQueueAddToRegistry
 .text.vQueueWaitForMessageRestricted
                0x08004fc8       0x52 build/queue.o
                0x08004fc8                vQueueWaitForMessageRestricted
 *fill*         0x0800501a        0x2 
 .text.prvResetNextTaskUnblockTime
                0x0800501c       0x2c build/tasks.o
 .text.prvInitialiseNewTask
                0x08005048       0x9c build/tasks.o
 .text.prvInitialiseTaskLists
                0x080050e4       0x68 build/tasks.o
 .text.prvAddNewTaskToReadyList
                0x0800514c       0xa8 build/tasks.o
 .text.prvDeleteTCB
                0x080051f4       0x38 build/tasks.o
 .text.prvCheckTasksWaitingTermination
                0x0800522c       0x4c build/tasks.o
 .text.prvIdleTask
                0x08005278       0x28 build/tasks.o
 .text.prvAddCurrentTaskToDelayedList
                0x080052a0       0x98 build/tasks.o
 .text.xTaskCreateStatic
                0x08005338       0x76 build/tasks.o
                0x08005338                xTaskCreateStatic
 .text.xTaskCreate
                0x080053ae       0x68 build/tasks.o
                0x080053ae                xTaskCreate
 *fill*         0x08005416        0x2 
 .text.vTaskStartScheduler
                0x08005418       0x9c build/tasks.o
                0x08005418                vTaskStartScheduler
 .text.vTaskSuspendAll
                0x080054b4       0x10 build/tasks.o
                0x080054b4                vTaskSuspendAll
 .text.xTaskGetTickCount
                0x080054c4        0xc build/tasks.o
                0x080054c4                xTaskGetTickCount
 .text.xTaskIncrementTick
                0x080054d0      0x118 build/tasks.o
                0x080054d0                xTaskIncrementTick
 .text.xTaskResumeAll
                0x080055e8       0xf8 build/tasks.o
                0x080055e8                xTaskResumeAll
 .text.vTaskDelay
                0x080056e0       0x4c build/tasks.o
                0x080056e0                vTaskDelay
 .text.vTaskSwitchContext
                0x0800572c       0x98 build/tasks.o
                0x0800572c                vTaskSwitchContext
 .text.vTaskPlaceOnEventList
                0x080057c4       0x30 build/tasks.o
                0x080057c4                vTaskPlaceOnEventList
 .text.vTaskPlaceOnEventListRestricted
                0x080057f4       0x38 build/tasks.o
                0x080057f4                vTaskPlaceOnEventListRestricted
 .text.xTaskRemoveFromEventList
                0x0800582c       0x8c build/tasks.o
                0x0800582c                xTaskRemoveFromEventList
 .text.vTaskInternalSetTimeOutState
                0x080058b8       0x18 build/tasks.o
                0x080058b8                vTaskInternalSetTimeOutState
 .text.xTaskCheckForTimeOut
                0x080058d0       0x84 build/tasks.o
                0x080058d0                xTaskCheckForTimeOut
 .text.vTaskMissedYield
                0x08005954        0xc build/tasks.o
                0x08005954                vTaskMissedYield
 .text.xTaskGetSchedulerState
                0x08005960       0x20 build/tasks.o
                0x08005960                xTaskGetSchedulerState
 .text.xTaskPriorityInherit
                0x08005980       0xac build/tasks.o
                0x08005980                xTaskPriorityInherit
 .text.xTaskPriorityDisinherit
                0x08005a2c       0xb0 build/tasks.o
                0x08005a2c                xTaskPriorityDisinherit
 .text.vTaskPriorityDisinheritAfterTimeout
                0x08005adc       0xb4 build/tasks.o
                0x08005adc                vTaskPriorityDisinheritAfterTimeout
 .text.pvTaskIncrementMutexHeldCount
                0x08005b90       0x1c build/tasks.o
                0x08005b90                pvTaskIncrementMutexHeldCount
 .text.prvGetNextExpireTime
                0x08005bac       0x20 build/timers.o
 .text.prvInsertTimerInActiveList
                0x08005bcc       0x48 build/timers.o
 .text.prvCheckForValidListAndQueue
                0x08005c14       0x70 build/timers.o
 .text.prvInitialiseNewTimer
                0x08005c84       0x4c build/timers.o
 .text.xTimerCreateTimerTask
                0x08005cd0       0x64 build/timers.o
                0x08005cd0                xTimerCreateTimerTask
 .text.xTimerCreate
                0x08005d34       0x38 build/timers.o
                0x08005d34                xTimerCreate
 .text.xTimerCreateStatic
                0x08005d6c       0x54 build/timers.o
                0x08005d6c                xTimerCreateStatic
 .text.xTimerGenericCommand
                0x08005dc0       0x6c build/timers.o
                0x08005dc0                xTimerGenericCommand
 .text.prvSwitchTimerLists
                0x08005e2c       0x7c build/timers.o
 .text.prvSampleTimeNow
                0x08005ea8       0x2c build/timers.o
 .text.prvProcessExpiredTimer
                0x08005ed4       0x6c build/timers.o
 .text.prvProcessTimerOrBlockTask
                0x08005f40       0x74 build/timers.o
 .text.prvProcessReceivedCommands
                0x08005fb4       0xfc build/timers.o
 .text.prvTimerTask
                0x080060b0       0x16 build/timers.o
 .text.makeFreeRtosPriority
                0x080060c6        0xc build/cmsis_os.o
 .text.inHandlerMode
                0x080060d2        0xc build/cmsis_os.o
 .text.osKernelStart
                0x080060de        0xa build/cmsis_os.o
                0x080060de                osKernelStart
 .text.osThreadCreate
                0x080060e8       0x66 build/cmsis_os.o
                0x080060e8                osThreadCreate
 .text.osDelay  0x0800614e        0xe build/cmsis_os.o
                0x0800614e                osDelay
 .text.osTimerCreate
                0x0800615c       0x44 build/cmsis_os.o
                0x0800615c                osTimerCreate
 .text.osTimerStart
                0x080061a0       0x6a build/cmsis_os.o
                0x080061a0                osTimerStart
 .text.osMutexCreate
                0x0800620a       0x16 build/cmsis_os.o
                0x0800620a                osMutexCreate
 .text.osMutexWait
                0x08006220       0x60 build/cmsis_os.o
                0x08006220                osMutexWait
 .text.osMutexRelease
                0x08006280       0x5a build/cmsis_os.o
                0x08006280                osMutexRelease
 .text.osSemaphoreWait
                0x080062da       0x5e build/cmsis_os.o
                0x080062da                osSemaphoreWait
 .text.osSemaphoreRelease
                0x08006338       0x5a build/cmsis_os.o
                0x08006338                osSemaphoreRelease
 *fill*         0x08006392        0x2 
 .text.prvHeapInit
                0x08006394       0x64 build/heap_4.o
 .text.prvInsertBlockIntoFreeList
                0x080063f8       0x64 build/heap_4.o
 .text.pvPortMalloc
                0x0800645c       0xfc build/heap_4.o
                0x0800645c                pvPortMalloc
 .text.vPortFree
                0x08006558       0x7c build/heap_4.o
                0x08006558                vPortFree
 .text.prvTaskExitError
                0x080065d4       0x40 build/port.o
 .text.prvPortStartFirstTask
                0x08006614       0x28 build/port.o
 .text.vPortEnableVFP
                0x0800663c       0x14 build/port.o
 .text.pxPortInitialiseStack
                0x08006650       0x2c build/port.o
                0x08006650                pxPortInitialiseStack
 *fill*         0x0800667c        0x4 
 .text.SVC_Handler
                0x08006680       0x24 build/port.o
                0x08006680                SVC_Handler
 .text.vPortEnterCritical
                0x080066a4       0x44 build/port.o
                0x080066a4                vPortEnterCritical
 .text.vPortExitCritical
                0x080066e8       0x2c build/port.o
                0x080066e8                vPortExitCritical
 *fill*         0x08006714        0xc 
 .text.PendSV_Handler
                0x08006720       0x64 build/port.o
                0x08006720                PendSV_Handler
 .text.SysTick_Handler
                0x08006784       0x2c build/port.o
                0x08006784                SysTick_Handler
 .text.vPortSetupTimerInterrupt
                0x080067b0       0x28 build/port.o
                0x080067b0                vPortSetupTimerInterrupt
 .text.xPortStartScheduler
                0x080067d8      0x118 build/port.o
                0x080067d8                xPortStartScheduler
 .text.vPortValidateInterruptPriority
                0x080068f0       0x5c build/port.o
                0x080068f0                vPortValidateInterruptPriority
 .text.Reset_Handler
                0x0800694c       0x50 build/startup_stm32f401xc.o
                0x0800694c                Reset_Handler
 .text.Default_Handler
                0x0800699c        0x2 build/startup_stm32f401xc.o
                0x0800699c                RTC_Alarm_IRQHandler
                0x0800699c                EXTI2_IRQHandler
                0x0800699c                SPI4_IRQHandler
                0x0800699c                TIM1_CC_IRQHandler
                0x0800699c                DMA2_Stream5_IRQHandler
                0x0800699c                DMA1_Stream5_IRQHandler
                0x0800699c                PVD_IRQHandler
                0x0800699c                SDIO_IRQHandler
                0x0800699c                TAMP_STAMP_IRQHandler
                0x0800699c                EXTI3_IRQHandler
                0x0800699c                I2C3_ER_IRQHandler
                0x0800699c                I2C2_EV_IRQHandler
                0x0800699c                DMA1_Stream2_IRQHandler
                0x0800699c                FPU_IRQHandler
                0x0800699c                DMA2_Stream2_IRQHandler
                0x0800699c                SPI1_IRQHandler
                0x0800699c                TIM1_BRK_TIM9_IRQHandler
                0x0800699c                DMA2_Stream3_IRQHandler
                0x0800699c                USART6_IRQHandler
                0x0800699c                DMA2_Stream0_IRQHandler
                0x0800699c                TIM4_IRQHandler
                0x0800699c                DMA1_Stream1_IRQHandler
                0x0800699c                TIM3_IRQHandler
                0x0800699c                RCC_IRQHandler
                0x0800699c                Default_Handler
                0x0800699c                EXTI15_10_IRQHandler
                0x0800699c                ADC_IRQHandler
                0x0800699c                DMA1_Stream7_IRQHandler
                0x0800699c                TIM5_IRQHandler
                0x0800699c                DMA2_Stream7_IRQHandler
                0x0800699c                I2C3_EV_IRQHandler
                0x0800699c                EXTI9_5_IRQHandler
                0x0800699c                RTC_WKUP_IRQHandler
                0x0800699c                SPI2_IRQHandler
                0x0800699c                DMA1_Stream0_IRQHandler
                0x0800699c                EXTI4_IRQHandler
                0x0800699c                WWDG_IRQHandler
                0x0800699c                TIM2_IRQHandler
                0x0800699c                OTG_FS_WKUP_IRQHandler
                0x0800699c                TIM1_TRG_COM_TIM11_IRQHandler
                0x0800699c                EXTI1_IRQHandler
                0x0800699c                USART2_IRQHandler
                0x0800699c                I2C2_ER_IRQHandler
                0x0800699c                DMA2_Stream1_IRQHandler
                0x0800699c                FLASH_IRQHandler
                0x0800699c                DMA2_Stream4_IRQHandler
                0x0800699c                USART1_IRQHandler
                0x0800699c                OTG_FS_IRQHandler
                0x0800699c                SPI3_IRQHandler
                0x0800699c                DMA1_Stream4_IRQHandler
                0x0800699c                I2C1_ER_IRQHandler
                0x0800699c                DMA2_Stream6_IRQHandler
                0x0800699c                DMA1_Stream3_IRQHandler
 *fill*         0x0800699e        0x2 
 .text.__libc_init_array
                0x080069a0       0x48 c:/libraries/gcc/11.2 2022.02/bin/../lib/gcc/arm-none-eabi/11.2.1/thumb/v7e-m+fp/hard\libc_nano.a(lib_a-init.o)
                0x080069a0                __libc_init_array
 .text.memcpy   0x080069e8       0x1c c:/libraries/gcc/11.2 2022.02/bin/../lib/gcc/arm-none-eabi/11.2.1/thumb/v7e-m+fp/hard\libc_nano.a(lib_a-memcpy-stub.o)
                0x080069e8                memcpy
 .text.memset   0x08006a04       0x10 c:/libraries/gcc/11.2 2022.02/bin/../lib/gcc/arm-none-eabi/11.2.1/thumb/v7e-m+fp/hard\libc_nano.a(lib_a-memset.o)
                0x08006a04                memset
 .text.sprintf  0x08006a14       0x40 c:/libraries/gcc/11.2 2022.02/bin/../lib/gcc/arm-none-eabi/11.2.1/thumb/v7e-m+fp/hard\libc_nano.a(lib_a-sprintf.o)
                0x08006a14                siprintf
                0x08006a14                sprintf
 .text.strstr   0x08006a54       0x2c c:/libraries/gcc/11.2 2022.02/bin/../lib/gcc/arm-none-eabi/11.2.1/thumb/v7e-m+fp/hard\libc_nano.a(lib_a-strstr.o)
                0x08006a54                strstr
 .text._strtol_l.constprop.0
                0x08006a80      0x104 c:/libraries/gcc/11.2 2022.02/bin/../lib/gcc/arm-none-eabi/11.2.1/thumb/v7e-m+fp/hard\libc_nano.a(lib_a-strtol.o)
 .text.strtol   0x08006b84       0x14 c:/libraries/gcc/11.2 2022.02/bin/../lib/gcc/arm-none-eabi/11.2.1/thumb/v7e-m+fp/hard\libc_nano.a(lib_a-strtol.o)
                0x08006b84                strtol
 .text.__errno  0x08006b98        0xc c:/libraries/gcc/11.2 2022.02/bin/../lib/gcc/arm-none-eabi/11.2.1/thumb/v7e-m+fp/hard\libc_nano.a(lib_a-errno.o)
                0x08006b98                __errno
 .text.__ssputs_r
                0x08006ba4       0xb4 c:/libraries/gcc/11.2 2022.02/bin/../lib/gcc/arm-none-eabi/11.2.1/thumb/v7e-m+fp/hard\libc_nano.a(lib_a-nano-svfprintf.o)
                0x08006ba4                __ssputs_r
 .text._svfprintf_r
                0x08006c58      0x1fc c:/libraries/gcc/11.2 2022.02/bin/../lib/gcc/arm-none-eabi/11.2.1/thumb/v7e-m+fp/hard\libc_nano.a(lib_a-nano-svfprintf.o)
                0x08006c58                _svfiprintf_r
                0x08006c58                _svfprintf_r
 .text._printf_common
                0x08006e54       0xda c:/libraries/gcc/11.2 2022.02/bin/../lib/gcc/arm-none-eabi/11.2.1/thumb/v7e-m+fp/hard\libc_nano.a(lib_a-nano-vfprintf_i.o)
                0x08006e54                _printf_common
 *fill*         0x08006f2e        0x2 
 .text._printf_i
                0x08006f30      0x244 c:/libraries/gcc/11.2 2022.02/bin/../lib/gcc/arm-none-eabi/11.2.1/thumb/v7e-m+fp/hard\libc_nano.a(lib_a-nano-vfprintf_i.o)
                0x08006f30                _printf_i
 .text.memmove  0x08007174       0x34 c:/libraries/gcc/11.2 2022.02/bin/../lib/gcc/arm-none-eabi/11.2.1/thumb/v7e-m+fp/hard\libc_nano.a(lib_a-memmove.o)
                0x08007174                memmove
 .text._free_r  0x080071a8       0x98 c:/libraries/gcc/11.2 2022.02/bin/../lib/gcc/arm-none-eabi/11.2.1/thumb/v7e-m+fp/hard\libc_nano.a(lib_a-nano-freer.o)
                0x080071a8                _free_r
 .text.sbrk_aligned
                0x08007240       0x40 c:/libraries/gcc/11.2 2022.02/bin/../lib/gcc/arm-none-eabi/11.2.1/thumb/v7e-m+fp/hard\libc_nano.a(lib_a-nano-mallocr.o)
 .text._malloc_r
                0x08007280       0xe8 c:/libraries/gcc/11.2 2022.02/bin/../lib/gcc/arm-none-eabi/11.2.1/thumb/v7e-m+fp/hard\libc_nano.a(lib_a-nano-mallocr.o)
                0x08007280                _malloc_r
 .text._realloc_r
                0x08007368       0x5e c:/libraries/gcc/11.2 2022.02/bin/../lib/gcc/arm-none-eabi/11.2.1/thumb/v7e-m+fp/hard\libc_nano.a(lib_a-nano-reallocr.o)
                0x08007368                _realloc_r
 *fill*         0x080073c6        0x2 
 .text._sbrk_r  0x080073c8       0x20 c:/libraries/gcc/11.2 2022.02/bin/../lib/gcc/arm-none-eabi/11.2.1/thumb/v7e-m+fp/hard\libc_nano.a(lib_a-sbrkr.o)
                0x080073c8                _sbrk_r
 .text.__malloc_lock
                0x080073e8        0x2 c:/libraries/gcc/11.2 2022.02/bin/../lib/gcc/arm-none-eabi/11.2.1/thumb/v7e-m+fp/hard\libc_nano.a(lib_a-mlock.o)
                0x080073e8                __malloc_lock
 .text.__malloc_unlock
                0x080073ea        0x2 c:/libraries/gcc/11.2 2022.02/bin/../lib/gcc/arm-none-eabi/11.2.1/thumb/v7e-m+fp/hard\libc_nano.a(lib_a-mlock.o)
                0x080073ea                __malloc_unlock
 .text._malloc_usable_size_r
                0x080073ec       0x10 c:/libraries/gcc/11.2 2022.02/bin/../lib/gcc/arm-none-eabi/11.2.1/thumb/v7e-m+fp/hard\libc_nano.a(lib_a-nano-msizer.o)
                0x080073ec                _malloc_usable_size_r
 .text._sbrk    0x080073fc       0x1c c:/libraries/gcc/11.2 2022.02/bin/../lib/gcc/arm-none-eabi/11.2.1/thumb/v7e-m+fp/hard\libnosys.a(sbrk.o)
                0x080073fc                _sbrk
 .text.__udivmoddi4
                0x08007418      0x2c8 c:/libraries/gcc/11.2 2022.02/bin/../lib/gcc/arm-none-eabi/11.2.1/thumb/v7e-m+fp/hard\libgcc.a(_udivmoddi4.o)
                0x08007418                __udivmoddi4
 *(.glue_7)
 .glue_7        0x080076e0        0x0 linker stubs
 *(.glue_7t)
 .glue_7t       0x080076e0        0x0 linker stubs
 *(.eh_frame)
 .eh_frame      0x080076e0        0x0 c:/libraries/gcc/11.2 2022.02/bin/../lib/gcc/arm-none-eabi/11.2.1/thumb/v7e-m+fp/hard/crtbegin.o
 *(.init)
 .init          0x080076e0        0x4 c:/libraries/gcc/11.2 2022.02/bin/../lib/gcc/arm-none-eabi/11.2.1/thumb/v7e-m+fp/hard/crti.o
                0x080076e0                _init
 .init          0x080076e4        0x8 c:/libraries/gcc/11.2 2022.02/bin/../lib/gcc/arm-none-eabi/11.2.1/thumb/v7e-m+fp/hard/crtn.o
 *(.fini)
 .fini          0x080076ec        0x4 c:/libraries/gcc/11.2 2022.02/bin/../lib/gcc/arm-none-eabi/11.2.1/thumb/v7e-m+fp/hard/crti.o
                0x080076ec                _fini
 .fini          0x080076f0        0x8 c:/libraries/gcc/11.2 2022.02/bin/../lib/gcc/arm-none-eabi/11.2.1/thumb/v7e-m+fp/hard/crtn.o
                0x080076f8                . = ALIGN (0x4)
                0x080076f8                _etext = .

.vfp11_veneer   0x080076f8        0x0
 .vfp11_veneer  0x080076f8        0x0 linker stubs

.v4_bx          0x080076f8        0x0
 .v4_bx         0x080076f8        0x0 linker stubs

.iplt           0x080076f8        0x0
 .iplt          0x080076f8        0x0 c:/libraries/gcc/11.2 2022.02/bin/../lib/gcc/arm-none-eabi/11.2.1/thumb/v7e-m+fp/hard/crtbegin.o

.rodata         0x080076f8      0x278
                0x080076f8                . = ALIGN (0x4)
 *(.rodata)
 .rodata        0x080076f8       0x54 build/main.o
 *(.rodata*)
 .rodata.StartDefaultTask.str1.4
                0x0800774c       0x81 build/main.o
 *fill*         0x080077cd        0x3 
 .rodata.str1.4
                0x080077d0       0x24 build/main.o
 .rodata.sendOpcode.str1.4
                0x080077f4        0x7 build/koth_game.o
 *fill*         0x080077fb        0x1 
 .rodata.getKOTHPacket.str1.4
                0x080077fc        0x5 build/koth_game.o
 *fill*         0x08007801        0x3 
 .rodata.flagBitshiftOffset.0
                0x08007804        0x8 build/stm32f4xx_hal_dma.o
 .rodata.AHBPrescTable
                0x0800780c       0x10 build/system_stm32f4xx.o
                0x0800780c                AHBPrescTable
 .rodata.APBPrescTable
                0x0800781c        0x8 build/system_stm32f4xx.o
                0x0800781c                APBPrescTable
 .rodata.vTaskStartScheduler.str1.4
                0x08007824        0x5 build/tasks.o
 *fill*         0x08007829        0x3 
 .rodata.prvCheckForValidListAndQueue.str1.4
                0x0800782c        0x5 build/timers.o
 *fill*         0x08007831        0x3 
 .rodata.xTimerCreateTimerTask.str1.4
                0x08007834        0x8 build/timers.o
 .rodata.osTimerCreate.str1.4
                0x0800783c        0x8 build/cmsis_os.o
                                  0x1 (size before relaxing)
 .rodata._ctype_
                0x0800783c      0x101 c:/libraries/gcc/11.2 2022.02/bin/../lib/gcc/arm-none-eabi/11.2.1/thumb/v7e-m+fp/hard\libc_nano.a(lib_a-ctype_.o)
                0x0800783c                _ctype_
 .rodata._svfprintf_r.str1.1
                0x0800793d       0x11 c:/libraries/gcc/11.2 2022.02/bin/../lib/gcc/arm-none-eabi/11.2.1/thumb/v7e-m+fp/hard\libc_nano.a(lib_a-nano-svfprintf.o)
 .rodata._printf_i.str1.1
                0x0800794e       0x22 c:/libraries/gcc/11.2 2022.02/bin/../lib/gcc/arm-none-eabi/11.2.1/thumb/v7e-m+fp/hard\libc_nano.a(lib_a-nano-vfprintf_i.o)
                0x08007970                . = ALIGN (0x4)

.ARM.extab
 *(.ARM.extab* .gnu.linkonce.armextab.*)

.ARM            0x08007970        0x8
                0x08007970                __exidx_start = .
 *(.ARM.exidx*)
 .ARM.exidx.text.__udivmoddi4
                0x08007970        0x8 c:/libraries/gcc/11.2 2022.02/bin/../lib/gcc/arm-none-eabi/11.2.1/thumb/v7e-m+fp/hard\libgcc.a(_udivmoddi4.o)
                0x08007978                __exidx_end = .

.rel.dyn        0x08007978        0x0
 .rel.iplt      0x08007978        0x0 c:/libraries/gcc/11.2 2022.02/bin/../lib/gcc/arm-none-eabi/11.2.1/thumb/v7e-m+fp/hard/crtbegin.o

.preinit_array  0x08007978        0x0
                0x08007978                PROVIDE (__preinit_array_start = .)
 *(.preinit_array*)
                0x08007978                PROVIDE (__preinit_array_end = .)

.init_array     0x08007978        0x4
                0x08007978                PROVIDE (__init_array_start = .)
 *(SORT_BY_NAME(.init_array.*))
 *(.init_array*)
 .init_array    0x08007978        0x4 c:/libraries/gcc/11.2 2022.02/bin/../lib/gcc/arm-none-eabi/11.2.1/thumb/v7e-m+fp/hard/crtbegin.o
                0x0800797c                PROVIDE (__init_array_end = .)

.fini_array     0x0800797c        0x4
                [!provide]                PROVIDE (__fini_array_start = .)
 *(SORT_BY_NAME(.fini_array.*))
 *(.fini_array*)
 .fini_array    0x0800797c        0x4 c:/libraries/gcc/11.2 2022.02/bin/../lib/gcc/arm-none-eabi/11.2.1/thumb/v7e-m+fp/hard/crtbegin.o
                [!provide]                PROVIDE (__fini_array_end = .)
                0x08007980                _sidata = LOADADDR (.data)

.data           0x20000000       0x74 load address 0x08007980
                0x20000000                . = ALIGN (0x4)
                0x20000000                _sdata = .
 *(.data)
 *(.data*)
 .data.uwTickFreq
                0x20000000        0x1 build/stm32f4xx_hal.o
                0x20000000                uwTickFreq
 *fill*         0x20000001        0x3 
 .data.uwTickPrio
                0x20000004        0x4 build/stm32f4xx_hal.o
                0x20000004                uwTickPrio
 .data.SystemCoreClock
                0x20000008        0x4 build/system_stm32f4xx.o
                0x20000008                SystemCoreClock
 .data.uxCriticalNesting
                0x2000000c        0x4 build/port.o
 .data._impure_ptr
                0x20000010        0x4 c:/libraries/gcc/11.2 2022.02/bin/../lib/gcc/arm-none-eabi/11.2.1/thumb/v7e-m+fp/hard\libc_nano.a(lib_a-impure.o)
                0x20000010                _impure_ptr
 .data.impure_data
                0x20000014       0x60 c:/libraries/gcc/11.2 2022.02/bin/../lib/gcc/arm-none-eabi/11.2.1/thumb/v7e-m+fp/hard\libc_nano.a(lib_a-impure.o)
                0x20000074                . = ALIGN (0x4)
                0x20000074                _edata = .

.tm_clone_table
                0x20000074        0x0 load address 0x080079f4
 .tm_clone_table
                0x20000074        0x0 c:/libraries/gcc/11.2 2022.02/bin/../lib/gcc/arm-none-eabi/11.2.1/thumb/v7e-m+fp/hard/crtbegin.o
 .tm_clone_table
                0x20000074        0x0 c:/libraries/gcc/11.2 2022.02/bin/../lib/gcc/arm-none-eabi/11.2.1/thumb/v7e-m+fp/hard/crtend.o

.igot.plt       0x20000074        0x0 load address 0x080079f4
 .igot.plt      0x20000074        0x0 c:/libraries/gcc/11.2 2022.02/bin/../lib/gcc/arm-none-eabi/11.2.1/thumb/v7e-m+fp/hard/crtbegin.o
                0x20000074                . = ALIGN (0x4)

.bss            0x20000074     0x470c load address 0x080079f4
                0x20000074                _sbss = .
                0x20000074                __bss_start__ = _sbss
 *(.bss)
 *(.bss*)
 .bss.completed.1
                0x20000074        0x1 c:/libraries/gcc/11.2 2022.02/bin/../lib/gcc/arm-none-eabi/11.2.1/thumb/v7e-m+fp/hard/crtbegin.o
 *fill*         0x20000075        0x3 
 .bss.object.0  0x20000078       0x18 c:/libraries/gcc/11.2 2022.02/bin/../lib/gcc/arm-none-eabi/11.2.1/thumb/v7e-m+fp/hard/crtbegin.o
 .bss.debouncing_Flag
                0x20000090        0x1 build/globals.o
                0x20000090                debouncing_Flag
 .bss.gameState
                0x20000091        0x1 build/globals.o
                0x20000091                gameState
 *fill*         0x20000092        0x2 
 .bss.loraRXbuf
                0x20000094        0xa build/globals.o
                0x20000094                loraRXbuf
 *fill*         0x2000009e        0x2 
 .bss.p1King_counter
                0x200000a0        0x4 build/globals.o
                0x200000a0                p1King_counter
 .bss.p1King_flag
                0x200000a4        0x1 build/globals.o
                0x200000a4                p1King_flag
 *fill*         0x200000a5        0x3 
 .bss.p2King_counter
                0x200000a8        0x4 build/globals.o
                0x200000a8                p2King_counter
 .bss.p2King_flag
                0x200000ac        0x1 build/globals.o
                0x200000ac                p2King_flag
 .bss.stateChange_flag
                0x200000ad        0x1 build/globals.o
                0x200000ad                stateChange_flag
 *fill*         0x200000ae        0x2 
 .bss.debounceTimerHandle
                0x200000b0        0x4 build/main.o
                0x200000b0                debounceTimerHandle
 .bss.defaultTaskHandle
                0x200000b4        0x4 build/main.o
                0x200000b4                defaultTaskHandle
 .bss.displayTaskHandle
                0x200000b8        0x4 build/main.o
                0x200000b8                displayTaskHandle
 .bss.hdma_i2c1_tx
                0x200000bc       0x60 build/main.o
                0x200000bc                hdma_i2c1_tx
 .bss.hi2c1     0x2000011c       0x54 build/main.o
                0x2000011c                hi2c1
 .bss.hspi1     0x20000170       0x58 build/main.o
                0x20000170                hspi1
 .bss.lora      0x200001c8       0x18 build/main.o
                0x200001c8                lora
 .bss.loraRXTaskHandle
                0x200001e0        0x4 build/main.o
                0x200001e0                loraRXTaskHandle
 .bss.lora_mutexHandle
                0x200001e4        0x4 build/main.o
                0x200001e4                lora_mutexHandle
 .bss.msTickHandle
                0x200001e8        0x4 build/main.o
                0x200001e8                msTickHandle
 .bss.xIdleStack
                0x200001ec      0x200 build/freertos.o
 .bss.xIdleTaskTCBBuffer
                0x200003ec       0x54 build/freertos.o
 .bss.xTimerStack
                0x20000440      0x400 build/freertos.o
 .bss.xTimerTaskTCBBuffer
                0x20000840       0x54 build/freertos.o
 .bss.htim1     0x20000894       0x48 build/stm32f4xx_hal_timebase_tim.o
                0x20000894                htim1
 .bss.uwTick    0x200008dc        0x4 build/stm32f4xx_hal.o
                0x200008dc                uwTick
 .bss.xQueueRegistry
                0x200008e0       0x40 build/queue.o
                0x200008e0                xQueueRegistry
 .bss.pxCurrentTCB
                0x20000920        0x4 build/tasks.o
                0x20000920                pxCurrentTCB
 .bss.pxDelayedTaskList
                0x20000924        0x4 build/tasks.o
 .bss.pxOverflowDelayedTaskList
                0x20000928        0x4 build/tasks.o
 .bss.pxReadyTasksLists
                0x2000092c       0x8c build/tasks.o
 .bss.uxCurrentNumberOfTasks
                0x200009b8        0x4 build/tasks.o
 .bss.uxDeletedTasksWaitingCleanUp
                0x200009bc        0x4 build/tasks.o
 .bss.uxSchedulerSuspended
                0x200009c0        0x4 build/tasks.o
 .bss.uxTaskNumber
                0x200009c4        0x4 build/tasks.o
 .bss.uxTopReadyPriority
                0x200009c8        0x4 build/tasks.o
 .bss.xDelayedTaskList1
                0x200009cc       0x14 build/tasks.o
 .bss.xDelayedTaskList2
                0x200009e0       0x14 build/tasks.o
 .bss.xIdleTaskHandle
                0x200009f4        0x4 build/tasks.o
 .bss.xNextTaskUnblockTime
                0x200009f8        0x4 build/tasks.o
 .bss.xNumOfOverflows
                0x200009fc        0x4 build/tasks.o
 .bss.xPendedTicks
                0x20000a00        0x4 build/tasks.o
 .bss.xPendingReadyList
                0x20000a04       0x14 build/tasks.o
 .bss.xSchedulerRunning
                0x20000a18        0x4 build/tasks.o
 .bss.xSuspendedTaskList
                0x20000a1c       0x14 build/tasks.o
 .bss.xTasksWaitingTermination
                0x20000a30       0x14 build/tasks.o
 .bss.xTickCount
                0x20000a44        0x4 build/tasks.o
 .bss.xYieldPending
                0x20000a48        0x4 build/tasks.o
 .bss.pxCurrentTimerList
                0x20000a4c        0x4 build/timers.o
 .bss.pxOverflowTimerList
                0x20000a50        0x4 build/timers.o
 .bss.ucStaticTimerQueueStorage.1
                0x20000a54       0x78 build/timers.o
 .bss.xActiveTimerList1
                0x20000acc       0x14 build/timers.o
 .bss.xActiveTimerList2
                0x20000ae0       0x14 build/timers.o
 .bss.xLastTime.2
                0x20000af4        0x4 build/timers.o
 .bss.xStaticTimerQueue.0
                0x20000af8       0x48 build/timers.o
 .bss.xTimerQueue
                0x20000b40        0x4 build/timers.o
 .bss.xTimerTaskHandle
                0x20000b44        0x4 build/timers.o
 .bss.pxEnd     0x20000b48        0x4 build/heap_4.o
 .bss.ucHeap    0x20000b4c     0x3c00 build/heap_4.o
 .bss.xBlockAllocatedBit
                0x2000474c        0x4 build/heap_4.o
 .bss.xFreeBytesRemaining
                0x20004750        0x4 build/heap_4.o
 .bss.xMinimumEverFreeBytesRemaining
                0x20004754        0x4 build/heap_4.o
 .bss.xNumberOfSuccessfulAllocations
                0x20004758        0x4 build/heap_4.o
 .bss.xNumberOfSuccessfulFrees
                0x2000475c        0x4 build/heap_4.o
 .bss.xStart    0x20004760        0x8 build/heap_4.o
 .bss.ucMaxSysCallPriority
                0x20004768        0x1 build/port.o
 *fill*         0x20004769        0x3 
 .bss.ulMaxPRIGROUPValue
                0x2000476c        0x4 build/port.o
 .bss.__malloc_free_list
                0x20004770        0x4 c:/libraries/gcc/11.2 2022.02/bin/../lib/gcc/arm-none-eabi/11.2.1/thumb/v7e-m+fp/hard\libc_nano.a(lib_a-nano-mallocr.o)
                0x20004770                __malloc_free_list
 .bss.__malloc_sbrk_start
                0x20004774        0x4 c:/libraries/gcc/11.2 2022.02/bin/../lib/gcc/arm-none-eabi/11.2.1/thumb/v7e-m+fp/hard\libc_nano.a(lib_a-nano-mallocr.o)
                0x20004774                __malloc_sbrk_start
 .bss.errno     0x20004778        0x4 c:/libraries/gcc/11.2 2022.02/bin/../lib/gcc/arm-none-eabi/11.2.1/thumb/v7e-m+fp/hard\libc_nano.a(lib_a-reent.o)
                0x20004778                errno
 .bss.heap_end.0
                0x2000477c        0x4 c:/libraries/gcc/11.2 2022.02/bin/../lib/gcc/arm-none-eabi/11.2.1/thumb/v7e-m+fp/hard\libnosys.a(sbrk.o)
 *(COMMON)
                0x20004780                . = ALIGN (0x4)
                0x20004780                _ebss = .
                0x20004780                __bss_end__ = _ebss

._user_heap_stack
                0x20004780      0x600 load address 0x080079f4
                0x20004780                . = ALIGN (0x8)
                0x20004780                PROVIDE (end = .)
                [!provide]                PROVIDE (_end = .)
                0x20004980                . = (. + _Min_Heap_Size)
 *fill*         0x20004780      0x200 
                0x20004d80                . = (. + _Min_Stack_Size)
 *fill*         0x20004980      0x400 
                0x20004d80                . = ALIGN (0x8)

/DISCARD/
 libc.a(*)
 libm.a(*)
 libgcc.a(*)

.ARM.attributes
                0x00000000       0x30
 *(.ARM.attributes)
 .ARM.attributes
                0x00000000       0x1e c:/libraries/gcc/11.2 2022.02/bin/../lib/gcc/arm-none-eabi/11.2.1/thumb/v7e-m+fp/hard/crti.o
 .ARM.attributes
                0x0000001e       0x34 c:/libraries/gcc/11.2 2022.02/bin/../lib/gcc/arm-none-eabi/11.2.1/thumb/v7e-m+fp/hard/crtbegin.o
 .ARM.attributes
                0x00000052       0x34 build/globals.o
 .ARM.attributes
                0x00000086       0x34 build/main.o
 .ARM.attributes
                0x000000ba       0x34 build/i2c-lcd.o
 .ARM.attributes
                0x000000ee       0x34 build/lora_sx1276.o
 .ARM.attributes
                0x00000122       0x34 build/koth_game.o
 .ARM.attributes
                0x00000156       0x34 build/freertos.o
 .ARM.attributes
                0x0000018a       0x34 build/stm32f4xx_it.o
 .ARM.attributes
                0x000001be       0x34 build/stm32f4xx_hal_msp.o
 .ARM.attributes
                0x000001f2       0x34 build/stm32f4xx_hal_timebase_tim.o
 .ARM.attributes
                0x00000226       0x34 build/stm32f4xx_hal_rcc.o
 .ARM.attributes
                0x0000025a       0x34 build/stm32f4xx_hal_gpio.o
 .ARM.attributes
                0x0000028e       0x34 build/stm32f4xx_hal_dma.o
 .ARM.attributes
                0x000002c2       0x34 build/stm32f4xx_hal_cortex.o
 .ARM.attributes
                0x000002f6       0x34 build/stm32f4xx_hal.o
 .ARM.attributes
                0x0000032a       0x34 build/stm32f4xx_hal_i2c.o
 .ARM.attributes
                0x0000035e       0x34 build/stm32f4xx_hal_spi.o
 .ARM.attributes
                0x00000392       0x34 build/stm32f4xx_hal_tim.o
 .ARM.attributes
                0x000003c6       0x34 build/stm32f4xx_hal_tim_ex.o
 .ARM.attributes
                0x000003fa       0x34 build/system_stm32f4xx.o
 .ARM.attributes
                0x0000042e       0x34 build/list.o
 .ARM.attributes
                0x00000462       0x34 build/queue.o
 .ARM.attributes
                0x00000496       0x34 build/tasks.o
 .ARM.attributes
                0x000004ca       0x34 build/timers.o
 .ARM.attributes
                0x000004fe       0x34 build/cmsis_os.o
 .ARM.attributes
                0x00000532       0x34 build/heap_4.o
 .ARM.attributes
                0x00000566       0x34 build/port.o
 .ARM.attributes
                0x0000059a       0x21 build/startup_stm32f401xc.o
 .ARM.attributes
                0x000005bb       0x34 c:/libraries/gcc/11.2 2022.02/bin/../lib/gcc/arm-none-eabi/11.2.1/thumb/v7e-m+fp/hard\libc_nano.a(lib_a-impure.o)
 .ARM.attributes
                0x000005ef       0x34 c:/libraries/gcc/11.2 2022.02/bin/../lib/gcc/arm-none-eabi/11.2.1/thumb/v7e-m+fp/hard\libc_nano.a(lib_a-init.o)
 .ARM.attributes
                0x00000623       0x34 c:/libraries/gcc/11.2 2022.02/bin/../lib/gcc/arm-none-eabi/11.2.1/thumb/v7e-m+fp/hard\libc_nano.a(lib_a-memcpy-stub.o)
 .ARM.attributes
                0x00000657       0x34 c:/libraries/gcc/11.2 2022.02/bin/../lib/gcc/arm-none-eabi/11.2.1/thumb/v7e-m+fp/hard\libc_nano.a(lib_a-memset.o)
 .ARM.attributes
                0x0000068b       0x34 c:/libraries/gcc/11.2 2022.02/bin/../lib/gcc/arm-none-eabi/11.2.1/thumb/v7e-m+fp/hard\libc_nano.a(lib_a-sprintf.o)
 .ARM.attributes
                0x000006bf       0x34 c:/libraries/gcc/11.2 2022.02/bin/../lib/gcc/arm-none-eabi/11.2.1/thumb/v7e-m+fp/hard\libc_nano.a(lib_a-strstr.o)
 .ARM.attributes
                0x000006f3       0x34 c:/libraries/gcc/11.2 2022.02/bin/../lib/gcc/arm-none-eabi/11.2.1/thumb/v7e-m+fp/hard\libc_nano.a(lib_a-strtol.o)
 .ARM.attributes
                0x00000727       0x34 c:/libraries/gcc/11.2 2022.02/bin/../lib/gcc/arm-none-eabi/11.2.1/thumb/v7e-m+fp/hard\libc_nano.a(lib_a-ctype_.o)
 .ARM.attributes
                0x0000075b       0x34 c:/libraries/gcc/11.2 2022.02/bin/../lib/gcc/arm-none-eabi/11.2.1/thumb/v7e-m+fp/hard\libc_nano.a(lib_a-errno.o)
 .ARM.attributes
                0x0000078f       0x34 c:/libraries/gcc/11.2 2022.02/bin/../lib/gcc/arm-none-eabi/11.2.1/thumb/v7e-m+fp/hard\libc_nano.a(lib_a-nano-svfprintf.o)
 .ARM.attributes
                0x000007c3       0x34 c:/libraries/gcc/11.2 2022.02/bin/../lib/gcc/arm-none-eabi/11.2.1/thumb/v7e-m+fp/hard\libc_nano.a(lib_a-nano-vfprintf_i.o)
 .ARM.attributes
                0x000007f7       0x1c c:/libraries/gcc/11.2 2022.02/bin/../lib/gcc/arm-none-eabi/11.2.1/thumb/v7e-m+fp/hard\libc_nano.a(lib_a-memchr.o)
 .ARM.attributes
                0x00000813       0x34 c:/libraries/gcc/11.2 2022.02/bin/../lib/gcc/arm-none-eabi/11.2.1/thumb/v7e-m+fp/hard\libc_nano.a(lib_a-memmove.o)
 .ARM.attributes
                0x00000847       0x34 c:/libraries/gcc/11.2 2022.02/bin/../lib/gcc/arm-none-eabi/11.2.1/thumb/v7e-m+fp/hard\libc_nano.a(lib_a-nano-freer.o)
 .ARM.attributes
                0x0000087b       0x34 c:/libraries/gcc/11.2 2022.02/bin/../lib/gcc/arm-none-eabi/11.2.1/thumb/v7e-m+fp/hard\libc_nano.a(lib_a-nano-mallocr.o)
 .ARM.attributes
                0x000008af       0x34 c:/libraries/gcc/11.2 2022.02/bin/../lib/gcc/arm-none-eabi/11.2.1/thumb/v7e-m+fp/hard\libc_nano.a(lib_a-nano-reallocr.o)
 .ARM.attributes
                0x000008e3       0x34 c:/libraries/gcc/11.2 2022.02/bin/../lib/gcc/arm-none-eabi/11.2.1/thumb/v7e-m+fp/hard\libc_nano.a(lib_a-sbrkr.o)
 .ARM.attributes
                0x00000917       0x34 c:/libraries/gcc/11.2 2022.02/bin/../lib/gcc/arm-none-eabi/11.2.1/thumb/v7e-m+fp/hard\libc_nano.a(lib_a-mlock.o)
 .ARM.attributes
                0x0000094b       0x34 c:/libraries/gcc/11.2 2022.02/bin/../lib/gcc/arm-none-eabi/11.2.1/thumb/v7e-m+fp/hard\libc_nano.a(lib_a-nano-msizer.o)
 .ARM.attributes
                0x0000097f       0x34 c:/libraries/gcc/11.2 2022.02/bin/../lib/gcc/arm-none-eabi/11.2.1/thumb/v7e-m+fp/hard\libc_nano.a(lib_a-reent.o)
 .ARM.attributes
                0x000009b3       0x34 c:/libraries/gcc/11.2 2022.02/bin/../lib/gcc/arm-none-eabi/11.2.1/thumb/v7e-m+fp/hard\libnosys.a(sbrk.o)
 .ARM.attributes
                0x000009e7       0x1e c:/libraries/gcc/11.2 2022.02/bin/../lib/gcc/arm-none-eabi/11.2.1/thumb/v7e-m+fp/hard\libgcc.a(_aeabi_uldivmod.o)
 .ARM.attributes
                0x00000a05       0x34 c:/libraries/gcc/11.2 2022.02/bin/../lib/gcc/arm-none-eabi/11.2.1/thumb/v7e-m+fp/hard\libgcc.a(_udivmoddi4.o)
 .ARM.attributes
                0x00000a39       0x1e c:/libraries/gcc/11.2 2022.02/bin/../lib/gcc/arm-none-eabi/11.2.1/thumb/v7e-m+fp/hard\libgcc.a(_dvmd_tls.o)
 .ARM.attributes
                0x00000a57       0x34 c:/libraries/gcc/11.2 2022.02/bin/../lib/gcc/arm-none-eabi/11.2.1/thumb/v7e-m+fp/hard/crtend.o
 .ARM.attributes
                0x00000a8b       0x1e c:/libraries/gcc/11.2 2022.02/bin/../lib/gcc/arm-none-eabi/11.2.1/thumb/v7e-m+fp/hard/crtn.o
OUTPUT(build/LoRa.elf elf32-littlearm)
LOAD linker stubs
LOAD c:/libraries/gcc/11.2 2022.02/bin/../lib/gcc/arm-none-eabi/11.2.1/thumb/v7e-m+fp/hard\libc.a
LOAD c:/libraries/gcc/11.2 2022.02/bin/../lib/gcc/arm-none-eabi/11.2.1/thumb/v7e-m+fp/hard\libm.a
LOAD c:/libraries/gcc/11.2 2022.02/bin/../lib/gcc/arm-none-eabi/11.2.1/thumb/v7e-m+fp/hard\libgcc.a

.comment        0x00000000       0x57
 .comment       0x00000000       0x57 c:/libraries/gcc/11.2 2022.02/bin/../lib/gcc/arm-none-eabi/11.2.1/thumb/v7e-m+fp/hard/crtbegin.o
                                 0x58 (size before relaxing)
 .comment       0x00000057       0x58 build/globals.o
 .comment       0x00000057       0x58 build/main.o
 .comment       0x00000057       0x58 build/i2c-lcd.o
 .comment       0x00000057       0x58 build/lora_sx1276.o
 .comment       0x00000057       0x58 build/koth_game.o
 .comment       0x00000057       0x58 build/freertos.o
 .comment       0x00000057       0x58 build/stm32f4xx_it.o
 .comment       0x00000057       0x58 build/stm32f4xx_hal_msp.o
 .comment       0x00000057       0x58 build/stm32f4xx_hal_timebase_tim.o
 .comment       0x00000057       0x58 build/stm32f4xx_hal_rcc.o
 .comment       0x00000057       0x58 build/stm32f4xx_hal_gpio.o
 .comment       0x00000057       0x58 build/stm32f4xx_hal_dma.o
 .comment       0x00000057       0x58 build/stm32f4xx_hal_cortex.o
 .comment       0x00000057       0x58 build/stm32f4xx_hal.o
 .comment       0x00000057       0x58 build/stm32f4xx_hal_i2c.o
 .comment       0x00000057       0x58 build/stm32f4xx_hal_spi.o
 .comment       0x00000057       0x58 build/stm32f4xx_hal_tim.o
 .comment       0x00000057       0x58 build/stm32f4xx_hal_tim_ex.o
 .comment       0x00000057       0x58 build/system_stm32f4xx.o
 .comment       0x00000057       0x58 build/list.o
 .comment       0x00000057       0x58 build/queue.o
 .comment       0x00000057       0x58 build/tasks.o
 .comment       0x00000057       0x58 build/timers.o
 .comment       0x00000057       0x58 build/cmsis_os.o
 .comment       0x00000057       0x58 build/heap_4.o
 .comment       0x00000057       0x58 build/port.o
 .comment       0x00000057       0x58 c:/libraries/gcc/11.2 2022.02/bin/../lib/gcc/arm-none-eabi/11.2.1/thumb/v7e-m+fp/hard\libc_nano.a(lib_a-impure.o)
 .comment       0x00000057       0x58 c:/libraries/gcc/11.2 2022.02/bin/../lib/gcc/arm-none-eabi/11.2.1/thumb/v7e-m+fp/hard\libc_nano.a(lib_a-init.o)
 .comment       0x00000057       0x58 c:/libraries/gcc/11.2 2022.02/bin/../lib/gcc/arm-none-eabi/11.2.1/thumb/v7e-m+fp/hard\libc_nano.a(lib_a-memcpy-stub.o)
 .comment       0x00000057       0x58 c:/libraries/gcc/11.2 2022.02/bin/../lib/gcc/arm-none-eabi/11.2.1/thumb/v7e-m+fp/hard\libc_nano.a(lib_a-memset.o)
 .comment       0x00000057       0x58 c:/libraries/gcc/11.2 2022.02/bin/../lib/gcc/arm-none-eabi/11.2.1/thumb/v7e-m+fp/hard\libc_nano.a(lib_a-sprintf.o)
 .comment       0x00000057       0x58 c:/libraries/gcc/11.2 2022.02/bin/../lib/gcc/arm-none-eabi/11.2.1/thumb/v7e-m+fp/hard\libc_nano.a(lib_a-strstr.o)
 .comment       0x00000057       0x58 c:/libraries/gcc/11.2 2022.02/bin/../lib/gcc/arm-none-eabi/11.2.1/thumb/v7e-m+fp/hard\libc_nano.a(lib_a-strtol.o)
 .comment       0x00000057       0x58 c:/libraries/gcc/11.2 2022.02/bin/../lib/gcc/arm-none-eabi/11.2.1/thumb/v7e-m+fp/hard\libc_nano.a(lib_a-ctype_.o)
 .comment       0x00000057       0x58 c:/libraries/gcc/11.2 2022.02/bin/../lib/gcc/arm-none-eabi/11.2.1/thumb/v7e-m+fp/hard\libc_nano.a(lib_a-errno.o)
 .comment       0x00000057       0x58 c:/libraries/gcc/11.2 2022.02/bin/../lib/gcc/arm-none-eabi/11.2.1/thumb/v7e-m+fp/hard\libc_nano.a(lib_a-nano-svfprintf.o)
 .comment       0x00000057       0x58 c:/libraries/gcc/11.2 2022.02/bin/../lib/gcc/arm-none-eabi/11.2.1/thumb/v7e-m+fp/hard\libc_nano.a(lib_a-nano-vfprintf_i.o)
 .comment       0x00000057       0x58 c:/libraries/gcc/11.2 2022.02/bin/../lib/gcc/arm-none-eabi/11.2.1/thumb/v7e-m+fp/hard\libc_nano.a(lib_a-memmove.o)
 .comment       0x00000057       0x58 c:/libraries/gcc/11.2 2022.02/bin/../lib/gcc/arm-none-eabi/11.2.1/thumb/v7e-m+fp/hard\libc_nano.a(lib_a-nano-freer.o)
 .comment       0x00000057       0x58 c:/libraries/gcc/11.2 2022.02/bin/../lib/gcc/arm-none-eabi/11.2.1/thumb/v7e-m+fp/hard\libc_nano.a(lib_a-nano-mallocr.o)
 .comment       0x00000057       0x58 c:/libraries/gcc/11.2 2022.02/bin/../lib/gcc/arm-none-eabi/11.2.1/thumb/v7e-m+fp/hard\libc_nano.a(lib_a-nano-reallocr.o)
 .comment       0x00000057       0x58 c:/libraries/gcc/11.2 2022.02/bin/../lib/gcc/arm-none-eabi/11.2.1/thumb/v7e-m+fp/hard\libc_nano.a(lib_a-sbrkr.o)
 .comment       0x00000057       0x58 c:/libraries/gcc/11.2 2022.02/bin/../lib/gcc/arm-none-eabi/11.2.1/thumb/v7e-m+fp/hard\libc_nano.a(lib_a-mlock.o)
 .comment       0x00000057       0x58 c:/libraries/gcc/11.2 2022.02/bin/../lib/gcc/arm-none-eabi/11.2.1/thumb/v7e-m+fp/hard\libc_nano.a(lib_a-nano-msizer.o)
 .comment       0x00000057       0x58 c:/libraries/gcc/11.2 2022.02/bin/../lib/gcc/arm-none-eabi/11.2.1/thumb/v7e-m+fp/hard\libc_nano.a(lib_a-reent.o)
 .comment       0x00000057       0x58 c:/libraries/gcc/11.2 2022.02/bin/../lib/gcc/arm-none-eabi/11.2.1/thumb/v7e-m+fp/hard\libnosys.a(sbrk.o)
 .comment       0x00000057       0x58 c:/libraries/gcc/11.2 2022.02/bin/../lib/gcc/arm-none-eabi/11.2.1/thumb/v7e-m+fp/hard\libgcc.a(_udivmoddi4.o)
 .comment       0x00000057       0x58 c:/libraries/gcc/11.2 2022.02/bin/../lib/gcc/arm-none-eabi/11.2.1/thumb/v7e-m+fp/hard/crtend.o

.debug_info     0x00000000    0x2c255
 .debug_info    0x00000000      0x18d build/globals.o
 .debug_info    0x0000018d     0x29a9 build/main.o
 .debug_info    0x00002b36      0xab0 build/i2c-lcd.o
 .debug_info    0x000035e6     0x23c7 build/lora_sx1276.o
 .debug_info    0x000059ad      0xcad build/koth_game.o
 .debug_info    0x0000665a      0x320 build/freertos.o
 .debug_info    0x0000697a      0xbbd build/stm32f4xx_it.o
 .debug_info    0x00007537     0x11f1 build/stm32f4xx_hal_msp.o
 .debug_info    0x00008728      0xd59 build/stm32f4xx_hal_timebase_tim.o
 .debug_info    0x00009481      0xc36 build/stm32f4xx_hal_rcc.o
 .debug_info    0x0000a0b7      0x872 build/stm32f4xx_hal_gpio.o
 .debug_info    0x0000a929      0xbc6 build/stm32f4xx_hal_dma.o
 .debug_info    0x0000b4ef     0x10e4 build/stm32f4xx_hal_cortex.o
 .debug_info    0x0000c5d3      0xa8a build/stm32f4xx_hal.o
 .debug_info    0x0000d05d     0x3b7a build/stm32f4xx_hal_i2c.o
 .debug_info    0x00010bd7     0x203a build/stm32f4xx_hal_spi.o
 .debug_info    0x00012c11     0x40ba build/stm32f4xx_hal_tim.o
 .debug_info    0x00016ccb     0x1d4a build/stm32f4xx_hal_tim_ex.o
 .debug_info    0x00018a15      0x5e5 build/system_stm32f4xx.o
 .debug_info    0x00018ffa      0x30f build/list.o
 .debug_info    0x00019309     0x2575 build/queue.o
 .debug_info    0x0001b87e     0x2bf8 build/tasks.o
 .debug_info    0x0001e476     0x1a0e build/timers.o
 .debug_info    0x0001fe84     0x28f2 build/cmsis_os.o
 .debug_info    0x00022776      0x61a build/heap_4.o
 .debug_info    0x00022d90      0x5c2 build/port.o
 .debug_info    0x00023352       0x22 build/startup_stm32f401xc.o
 .debug_info    0x00023374      0x7fc c:/libraries/gcc/11.2 2022.02/bin/../lib/gcc/arm-none-eabi/11.2.1/thumb/v7e-m+fp/hard\libc_nano.a(lib_a-impure.o)
 .debug_info    0x00023b70      0x10b c:/libraries/gcc/11.2 2022.02/bin/../lib/gcc/arm-none-eabi/11.2.1/thumb/v7e-m+fp/hard\libc_nano.a(lib_a-init.o)
 .debug_info    0x00023c7b      0x121 c:/libraries/gcc/11.2 2022.02/bin/../lib/gcc/arm-none-eabi/11.2.1/thumb/v7e-m+fp/hard\libc_nano.a(lib_a-memcpy-stub.o)
 .debug_info    0x00023d9c       0xe0 c:/libraries/gcc/11.2 2022.02/bin/../lib/gcc/arm-none-eabi/11.2.1/thumb/v7e-m+fp/hard\libc_nano.a(lib_a-memset.o)
 .debug_info    0x00023e7c      0x8d5 c:/libraries/gcc/11.2 2022.02/bin/../lib/gcc/arm-none-eabi/11.2.1/thumb/v7e-m+fp/hard\libc_nano.a(lib_a-sprintf.o)
 .debug_info    0x00024751       0xe9 c:/libraries/gcc/11.2 2022.02/bin/../lib/gcc/arm-none-eabi/11.2.1/thumb/v7e-m+fp/hard\libc_nano.a(lib_a-strstr.o)
 .debug_info    0x0002483a      0xd93 c:/libraries/gcc/11.2 2022.02/bin/../lib/gcc/arm-none-eabi/11.2.1/thumb/v7e-m+fp/hard\libc_nano.a(lib_a-strtol.o)
 .debug_info    0x000255cd       0xb9 c:/libraries/gcc/11.2 2022.02/bin/../lib/gcc/arm-none-eabi/11.2.1/thumb/v7e-m+fp/hard\libc_nano.a(lib_a-ctype_.o)
 .debug_info    0x00025686      0x751 c:/libraries/gcc/11.2 2022.02/bin/../lib/gcc/arm-none-eabi/11.2.1/thumb/v7e-m+fp/hard\libc_nano.a(lib_a-errno.o)
 .debug_info    0x00025dd7     0x111a c:/libraries/gcc/11.2 2022.02/bin/../lib/gcc/arm-none-eabi/11.2.1/thumb/v7e-m+fp/hard\libc_nano.a(lib_a-nano-svfprintf.o)
 .debug_info    0x00026ef1      0xe38 c:/libraries/gcc/11.2 2022.02/bin/../lib/gcc/arm-none-eabi/11.2.1/thumb/v7e-m+fp/hard\libc_nano.a(lib_a-nano-vfprintf_i.o)
 .debug_info    0x00027d29       0x25 c:/libraries/gcc/11.2 2022.02/bin/../lib/gcc/arm-none-eabi/11.2.1/thumb/v7e-m+fp/hard\libc_nano.a(lib_a-memchr.o)
 .debug_info    0x00027d4e      0x10f c:/libraries/gcc/11.2 2022.02/bin/../lib/gcc/arm-none-eabi/11.2.1/thumb/v7e-m+fp/hard\libc_nano.a(lib_a-memmove.o)
 .debug_info    0x00027e5d      0x89c c:/libraries/gcc/11.2 2022.02/bin/../lib/gcc/arm-none-eabi/11.2.1/thumb/v7e-m+fp/hard\libc_nano.a(lib_a-nano-freer.o)
 .debug_info    0x000286f9      0xa12 c:/libraries/gcc/11.2 2022.02/bin/../lib/gcc/arm-none-eabi/11.2.1/thumb/v7e-m+fp/hard\libc_nano.a(lib_a-nano-mallocr.o)
 .debug_info    0x0002910b      0x91d c:/libraries/gcc/11.2 2022.02/bin/../lib/gcc/arm-none-eabi/11.2.1/thumb/v7e-m+fp/hard\libc_nano.a(lib_a-nano-reallocr.o)
 .debug_info    0x00029a28      0x7d2 c:/libraries/gcc/11.2 2022.02/bin/../lib/gcc/arm-none-eabi/11.2.1/thumb/v7e-m+fp/hard\libc_nano.a(lib_a-sbrkr.o)
 .debug_info    0x0002a1fa      0x77c c:/libraries/gcc/11.2 2022.02/bin/../lib/gcc/arm-none-eabi/11.2.1/thumb/v7e-m+fp/hard\libc_nano.a(lib_a-mlock.o)
 .debug_info    0x0002a976      0x7ea c:/libraries/gcc/11.2 2022.02/bin/../lib/gcc/arm-none-eabi/11.2.1/thumb/v7e-m+fp/hard\libc_nano.a(lib_a-nano-msizer.o)
 .debug_info    0x0002b160      0x92c c:/libraries/gcc/11.2 2022.02/bin/../lib/gcc/arm-none-eabi/11.2.1/thumb/v7e-m+fp/hard\libc_nano.a(lib_a-reent.o)
 .debug_info    0x0002ba8c       0x9e c:/libraries/gcc/11.2 2022.02/bin/../lib/gcc/arm-none-eabi/11.2.1/thumb/v7e-m+fp/hard\libnosys.a(sbrk.o)
 .debug_info    0x0002bb2a       0x24 c:/libraries/gcc/11.2 2022.02/bin/../lib/gcc/arm-none-eabi/11.2.1/thumb/v7e-m+fp/hard\libgcc.a(_aeabi_uldivmod.o)
 .debug_info    0x0002bb4e      0x6e3 c:/libraries/gcc/11.2 2022.02/bin/../lib/gcc/arm-none-eabi/11.2.1/thumb/v7e-m+fp/hard\libgcc.a(_udivmoddi4.o)
 .debug_info    0x0002c231       0x24 c:/libraries/gcc/11.2 2022.02/bin/../lib/gcc/arm-none-eabi/11.2.1/thumb/v7e-m+fp/hard\libgcc.a(_dvmd_tls.o)

.debug_abbrev   0x00000000     0x64f1
 .debug_abbrev  0x00000000       0x5a build/globals.o
 .debug_abbrev  0x0000005a      0x413 build/main.o
 .debug_abbrev  0x0000046d      0x227 build/i2c-lcd.o
 .debug_abbrev  0x00000694      0x347 build/lora_sx1276.o
 .debug_abbrev  0x000009db      0x269 build/koth_game.o
 .debug_abbrev  0x00000c44       0xe6 build/freertos.o
 .debug_abbrev  0x00000d2a      0x1ba build/stm32f4xx_it.o
 .debug_abbrev  0x00000ee4      0x217 build/stm32f4xx_hal_msp.o
 .debug_abbrev  0x000010fb      0x23e build/stm32f4xx_hal_timebase_tim.o
 .debug_abbrev  0x00001339      0x2de build/stm32f4xx_hal_rcc.o
 .debug_abbrev  0x00001617      0x22b build/stm32f4xx_hal_gpio.o
 .debug_abbrev  0x00001842      0x2be build/stm32f4xx_hal_dma.o
 .debug_abbrev  0x00001b00      0x371 build/stm32f4xx_hal_cortex.o
 .debug_abbrev  0x00001e71      0x275 build/stm32f4xx_hal.o
 .debug_abbrev  0x000020e6      0x339 build/stm32f4xx_hal_i2c.o
 .debug_abbrev  0x0000241f      0x2c6 build/stm32f4xx_hal_spi.o
 .debug_abbrev  0x000026e5      0x2c7 build/stm32f4xx_hal_tim.o
 .debug_abbrev  0x000029ac      0x2c1 build/stm32f4xx_hal_tim_ex.o
 .debug_abbrev  0x00002c6d      0x11b build/system_stm32f4xx.o
 .debug_abbrev  0x00002d88      0x124 build/list.o
 .debug_abbrev  0x00002eac      0x431 build/queue.o
 .debug_abbrev  0x000032dd      0x3f2 build/tasks.o
 .debug_abbrev  0x000036cf      0x39e build/timers.o
 .debug_abbrev  0x00003a6d      0x3fb build/cmsis_os.o
 .debug_abbrev  0x00003e68      0x27a build/heap_4.o
 .debug_abbrev  0x000040e2      0x2af build/port.o
 .debug_abbrev  0x00004391       0x12 build/startup_stm32f401xc.o
 .debug_abbrev  0x000043a3      0x15a c:/libraries/gcc/11.2 2022.02/bin/../lib/gcc/arm-none-eabi/11.2.1/thumb/v7e-m+fp/hard\libc_nano.a(lib_a-impure.o)
 .debug_abbrev  0x000044fd       0xc9 c:/libraries/gcc/11.2 2022.02/bin/../lib/gcc/arm-none-eabi/11.2.1/thumb/v7e-m+fp/hard\libc_nano.a(lib_a-init.o)
 .debug_abbrev  0x000045c6       0xc1 c:/libraries/gcc/11.2 2022.02/bin/../lib/gcc/arm-none-eabi/11.2.1/thumb/v7e-m+fp/hard\libc_nano.a(lib_a-memcpy-stub.o)
 .debug_abbrev  0x00004687       0x9e c:/libraries/gcc/11.2 2022.02/bin/../lib/gcc/arm-none-eabi/11.2.1/thumb/v7e-m+fp/hard\libc_nano.a(lib_a-memset.o)
 .debug_abbrev  0x00004725      0x21c c:/libraries/gcc/11.2 2022.02/bin/../lib/gcc/arm-none-eabi/11.2.1/thumb/v7e-m+fp/hard\libc_nano.a(lib_a-sprintf.o)
 .debug_abbrev  0x00004941       0xad c:/libraries/gcc/11.2 2022.02/bin/../lib/gcc/arm-none-eabi/11.2.1/thumb/v7e-m+fp/hard\libc_nano.a(lib_a-strstr.o)
 .debug_abbrev  0x000049ee      0x2e5 c:/libraries/gcc/11.2 2022.02/bin/../lib/gcc/arm-none-eabi/11.2.1/thumb/v7e-m+fp/hard\libc_nano.a(lib_a-strtol.o)
 .debug_abbrev  0x00004cd3       0x62 c:/libraries/gcc/11.2 2022.02/bin/../lib/gcc/arm-none-eabi/11.2.1/thumb/v7e-m+fp/hard\libc_nano.a(lib_a-ctype_.o)
 .debug_abbrev  0x00004d35      0x15e c:/libraries/gcc/11.2 2022.02/bin/../lib/gcc/arm-none-eabi/11.2.1/thumb/v7e-m+fp/hard\libc_nano.a(lib_a-errno.o)
 .debug_abbrev  0x00004e93      0x315 c:/libraries/gcc/11.2 2022.02/bin/../lib/gcc/arm-none-eabi/11.2.1/thumb/v7e-m+fp/hard\libc_nano.a(lib_a-nano-svfprintf.o)
 .debug_abbrev  0x000051a8      0x285 c:/libraries/gcc/11.2 2022.02/bin/../lib/gcc/arm-none-eabi/11.2.1/thumb/v7e-m+fp/hard\libc_nano.a(lib_a-nano-vfprintf_i.o)
 .debug_abbrev  0x0000542d       0x14 c:/libraries/gcc/11.2 2022.02/bin/../lib/gcc/arm-none-eabi/11.2.1/thumb/v7e-m+fp/hard\libc_nano.a(lib_a-memchr.o)
 .debug_abbrev  0x00005441       0xac c:/libraries/gcc/11.2 2022.02/bin/../lib/gcc/arm-none-eabi/11.2.1/thumb/v7e-m+fp/hard\libc_nano.a(lib_a-memmove.o)
 .debug_abbrev  0x000054ed      0x23b c:/libraries/gcc/11.2 2022.02/bin/../lib/gcc/arm-none-eabi/11.2.1/thumb/v7e-m+fp/hard\libc_nano.a(lib_a-nano-freer.o)
 .debug_abbrev  0x00005728      0x24a c:/libraries/gcc/11.2 2022.02/bin/../lib/gcc/arm-none-eabi/11.2.1/thumb/v7e-m+fp/hard\libc_nano.a(lib_a-nano-mallocr.o)
 .debug_abbrev  0x00005972      0x217 c:/libraries/gcc/11.2 2022.02/bin/../lib/gcc/arm-none-eabi/11.2.1/thumb/v7e-m+fp/hard\libc_nano.a(lib_a-nano-reallocr.o)
 .debug_abbrev  0x00005b89      0x1da c:/libraries/gcc/11.2 2022.02/bin/../lib/gcc/arm-none-eabi/11.2.1/thumb/v7e-m+fp/hard\libc_nano.a(lib_a-sbrkr.o)
 .debug_abbrev  0x00005d63      0x192 c:/libraries/gcc/11.2 2022.02/bin/../lib/gcc/arm-none-eabi/11.2.1/thumb/v7e-m+fp/hard\libc_nano.a(lib_a-mlock.o)
 .debug_abbrev  0x00005ef5      0x196 c:/libraries/gcc/11.2 2022.02/bin/../lib/gcc/arm-none-eabi/11.2.1/thumb/v7e-m+fp/hard\libc_nano.a(lib_a-nano-msizer.o)
 .debug_abbrev  0x0000608b      0x233 c:/libraries/gcc/11.2 2022.02/bin/../lib/gcc/arm-none-eabi/11.2.1/thumb/v7e-m+fp/hard\libc_nano.a(lib_a-reent.o)
 .debug_abbrev  0x000062be       0xa1 c:/libraries/gcc/11.2 2022.02/bin/../lib/gcc/arm-none-eabi/11.2.1/thumb/v7e-m+fp/hard\libnosys.a(sbrk.o)
 .debug_abbrev  0x0000635f       0x14 c:/libraries/gcc/11.2 2022.02/bin/../lib/gcc/arm-none-eabi/11.2.1/thumb/v7e-m+fp/hard\libgcc.a(_aeabi_uldivmod.o)
 .debug_abbrev  0x00006373      0x16a c:/libraries/gcc/11.2 2022.02/bin/../lib/gcc/arm-none-eabi/11.2.1/thumb/v7e-m+fp/hard\libgcc.a(_udivmoddi4.o)
 .debug_abbrev  0x000064dd       0x14 c:/libraries/gcc/11.2 2022.02/bin/../lib/gcc/arm-none-eabi/11.2.1/thumb/v7e-m+fp/hard\libgcc.a(_dvmd_tls.o)

.debug_aranges  0x00000000     0x1a50
 .debug_aranges
                0x00000000       0x18 build/globals.o
 .debug_aranges
                0x00000018       0x88 build/main.o
 .debug_aranges
                0x000000a0       0x48 build/i2c-lcd.o
 .debug_aranges
                0x000000e8      0x168 build/lora_sx1276.o
 .debug_aranges
                0x00000250       0x38 build/koth_game.o
 .debug_aranges
                0x00000288       0x28 build/freertos.o
 .debug_aranges
                0x000002b0       0x68 build/stm32f4xx_it.o
 .debug_aranges
                0x00000318       0x40 build/stm32f4xx_hal_msp.o
 .debug_aranges
                0x00000358       0x30 build/stm32f4xx_hal_timebase_tim.o
 .debug_aranges
                0x00000388       0x88 build/stm32f4xx_hal_rcc.o
 .debug_aranges
                0x00000410       0x58 build/stm32f4xx_hal_gpio.o
 .debug_aranges
                0x00000468       0x90 build/stm32f4xx_hal_dma.o
 .debug_aranges
                0x000004f8       0xa8 build/stm32f4xx_hal_cortex.o
 .debug_aranges
                0x000005a0       0xf0 build/stm32f4xx_hal.o
 .debug_aranges
                0x00000690      0x2a0 build/stm32f4xx_hal_i2c.o
 .debug_aranges
                0x00000930      0x1d0 build/stm32f4xx_hal_spi.o
 .debug_aranges
                0x00000b00      0x3d0 build/stm32f4xx_hal_tim.o
 .debug_aranges
                0x00000ed0      0x168 build/stm32f4xx_hal_tim_ex.o
 .debug_aranges
                0x00001038       0x28 build/system_stm32f4xx.o
 .debug_aranges
                0x00001060       0x40 build/list.o
 .debug_aranges
                0x000010a0      0x110 build/queue.o
 .debug_aranges
                0x000011b0      0x1c0 build/tasks.o
 .debug_aranges
                0x00001370       0xd0 build/timers.o
 .debug_aranges
                0x00001440      0x1d8 build/cmsis_os.o
 .debug_aranges
                0x00001618       0x58 build/heap_4.o
 .debug_aranges
                0x00001670       0x80 build/port.o
 .debug_aranges
                0x000016f0       0x28 build/startup_stm32f401xc.o
 .debug_aranges
                0x00001718       0x18 c:/libraries/gcc/11.2 2022.02/bin/../lib/gcc/arm-none-eabi/11.2.1/thumb/v7e-m+fp/hard\libc_nano.a(lib_a-impure.o)
 .debug_aranges
                0x00001730       0x20 c:/libraries/gcc/11.2 2022.02/bin/../lib/gcc/arm-none-eabi/11.2.1/thumb/v7e-m+fp/hard\libc_nano.a(lib_a-init.o)
 .debug_aranges
                0x00001750       0x20 c:/libraries/gcc/11.2 2022.02/bin/../lib/gcc/arm-none-eabi/11.2.1/thumb/v7e-m+fp/hard\libc_nano.a(lib_a-memcpy-stub.o)
 .debug_aranges
                0x00001770       0x20 c:/libraries/gcc/11.2 2022.02/bin/../lib/gcc/arm-none-eabi/11.2.1/thumb/v7e-m+fp/hard\libc_nano.a(lib_a-memset.o)
 .debug_aranges
                0x00001790       0x28 c:/libraries/gcc/11.2 2022.02/bin/../lib/gcc/arm-none-eabi/11.2.1/thumb/v7e-m+fp/hard\libc_nano.a(lib_a-sprintf.o)
 .debug_aranges
                0x000017b8       0x20 c:/libraries/gcc/11.2 2022.02/bin/../lib/gcc/arm-none-eabi/11.2.1/thumb/v7e-m+fp/hard\libc_nano.a(lib_a-strstr.o)
 .debug_aranges
                0x000017d8       0x38 c:/libraries/gcc/11.2 2022.02/bin/../lib/gcc/arm-none-eabi/11.2.1/thumb/v7e-m+fp/hard\libc_nano.a(lib_a-strtol.o)
 .debug_aranges
                0x00001810       0x18 c:/libraries/gcc/11.2 2022.02/bin/../lib/gcc/arm-none-eabi/11.2.1/thumb/v7e-m+fp/hard\libc_nano.a(lib_a-ctype_.o)
 .debug_aranges
                0x00001828       0x20 c:/libraries/gcc/11.2 2022.02/bin/../lib/gcc/arm-none-eabi/11.2.1/thumb/v7e-m+fp/hard\libc_nano.a(lib_a-errno.o)
 .debug_aranges
                0x00001848       0x30 c:/libraries/gcc/11.2 2022.02/bin/../lib/gcc/arm-none-eabi/11.2.1/thumb/v7e-m+fp/hard\libc_nano.a(lib_a-nano-svfprintf.o)
 .debug_aranges
                0x00001878       0x28 c:/libraries/gcc/11.2 2022.02/bin/../lib/gcc/arm-none-eabi/11.2.1/thumb/v7e-m+fp/hard\libc_nano.a(lib_a-nano-vfprintf_i.o)
 .debug_aranges
                0x000018a0       0x20 c:/libraries/gcc/11.2 2022.02/bin/../lib/gcc/arm-none-eabi/11.2.1/thumb/v7e-m+fp/hard\libc_nano.a(lib_a-memchr.o)
 .debug_aranges
                0x000018c0       0x20 c:/libraries/gcc/11.2 2022.02/bin/../lib/gcc/arm-none-eabi/11.2.1/thumb/v7e-m+fp/hard\libc_nano.a(lib_a-memmove.o)
 .debug_aranges
                0x000018e0       0x20 c:/libraries/gcc/11.2 2022.02/bin/../lib/gcc/arm-none-eabi/11.2.1/thumb/v7e-m+fp/hard\libc_nano.a(lib_a-nano-freer.o)
 .debug_aranges
                0x00001900       0x28 c:/libraries/gcc/11.2 2022.02/bin/../lib/gcc/arm-none-eabi/11.2.1/thumb/v7e-m+fp/hard\libc_nano.a(lib_a-nano-mallocr.o)
 .debug_aranges
                0x00001928       0x20 c:/libraries/gcc/11.2 2022.02/bin/../lib/gcc/arm-none-eabi/11.2.1/thumb/v7e-m+fp/hard\libc_nano.a(lib_a-nano-reallocr.o)
 .debug_aranges
                0x00001948       0x20 c:/libraries/gcc/11.2 2022.02/bin/../lib/gcc/arm-none-eabi/11.2.1/thumb/v7e-m+fp/hard\libc_nano.a(lib_a-sbrkr.o)
 .debug_aranges
                0x00001968       0x20 c:/libraries/gcc/11.2 2022.02/bin/../lib/gcc/arm-none-eabi/11.2.1/thumb/v7e-m+fp/hard\libc_nano.a(lib_a-mlock.o)
 .debug_aranges
                0x00001988       0x20 c:/libraries/gcc/11.2 2022.02/bin/../lib/gcc/arm-none-eabi/11.2.1/thumb/v7e-m+fp/hard\libc_nano.a(lib_a-nano-msizer.o)
 .debug_aranges
                0x000019a8       0x28 c:/libraries/gcc/11.2 2022.02/bin/../lib/gcc/arm-none-eabi/11.2.1/thumb/v7e-m+fp/hard\libc_nano.a(lib_a-reent.o)
 .debug_aranges
                0x000019d0       0x20 c:/libraries/gcc/11.2 2022.02/bin/../lib/gcc/arm-none-eabi/11.2.1/thumb/v7e-m+fp/hard\libnosys.a(sbrk.o)
 .debug_aranges
                0x000019f0       0x20 c:/libraries/gcc/11.2 2022.02/bin/../lib/gcc/arm-none-eabi/11.2.1/thumb/v7e-m+fp/hard\libgcc.a(_aeabi_uldivmod.o)
 .debug_aranges
                0x00001a10       0x20 c:/libraries/gcc/11.2 2022.02/bin/../lib/gcc/arm-none-eabi/11.2.1/thumb/v7e-m+fp/hard\libgcc.a(_udivmoddi4.o)
 .debug_aranges
                0x00001a30       0x20 c:/libraries/gcc/11.2 2022.02/bin/../lib/gcc/arm-none-eabi/11.2.1/thumb/v7e-m+fp/hard\libgcc.a(_dvmd_tls.o)

.debug_line     0x00000000    0x1de36
 .debug_line    0x00000000       0xc8 build/globals.o
 .debug_line    0x000000c8      0x8c0 build/main.o
 .debug_line    0x00000988      0x2e5 build/i2c-lcd.o
 .debug_line    0x00000c6d      0xac1 build/lora_sx1276.o
 .debug_line    0x0000172e      0x3c3 build/koth_game.o
 .debug_line    0x00001af1      0x1ac build/freertos.o
 .debug_line    0x00001c9d      0x2cd build/stm32f4xx_it.o
 .debug_line    0x00001f6a      0x38c build/stm32f4xx_hal_msp.o
 .debug_line    0x000022f6      0x29f build/stm32f4xx_hal_timebase_tim.o
 .debug_line    0x00002595      0xadd build/stm32f4xx_hal_rcc.o
 .debug_line    0x00003072      0x662 build/stm32f4xx_hal_gpio.o
 .debug_line    0x000036d4      0xdff build/stm32f4xx_hal_dma.o
 .debug_line    0x000044d3      0x74d build/stm32f4xx_hal_cortex.o
 .debug_line    0x00004c20      0x53b build/stm32f4xx_hal.o
 .debug_line    0x0000515b     0x52ae build/stm32f4xx_hal_i2c.o
 .debug_line    0x0000a409     0x24a9 build/stm32f4xx_hal_spi.o
 .debug_line    0x0000c8b2     0x498b build/stm32f4xx_hal_tim.o
 .debug_line    0x0001123d     0x1c33 build/stm32f4xx_hal_tim_ex.o
 .debug_line    0x00012e70      0x226 build/system_stm32f4xx.o
 .debug_line    0x00013096      0x32f build/list.o
 .debug_line    0x000133c5     0x1b68 build/queue.o
 .debug_line    0x00014f2d     0x247c build/tasks.o
 .debug_line    0x000173a9      0xd11 build/timers.o
 .debug_line    0x000180ba     0x12f5 build/cmsis_os.o
 .debug_line    0x000193af      0x6db build/heap_4.o
 .debug_line    0x00019a8a      0x6a5 build/port.o
 .debug_line    0x0001a12f       0x76 build/startup_stm32f401xc.o
 .debug_line    0x0001a1a5      0x15b c:/libraries/gcc/11.2 2022.02/bin/../lib/gcc/arm-none-eabi/11.2.1/thumb/v7e-m+fp/hard\libc_nano.a(lib_a-impure.o)
 .debug_line    0x0001a300      0x17f c:/libraries/gcc/11.2 2022.02/bin/../lib/gcc/arm-none-eabi/11.2.1/thumb/v7e-m+fp/hard\libc_nano.a(lib_a-init.o)
 .debug_line    0x0001a47f      0x191 c:/libraries/gcc/11.2 2022.02/bin/../lib/gcc/arm-none-eabi/11.2.1/thumb/v7e-m+fp/hard\libc_nano.a(lib_a-memcpy-stub.o)
 .debug_line    0x0001a610      0x176 c:/libraries/gcc/11.2 2022.02/bin/../lib/gcc/arm-none-eabi/11.2.1/thumb/v7e-m+fp/hard\libc_nano.a(lib_a-memset.o)
 .debug_line    0x0001a786      0x2a9 c:/libraries/gcc/11.2 2022.02/bin/../lib/gcc/arm-none-eabi/11.2.1/thumb/v7e-m+fp/hard\libc_nano.a(lib_a-sprintf.o)
 .debug_line    0x0001aa2f      0x1b6 c:/libraries/gcc/11.2 2022.02/bin/../lib/gcc/arm-none-eabi/11.2.1/thumb/v7e-m+fp/hard\libc_nano.a(lib_a-strstr.o)
 .debug_line    0x0001abe5      0x470 c:/libraries/gcc/11.2 2022.02/bin/../lib/gcc/arm-none-eabi/11.2.1/thumb/v7e-m+fp/hard\libc_nano.a(lib_a-strtol.o)
 .debug_line    0x0001b055       0x7b c:/libraries/gcc/11.2 2022.02/bin/../lib/gcc/arm-none-eabi/11.2.1/thumb/v7e-m+fp/hard\libc_nano.a(lib_a-ctype_.o)
 .debug_line    0x0001b0d0      0x17d c:/libraries/gcc/11.2 2022.02/bin/../lib/gcc/arm-none-eabi/11.2.1/thumb/v7e-m+fp/hard\libc_nano.a(lib_a-errno.o)
 .debug_line    0x0001b24d      0x864 c:/libraries/gcc/11.2 2022.02/bin/../lib/gcc/arm-none-eabi/11.2.1/thumb/v7e-m+fp/hard\libc_nano.a(lib_a-nano-svfprintf.o)
 .debug_line    0x0001bab1      0x73f c:/libraries/gcc/11.2 2022.02/bin/../lib/gcc/arm-none-eabi/11.2.1/thumb/v7e-m+fp/hard\libc_nano.a(lib_a-nano-vfprintf_i.o)
 .debug_line    0x0001c1f0       0x82 c:/libraries/gcc/11.2 2022.02/bin/../lib/gcc/arm-none-eabi/11.2.1/thumb/v7e-m+fp/hard\libc_nano.a(lib_a-memchr.o)
 .debug_line    0x0001c272      0x1b4 c:/libraries/gcc/11.2 2022.02/bin/../lib/gcc/arm-none-eabi/11.2.1/thumb/v7e-m+fp/hard\libc_nano.a(lib_a-memmove.o)
 .debug_line    0x0001c426      0x30e c:/libraries/gcc/11.2 2022.02/bin/../lib/gcc/arm-none-eabi/11.2.1/thumb/v7e-m+fp/hard\libc_nano.a(lib_a-nano-freer.o)
 .debug_line    0x0001c734      0x496 c:/libraries/gcc/11.2 2022.02/bin/../lib/gcc/arm-none-eabi/11.2.1/thumb/v7e-m+fp/hard\libc_nano.a(lib_a-nano-mallocr.o)
 .debug_line    0x0001cbca      0x25d c:/libraries/gcc/11.2 2022.02/bin/../lib/gcc/arm-none-eabi/11.2.1/thumb/v7e-m+fp/hard\libc_nano.a(lib_a-nano-reallocr.o)
 .debug_line    0x0001ce27      0x214 c:/libraries/gcc/11.2 2022.02/bin/../lib/gcc/arm-none-eabi/11.2.1/thumb/v7e-m+fp/hard\libc_nano.a(lib_a-sbrkr.o)